npm notice
npm notice 📦  @noisefactor/noisemaker-for-cables@0.1.0
npm notice Tarball Contents
npm notice 1.1kB LICENSE
npm notice 154B Ops.Extension.Noisemaker/Ops.Extension.Noisemaker.json
npm notice 4.1MB Ops.Extension.Noisemaker/Ops.Extension.Noisemaker.Program/lib_noisemaker-cablesgl.js
npm notice 50B Ops.Extension.Noisemaker/Ops.Extension.Noisemaker.Program/Ops.Extension.Noisemaker.Program.js
npm notice 3.1kB Ops.Extension.Noisemaker/Ops.Extension.Noisemaker.Program/Ops.Extension.Noisemaker.Program.json
npm notice 1.4kB Ops.Extension.Noisemaker/Ops.Extension.Noisemaker.Program/Ops.Extension.Noisemaker.Program.md
npm notice 2.0kB README.md
npm notice 2.2kB docs/architecture.md
npm notice 1.6kB docs/catalog-update.md
npm notice 4.0kB docs/installation.md
npm notice 3.1kB examples/noisemaker-program.cables
npm notice 1.3kB examples/README.md
npm notice 1.3kB package.json
npm notice 6.1kB parity/catalog-inputs.js
npm notice 2.3kB parity/programs.json
npm notice 50.8kB vendor.lock.json
npm notice Tarball Details
npm notice name: @noisefactor/noisemaker-for-cables
npm notice version: 0.1.0
npm notice filename: noisefactor-noisemaker-for-cables-0.1.0.tgz
npm notice package size: 867.4 kB
npm notice unpacked size: 4.2 MB
npm notice shasum: b9309832186c6b67b9ed9d900e54e1e0a8736e1b
npm notice integrity: sha512-vTnKYGjvdInIU[...]eHYkXhshXrxkw==
npm notice total files: 16
npm notice
noisefactor-noisemaker-for-cables-0.1.0.tgz
