
> @noisefactor/noisemaker-for-cables@0.1.0 test
> node --test test/*.test.js

✔ FLOAT readback stays top-down Float32 without clamping negative or HDR channels (1.850553ms)
✔ FLOAT readback rejects non-finite channels (0.468265ms)
✔ sub-RGBA8 fractional differences invisible in RGBA8 fail native parity and exact copy (0.459486ms)
✔ negative differences invisible in RGBA8 fail native parity and exact copy (0.231493ms)
✔ HDR differences invisible in RGBA8 fail native parity and exact copy (0.237123ms)
✔ concatenation preserves native negative and HDR float channels (0.304584ms)
✔ exact readback comparison uses raw Float32 bits for signed zero and NaN payloads (0.234273ms)
✔ generated effect entry statically imports every locked effect exactly once in ID order (17.277387ms)
✔ engine facade loads the pinned catalog and compiles with the reference Polymorphic compiler (196.816826ms)
✔ pinned core exposes renderer sinks and bounded WebGL2 frame export (1.818714ms)
✔ pinned core supports device-qualified MIDI and audio automation (4.234604ms)
✔ pinned core preserves and evaluates nested automation sources (2.242619ms)
✔ browser bundle is self-contained while preserving caller-requested native fetch (287.536998ms)
✔ browser bundle compiles legacy noiseType with the pinned native warning (52.665683ms)
✔ pinned core and cables runtime compile chained variable alias syntax into valid render graph passes (53.22631ms)
✔ pinned core validates legacy MIDI channels as static integers 1 to 16 (8.151523ms)
✔ pinned core pipeline recreates global surfaces when format changes (2.39353ms)
✔ pinned core Pipeline preserves scoped texture dimensions across setUniform (1.160384ms)
✔ pinned core SinkManager supports shouldDeferRender backpressure lifecycle (0.458746ms)
✔ pinned core Pipeline delegates shouldDeferRender to its sinkManager (0.279564ms)
✔ real backend is a pinned WebGL2Backend subclass and present only records the ID (3.465944ms)
✔ presented texture info includes the reference texture and FBO without mutating it (0.925092ms)
✔ missing presentation and missing presented textures are categorized separately (0.831781ms)
✔ ownership is explicit and replacing owned records uses the superclass destroy path (0.887611ms)
✔ destroy is idempotent, releases owned/default textures once, and preserves CGL handles (0.794351ms)
✔ updateTextureFromSource detaches external/default records before any CPU upload (1.409867ms)
✔ updateTextureFromSource supports borrowed VideoFrame and validates dimensions (0.460526ms)
✔ _uploadMeshTexture detaches external/default records before any CPU upload (0.602228ms)
✔ uploadDataTexture detaches external/default records before any CPU upload (0.484245ms)
✔ uploadCubeFace detaches external/default records before uploading into an owned cubemap (0.992372ms)
✔ all reference allocation paths detach non-owning records and their adapter FBOs first (0.558895ms)
✔ backend destruction retries superclass failure without repeating successful adapter cleanup (0.578837ms)
✔ compileProgram preserves fragment compile errors and releases the compiled vertex shader (1.193925ms)
✔ compileProgram preserves link errors and releases both shaders and the failed program (0.499866ms)
✔ compileProgram keeps a successful reference-shaped program and releases only its shaders (0.445767ms)
✔ compileProgram releases every partial uniform-block buffer when later compilation fails (0.972902ms)
✔ compileProgram still releases uniform-block buffers when failed-program deletion also throws (0.491966ms)
✔ compileProgram merges inner uniform-buffer and outer program cleanup failures in order (0.470795ms)
✔ backend destroy releases successful uniform-block buffers exactly once (0.461685ms)
✔ backend destroy retries only uniform-block buffers whose deletion failed (0.533676ms)
✔ output copier keeps one RGBA16F nearest/clamp CGL texture per size (1.780692ms)
✔ output resize preserves the last-good texture and retries failed retirement without leaks (0.314734ms)
✔ output resize retains a failed replacement cleanup for a later successful resize retry (0.294484ms)
✔ output copier blits exact matching RGBA16F texels between private FBOs (0.559507ms)
✔ output copier categorizes a null destination FBO without binding the default framebuffer (0.287644ms)
✔ output copier rejects an incomplete destination before blit or fallback drawing (0.295725ms)
✔ output copier uses texelFetch fallback when the exact-copy read FBO is incomplete (0.249673ms)
✔ output copier falls back when native blit throws or reports a GL error (0.356555ms)
✔ output copier propagates fallback failure instead of reporting stale success (0.274244ms)
✔ output copier categorizes a native GL error after fallback drawing (0.244474ms)
✔ output copier rejects scaling and falls back to integer texelFetch (0.466677ms)
✔ default output fallback compiles the dedicated texelFetch program and disposes it once (0.938093ms)
✔ default output fallback cleans a compiled vertex shader when fragment compilation fails (0.319654ms)
✔ output copier disposal retries only failed resources and rejects work after disposal starts (0.504897ms)
✔ production fallback disposal retries a failed program delete without repeating successes (0.389336ms)
▶ complete-catalog capability failures are structured, frozen, and preserve issue messages
  ✔ webgl2 (1.889974ms)
  ✔ colorBufferFloat (1.368967ms)
  ✔ floatLinear (0.254854ms)
  ✔ floatBlend (0.415995ms)
  ✔ maxTextureSize (0.224123ms)
  ✔ maxDrawBuffers (0.224812ms)
  ✔ maxTextureUnits (0.206943ms)
  ✔ maxUniformBlockSize (0.215312ms)
  ✔ maxUniformBufferBindings (0.501016ms)
  ✔ cglCacheCompatible (0.568907ms)
✔ complete-catalog capability failures are structured, frozen, and preserve issue messages (8.682009ms)
✔ the exact documented complete-catalog boundary is supported with the public shape intact (0.303864ms)
✔ every locked effect has an explicit valid Polymorphic catalog program (350.865364ms)
✔ qualified scope covers the full catalog with only the compile-only exclusion (7.351643ms)
✔ the committed kit declaration matches the qualified scope exactly (2.638463ms)
✔ pre-delivery rejection: mode "all" is rejected (1.136544ms)
✔ pre-delivery rejection: an unqualified id in the declaration is rejected (1.434088ms)
✔ pre-delivery rejection: an omitted qualified id is rejected (1.56786ms)
✔ pre-delivery rejection: a renamed qualified id fails (identity control) (1.460849ms)
✔ pre-delivery rejection: duplicate ids are rejected (1.610579ms)
✔ the gate CLI accepts the committed declaration (41.517212ms)
✔ concurrent whole-catalog registration calls share one batch promise (4.754448ms)
✔ failed mid-batch registration retries with persistent choices and no repeated successful aliases (12.646709ms)
✔ bootCore registers standard enums and starter ops once per core instance (1.627651ms)
✔ registerEffectInstance registers aliases, op metadata, starters, enums, and aliases once (4.931442ms)
✔ registerEffectInstance instantiates class exports and attaches static shaders (0.409074ms)
✔ finalizeEnums merges accumulated choices once per core and choice object (0.299504ms)
✔ findExternalTextureIds detects every unique graph input ending in _step_N (1.54878ms)
✔ one CGL texture binds its .tex handle and dimensions to every external input (0.509746ms)
✔ disconnect binds transparent default records without deleting the prior host texture (0.325465ms)
✔ rebinding after graph texture recreation replaces every detected record again (0.493617ms)
✔ captureGLState and restoreGLState preserve complete shared WebGL2 state (5.50053ms)
✔ prepareNoisemakerGLState establishes a canonical guest baseline inside an exact host guard (3.019177ms)
✔ captureGLState feature-detects optional texture targets (1.017913ms)
✔ withGLState preserves a synchronous return value and invalidates pinned CGL caches last (0.879901ms)
✔ withGLState restores after synchronous throws (1.372488ms)
✔ withGLState preserves a synchronous callback failure and collects every cleanup failure (0.930281ms)
✔ withGLState reports all cleanup failures after successful sync and async callbacks (1.820793ms)
✔ withGLState preserves asynchronous values and restores on fulfillment or rejection (2.062496ms)
✔ withGLState preserves an asynchronous rejection as primary when cleanup also fails (0.648789ms)
✔ withGLState ends active guest transform feedback before restoring host state (1.576179ms)
✔ withGLState fails closed before the callback when host transform feedback is active (0.459126ms)
✔ withGLState fails closed for unknown CGL cache shapes despite predicate or custom hooks (0.464006ms)
✔ installer forwards the selected capability inspector by identity (2.452282ms)
✔ installer creates the exact native port contract and one visible initial configuration (1.693831ms)
✔ synchronous compile-affecting changes coalesce and non-compile ports wire directly (0.773598ms)
✔ each configuration snapshots the current linked texture before compiling (0.558957ms)
✔ configuration observes input rejection before invoking fallible configure (0.449716ms)
✔ delete prevents configure after a pending input snapshot resolves (0.402695ms)
✔ controller state publishes Texture, Ready, Error, and matching UI errors (0.287084ms)
✔ structured compiler diagnostics from the controller state reach the Error port and UI error (1.122964ms)
✔ Render remains synchronous, handles its promise, publishes before Next, and never throws (1.175905ms)
✔ Canvas Render transactionally resizes once before render and Next while Manual ignores host changes (0.894251ms)
✔ overlapping Canvas resize renders are latest-wins when the obsolete resize settles first (0.572337ms)
✔ a current Canvas resize rejection is terminal without retry, render, Next, or unhandled rejection (6.831837ms)
✔ a handled Canvas resize nonpromotion is terminal without retry, render, or Next (0.719518ms)
▶ disposal during a pending Canvas resize cannot request, render, Next, or leak rejection
  ✔ resolve (1.125734ms)
  ✔ reject (0.665517ms)
✔ disposal during a pending Canvas resize cannot request, render, Next, or leak rejection (2.367021ms)
✔ context lifecycle listeners and onDelete forward safely and clean up exactly once (0.458045ms)
✔ pending render, configure, context, and state continuations become inert after onDelete (0.439925ms)
✔ native wrapper, namespace metadata, op metadata, and docs are distribution-complete (4.056701ms)
✔ private package metadata describes the portable Cables distribution (8.819551ms)
✔ published files are limited to package assets and lock metadata (1.233785ms)
✔ package scripts expose the complete development workflow (2.30358ms)
✔ source facade exposes only the planned bridge APIs (1.180734ms)
✔ README identifies Noisemaker for Cables, its package, and its single-op scope (0.884362ms)
✔ reproducible vendor source is tracked while generated and local-only data is ignored (1.575551ms)
✔ catalog documentation defines the versioned vendor-cache and update-only mutable alias (2.598512ms)
✔ agent process artifact directories are absent and ignored from initial staging (1.983005ms)
✔ legacy noiseType parameter compiles with the pinned reference diagnostic (484.457605ms)
✔ canonical parameters win over legacy aliases while retaining the native warning (141.078544ms)
✔ legacy aliases do not leak into a same-named effect in another namespace (137.302568ms)
✔ every pinned legacy parameter alias matches the independently registered reference (293.396251ms)
✔ every pinned deprecated effect emits the reference deprecation diagnostic (152.381656ms)
✔ full Polymorphic corpus matches the separately instantiated pinned compiler (178.283453ms)
✔ public compiler rejects output surfaces outside o0-o7 in every DSL position (1.409479ms)
✔ mutation introspection excludes builtin pipeline steps (141.061936ms)
✔ diagnostic locations preserve source columns (140.579818ms)
✔ structured DSL lexer diagnostics attach diagnostic metadata to thrown SyntaxError (150.664255ms)
✔ structured DSL parser expectation diagnostics attach diagnostic metadata to thrown SyntaxError (158.991001ms)
✔ parser expectation diagnostics represent unavailable caller-token coordinates explicitly (133.54946ms)
✔ renderLandscape3d filtering modes match the vendored reference compiler and select expected defines (140.621459ms)
✔ structured DSL automation diagnostics attach diagnostic metadata to thrown SyntaxError (142.598984ms)
✔ parser automation diagnostics preserve unavailable caller-token coordinates (134.727845ms)
✔ valid automation invocations retain AST defaults and keys (135.675896ms)
✔ structured DSL search directive diagnostics attach diagnostic metadata to thrown SyntaxError (140.258335ms)
✔ parser search diagnostics preserve unavailable caller-token coordinates (132.299854ms)
✔ valid search directives retain namespace order, keyword namespaces, and compiled indexes (137.384278ms)
✔ structured DSL output validation diagnostics attach diagnostic metadata to thrown SyntaxError (136.653199ms)
✔ parser output diagnostics preserve unavailable caller-token coordinates (134.939467ms)
✔ structured DSL subchain validation diagnostics attach diagnostic metadata to thrown SyntaxError (143.561557ms)
✔ parser subchain diagnostics preserve unavailable caller-token coordinates (136.397046ms)
✔ valid subchains preserve permissive arguments, defaults, body and compiled indexes (148.539918ms)
✔ subchain syntax preserves shared expectation diagnostic precedence (139.806228ms)
✔ structured DSL call form diagnostics attach diagnostic metadata to thrown SyntaxError (144.932884ms)
✔ parser call form diagnostics preserve unavailable caller-token coordinates (147.892512ms)
✔ structured DSL remaining expectation diagnostics attach diagnostic metadata to thrown SyntaxError (145.914027ms)
✔ parser remaining expectation diagnostics preserve unavailable caller-token coordinates (142.434901ms)
✔ number coercion diagnostics represent unavailable locations explicitly and preserve available locations (140.076691ms)
✔ valid call forms retain from override namespaces and mixed automation arguments (156.53863ms)
✔ GAP-027: subchain argument validation contract exposes P008, P009, P010 diagnostics in permissive mode (134.580494ms)
✔ upstream texture-policy fields (mipmaps/persistent/3D filter) propagate from effect definitions into compiled texture specs (134.266129ms)
✔ GAP-027: strict opt-in mode rejects subchain argument violations with SyntaxError (135.643497ms)
✔ parser diagnostic source coordinates survive scanner drift (133.588401ms)
✔ caller tokens lacking position attributes preserve null spans in subchain reporting (135.89449ms)
✔ initial configure preserves DSL bytes and separates CPU compilation from short guarded GPU phases (5.980896ms)
✔ only the newest asynchronous generation promotes and stale initialized candidates dispose guarded (7.699427ms)
✔ a backend returned after generation supersession is destroyed guarded (1.096325ms)
✔ a backend returned after controller disposal is destroyed and remains retryable (1.140023ms)
✔ a backend rejected by Pipeline construction is destroyed guarded (0.534346ms)
✔ a failed edit retains the last-good pipeline and stable output texture (0.539357ms)
✔ compiler diagnostics reach the visible error and stay attached without dropping the last-good pipeline (0.868112ms)
✔ lexer and parser diagnostic metadata renders code and location when message exists (0.428325ms)
✔ promotion assigns the new candidate before old disposal and keeps same-size output identity (0.87653ms)
✔ configure coalesces DSL and size into one generation and clamps manual/canvas dimensions (1.430267ms)
✔ render jobs serialize normalized times, clear stale presentation, and publish after copying (0.948511ms)
✔ media replacement and disconnect rebind without deleting any host texture (0.520946ms)
✔ reset rebuilds stateful resources without replacing a same-size output object (0.616398ms)
✔ context loss performs no GL work and restoration rebuilds last-good DSL before an invalid desired edit (1.064223ms)
✔ external input states persist across active, in-flight, and restored pipelines (5.287537ms)
✔ restoration rebuilds last-good state and then replays the newest DSL edited while context-lost (0.648908ms)
✔ render failure preserves the last successful output and rebuilds before accepting another frame (0.548547ms)
✔ render recovery waits for a newer pending desired edit instead of staling it (1.449498ms)
✔ delayed async effect texture uploads re-enter the FIFO guard for the current context epoch (0.83677ms)
✔ a backend that performs GPU work after returning its promise is detected as an initialization error (0.860072ms)
▶ every shared complete-catalog failure stops before backend creation, init, or shader compile
  ✔ webgl2 (0.415365ms)
  ✔ colorBufferFloat (0.197903ms)
  ✔ floatLinear (0.323694ms)
  ✔ floatBlend (0.184963ms)
  ✔ maxTextureSize (0.271012ms)
  ✔ maxDrawBuffers (0.160413ms)
  ✔ maxTextureUnits (0.174102ms)
  ✔ maxUniformBlockSize (0.171762ms)
  ✔ maxUniformBufferBindings (0.165782ms)
  ✔ cglCacheCompatible (0.288264ms)
✔ every shared complete-catalog failure stops before backend creation, init, or shader compile (3.766398ms)
✔ shared capability preflight reruns after context restoration before touching a new backend (0.534977ms)
✔ graph uniform-block overflow uses the shared public capability identity before shader execution (0.535036ms)
▶ all graph-specific defenses retain shared public capability identities
  ✔ maxDrawBuffers (0.422435ms)
  ✔ maxTextureUnits (1.279017ms)
  ✔ floatBlend (0.260054ms)
  ✔ maxUniformBufferBindings (0.227893ms)
✔ all graph-specific defenses retain shared public capability identities (2.718784ms)
✔ dispose is idempotent and all later controller methods become no-op stable results (0.388045ms)
✔ dispose releases an initialized candidate even while its init promise is pending (5.200346ms)
✔ stale candidate cleanup failures are surfaced, retained, and retried on final disposal (0.76872ms)
✔ failed replaced-candidate cleanup remains retryable after the new candidate is active (0.558908ms)
✔ final dispose retries only candidate and output resources whose cleanup failed (0.468496ms)
✔ final dispose retries a retained backend after terminal core Pipeline disposal fails (22.30041ms)
✔ state callbacks run outside guards and rejected callback promises never poison controller work (0.428805ms)
✔ every pipeline disposal clears pending async debounce timers before they can fire (70.043161ms)
✔ the active last-good candidate may finish delayed uploads during a pending edit (0.820931ms)
✔ delayed uploads from a stale unpromoted generation never enter the GL guard (0.603117ms)
✔ an output resize failure retains the complete last-good transaction (0.503956ms)
✔ concurrent compile and load paths share one lazy bootstrap (1.614732ms)
✔ failed lazy bootstrap is handled immediately and a later call retries (7.740838ms)
✔ temporary Standalone cleanup requests bounded recursive ENOTEMPTY retries (2.184447ms)
✔ temporary Standalone cleanup propagates a persistent failure after Node exhausts retries (0.658348ms)
✔ Standalone finally cleanup remains browser close then child stop then retried temp removal (4.844901ms)
✔ attests the resolved Cables Standalone 0.11.0 app identity (3.053098ms)
✔ rejects a missing Cables Standalone app.asar file (0.747589ms)
✔ rejects a missing app.asar integrity record (0.427376ms)
▶ rejects malformed app.asar integrity algorithms and hashes
  ✔ algorithm (0.366224ms)
  ✔ hash (0.325324ms)
✔ rejects malformed app.asar integrity algorithms and hashes (1.177024ms)
✔ rejects an app.asar whose independently computed hash mismatches the plist (0.419036ms)
✔ streams and hashes the exact framed ASAR JSON header bytes (3.719406ms)
▶ rejects malformed, truncated, or invalid ASAR header framing
  ✔ outer pickle (0.375484ms)
  ✔ inner pickle bounds (0.398825ms)
  ✔ truncated file (0.236592ms)
  ✔ truncated stream (0.724388ms)
  ✔ invalid JSON shape (0.818681ms)
✔ rejects malformed, truncated, or invalid ASAR header framing (3.232991ms)
✔ rejects a Cables Standalone version other than 0.11.0 (0.244063ms)
✔ rejects a missing Cables Standalone build version (0.223842ms)
✔ rejects a bundle executable that does not match the resolved executable (0.342494ms)
✔ rejects a non-Cables bundle identifier (0.274184ms)
✔ rejects a non-Cables bundle product name (0.285804ms)
✔ rejects a Linux bundle whose desktop entry is missing (10.158109ms)
✔ rejects a Linux bundle whose desktop entry omits the AppImage version (0.541827ms)
✔ rejects a Linux bundle with an unsupported AppImage version (0.257343ms)
✔ rejects a Linux bundle whose desktop entry name is not Cables (0.236113ms)
✔ attests the resolved Linux AppImage bundle identity without an embedded asar expectation (0.248113ms)
✔ attests the Linux AppImage happy path through inspectCablesStandalone (0.422675ms)
✔ rejects a Linux app.asar whose header hash is malformed (0.248123ms)
✔ rejects a Linux app.asar with invalid header framing (0.254263ms)
✔ rejects a Windows executable instead of misreading it as a Linux AppImage (0.178553ms)
✔ reads XML or binary app plists through plutil JSON conversion (3.28058ms)
✔ streams executable bytes into a canonical SHA-256 digest (0.547227ms)
✔ standalone smoke attests identity before temp creation or spawn and reports it (7.117969ms)
✔ npm archive is the exact self-contained Cables Standalone distribution (644.856313ms)
✔ documented media DSL compiles with the pinned full Polymorphic catalog (200.693356ms)
✔ waits for child exit after escalating from SIGTERM to SIGKILL (1.767803ms)
✔ sha256 returns canonical lowercase hexadecimal (1.694001ms)
✔ effect artifact paths cannot escape the cache root (0.686608ms)
✔ manifest duplicate detection runs before ordinary JSON parsing (0.537857ms)
✔ update writes deterministic metadata and bytes for the complete manifest (92.98209ms)
✔ update rejects a symlinked cache root without touching its target (12.389195ms)
✔ update rejects a symlinked cache descendant without touching its target (15.460955ms)
✔ verify rejects a symlinked cache root (22.380131ms)
✔ verify rejects a symlinked cache descendant (17.464599ms)
✔ verify rejects an artifact path that escapes the cache root (20.68323ms)
✔ verify rejects a modified byte even when the size is unchanged (19.07463ms)
✔ verify rejects a missing artifact file (33.199568ms)
✔ verify rejects duplicate manifest IDs even when the lock digest matches (27.800449ms)
✔ verify rejects a manifest effect with no locked bundle (21.48555ms)
✔ verify rejects a locked bundle absent from the manifest (37.165238ms)
✔ verify rejects a registration count that differs from the manifest (33.306859ms)
✔ checked-in lock pins the complete 210-effect catalog (279.71414ms)
ℹ tests 265
ℹ suites 0
ℹ pass 265
ℹ fail 0
ℹ cancelled 0
ℹ skipped 0
ℹ todo 0
ℹ duration_ms 9787.589671
