
> @noisefactor/noisemaker-for-cables@0.1.0 test
> node --test test/*.test.js

✔ FLOAT readback stays top-down Float32 without clamping negative or HDR channels (2.091749ms)
✔ FLOAT readback rejects non-finite channels (0.507211ms)
✔ sub-RGBA8 fractional differences invisible in RGBA8 fail native parity and exact copy (0.562323ms)
✔ negative differences invisible in RGBA8 fail native parity and exact copy (0.219805ms)
✔ HDR differences invisible in RGBA8 fail native parity and exact copy (0.290906ms)
✔ concatenation preserves native negative and HDR float channels (0.537973ms)
✔ exact readback comparison uses raw Float32 bits for signed zero and NaN payloads (0.317507ms)
✔ generated effect entry statically imports every locked effect exactly once in ID order (14.129723ms)
✔ engine facade loads the pinned catalog and compiles with the reference Polymorphic compiler (215.813699ms)
✔ pinned core exposes renderer sinks and bounded WebGL2 frame export (2.641241ms)
✔ pinned core supports device-qualified MIDI and audio automation (5.410658ms)
✔ pinned core preserves and evaluates nested automation sources (2.94401ms)
✔ browser bundle is self-contained while preserving caller-requested native fetch (314.465864ms)
✔ browser bundle compiles legacy noiseType with the pinned native warning (59.865572ms)
✔ pinned core and cables runtime compile chained variable alias syntax into valid render graph passes (67.194765ms)
✔ pinned core validates legacy MIDI channels as static integers 1 to 16 (10.601289ms)
✔ pinned core pipeline recreates global surfaces when format changes (3.520854ms)
✔ pinned core Pipeline preserves scoped texture dimensions across setUniform (1.483895ms)
✔ pinned core SinkManager supports shouldDeferRender backpressure lifecycle (0.616754ms)
✔ pinned core Pipeline delegates shouldDeferRender to its sinkManager (0.525663ms)
✔ real backend is a pinned WebGL2Backend subclass and present only records the ID (2.902639ms)
✔ presented texture info includes the reference texture and FBO without mutating it (0.694716ms)
✔ missing presentation and missing presented textures are categorized separately (0.645734ms)
✔ ownership is explicit and replacing owned records uses the superclass destroy path (0.829848ms)
✔ destroy is idempotent, releases owned/default textures once, and preserves CGL handles (0.640576ms)
✔ updateTextureFromSource detaches external/default records before any CPU upload (0.988104ms)
✔ updateTextureFromSource supports borrowed VideoFrame and validates dimensions (0.518263ms)
✔ _uploadMeshTexture detaches external/default records before any CPU upload (0.545483ms)
✔ uploadDataTexture detaches external/default records before any CPU upload (0.523273ms)
✔ uploadCubeFace detaches external/default records before uploading into an owned cubemap (1.061005ms)
✔ all reference allocation paths detach non-owning records and their adapter FBOs first (0.560524ms)
✔ backend destruction retries superclass failure without repeating successful adapter cleanup (4.092887ms)
✔ compileProgram preserves fragment compile errors and releases the compiled vertex shader (1.200639ms)
✔ compileProgram preserves link errors and releases both shaders and the failed program (0.702486ms)
✔ compileProgram keeps a successful reference-shaped program and releases only its shaders (0.826439ms)
✔ compileProgram releases every partial uniform-block buffer when later compilation fails (1.003223ms)
✔ compileProgram still releases uniform-block buffers when failed-program deletion also throws (0.593964ms)
✔ compileProgram merges inner uniform-buffer and outer program cleanup failures in order (0.515622ms)
✔ backend destroy releases successful uniform-block buffers exactly once (0.691267ms)
✔ backend destroy retries only uniform-block buffers whose deletion failed (1.936056ms)
✔ output copier keeps one RGBA16F nearest/clamp CGL texture per size (0.631225ms)
✔ output resize preserves the last-good texture and retries failed retirement without leaks (0.514803ms)
✔ output resize retains a failed replacement cleanup for a later successful resize retry (0.338667ms)
✔ output copier blits exact matching RGBA16F texels between private FBOs (0.530803ms)
✔ output copier categorizes a null destination FBO without binding the default framebuffer (0.355088ms)
✔ output copier rejects an incomplete destination before blit or fallback drawing (0.565294ms)
✔ output copier uses texelFetch fallback when the exact-copy read FBO is incomplete (0.268686ms)
✔ output copier falls back when native blit throws or reports a GL error (0.546794ms)
✔ output copier propagates fallback failure instead of reporting stale success (0.239796ms)
✔ output copier categorizes a native GL error after fallback drawing (0.313227ms)
✔ output copier rejects scaling and falls back to integer texelFetch (0.484552ms)
✔ default output fallback compiles the dedicated texelFetch program and disposes it once (1.064975ms)
✔ default output fallback cleans a compiled vertex shader when fragment compilation fails (0.292337ms)
✔ output copier disposal retries only failed resources and rejects work after disposal starts (0.681667ms)
✔ production fallback disposal retries a failed program delete without repeating successes (0.42295ms)
▶ complete-catalog capability failures are structured, frozen, and preserve issue messages
  ✔ webgl2 (2.171821ms)
  ✔ colorBufferFloat (1.160477ms)
  ✔ floatLinear (0.204385ms)
  ✔ floatBlend (0.254636ms)
  ✔ maxTextureSize (0.234306ms)
  ✔ maxDrawBuffers (0.215835ms)
  ✔ maxTextureUnits (0.210954ms)
  ✔ maxUniformBlockSize (0.202725ms)
  ✔ maxUniformBufferBindings (0.271996ms)
  ✔ cglCacheCompatible (0.719057ms)
✔ complete-catalog capability failures are structured, frozen, and preserve issue messages (8.803338ms)
✔ the exact documented complete-catalog boundary is supported with the public shape intact (0.295078ms)
✔ every locked effect has an explicit valid Polymorphic catalog program (411.421ms)
✔ qualified scope covers the full catalog with only the compile-only exclusion (8.236864ms)
✔ the committed kit declaration matches the qualified scope exactly (2.677713ms)
✔ pre-delivery rejection: mode "all" is rejected (0.999063ms)
✔ pre-delivery rejection: an unqualified id in the declaration is rejected (1.451354ms)
✔ pre-delivery rejection: an omitted qualified id is rejected (1.677ms)
✔ pre-delivery rejection: a renamed qualified id fails (identity control) (1.461665ms)
✔ pre-delivery rejection: duplicate ids are rejected (1.503805ms)
✔ the gate CLI accepts the committed declaration (45.696218ms)
✔ concurrent whole-catalog registration calls share one batch promise (2.034088ms)
✔ failed mid-batch registration retries with persistent choices and no repeated successful aliases (7.141969ms)
✔ bootCore registers standard enums and starter ops once per core instance (2.377217ms)
✔ registerEffectInstance registers aliases, op metadata, starters, enums, and aliases once (6.172145ms)
✔ registerEffectInstance instantiates class exports and attaches static shaders (0.389779ms)
✔ finalizeEnums merges accumulated choices once per core and choice object (0.324397ms)
✔ findExternalTextureIds detects every unique graph input ending in _step_N (1.918456ms)
✔ one CGL texture binds its .tex handle and dimensions to every external input (0.660045ms)
✔ disconnect binds transparent default records without deleting the prior host texture (0.613435ms)
✔ rebinding after graph texture recreation replaces every detected record again (1.602479ms)
✔ captureGLState and restoreGLState preserve complete shared WebGL2 state (6.563414ms)
✔ prepareNoisemakerGLState establishes a canonical guest baseline inside an exact host guard (3.527372ms)
✔ captureGLState feature-detects optional texture targets (1.050905ms)
✔ withGLState preserves a synchronous return value and invalidates pinned CGL caches last (1.038164ms)
✔ withGLState restores after synchronous throws (1.638388ms)
✔ withGLState preserves a synchronous callback failure and collects every cleanup failure (1.279141ms)
✔ withGLState reports all cleanup failures after successful sync and async callbacks (2.036208ms)
✔ withGLState preserves asynchronous values and restores on fulfillment or rejection (2.241513ms)
✔ withGLState preserves an asynchronous rejection as primary when cleanup also fails (0.693126ms)
✔ withGLState ends active guest transform feedback before restoring host state (1.013144ms)
✔ withGLState fails closed before the callback when host transform feedback is active (0.533613ms)
✔ withGLState fails closed for unknown CGL cache shapes despite predicate or custom hooks (0.608514ms)
✔ installer forwards the selected capability inspector by identity (2.924159ms)
✔ installer creates the exact native port contract and one visible initial configuration (2.292515ms)
✔ synchronous compile-affecting changes coalesce and non-compile ports wire directly (0.929862ms)
✔ each configuration snapshots the current linked texture before compiling (0.776997ms)
✔ configuration observes input rejection before invoking fallible configure (0.610255ms)
✔ delete prevents configure after a pending input snapshot resolves (0.439621ms)
✔ controller state publishes Texture, Ready, Error, and matching UI errors (0.366309ms)
✔ structured compiler diagnostics from the controller state reach the Error port and UI error (1.730621ms)
✔ Render remains synchronous, handles its promise, publishes before Next, and never throws (1.720821ms)
✔ Canvas Render transactionally resizes once before render and Next while Manual ignores host changes (1.220909ms)
✔ overlapping Canvas resize renders are latest-wins when the obsolete resize settles first (0.747418ms)
✔ a current Canvas resize rejection is terminal without retry, render, Next, or unhandled rejection (7.277921ms)
✔ a handled Canvas resize nonpromotion is terminal without retry, render, or Next (0.619505ms)
▶ disposal during a pending Canvas resize cannot request, render, Next, or leak rejection
  ✔ resolve (1.292181ms)
  ✔ reject (0.82795ms)
✔ disposal during a pending Canvas resize cannot request, render, Next, or leak rejection (2.854578ms)
✔ context lifecycle listeners and onDelete forward safely and clean up exactly once (0.471121ms)
✔ pending render, configure, context, and state continuations become inert after onDelete (0.483602ms)
✔ native wrapper, namespace metadata, op metadata, and docs are distribution-complete (5.232634ms)
✔ private package metadata describes the portable Cables distribution (11.832579ms)
✔ published files are limited to package assets and lock metadata (1.65627ms)
✔ package scripts expose the complete development workflow (2.764465ms)
✔ source facade exposes only the planned bridge APIs (1.121737ms)
✔ README identifies Noisemaker for Cables, its package, and its single-op scope (1.336932ms)
✔ reproducible vendor source is tracked while generated and local-only data is ignored (1.415533ms)
✔ catalog documentation defines the versioned vendor-cache and update-only mutable alias (1.823683ms)
✔ agent process artifact directories are absent and ignored from initial staging (1.782502ms)
✔ legacy noiseType parameter compiles with the pinned reference diagnostic (542.287947ms)
✔ canonical parameters win over legacy aliases while retaining the native warning (132.786131ms)
✔ legacy aliases do not leak into a same-named effect in another namespace (131.50423ms)
✔ every pinned legacy parameter alias matches the independently registered reference (293.04814ms)
✔ every pinned deprecated effect emits the reference deprecation diagnostic (157.023493ms)
✔ full Polymorphic corpus matches the separately instantiated pinned compiler (160.34794ms)
✔ public compiler rejects output surfaces outside o0-o7 in every DSL position (1.859634ms)
✔ mutation introspection excludes builtin pipeline steps (119.131149ms)
✔ diagnostic locations preserve source columns (120.062611ms)
✔ structured DSL lexer diagnostics attach diagnostic metadata to thrown SyntaxError (153.596431ms)
✔ structured DSL parser expectation diagnostics attach diagnostic metadata to thrown SyntaxError (122.335956ms)
✔ parser expectation diagnostics represent unavailable caller-token coordinates explicitly (116.780883ms)
✔ renderLandscape3d filtering modes match the vendored reference compiler and select expected defines (121.672798ms)
✔ structured DSL automation diagnostics attach diagnostic metadata to thrown SyntaxError (120.984403ms)
✔ parser automation diagnostics preserve unavailable caller-token coordinates (119.948798ms)
✔ valid automation invocations retain AST defaults and keys (118.310691ms)
✔ structured DSL search directive diagnostics attach diagnostic metadata to thrown SyntaxError (117.673245ms)
✔ parser search diagnostics preserve unavailable caller-token coordinates (117.05182ms)
✔ valid search directives retain namespace order, keyword namespaces, and compiled indexes (116.967628ms)
✔ structured DSL output validation diagnostics attach diagnostic metadata to thrown SyntaxError (114.636963ms)
✔ parser output diagnostics preserve unavailable caller-token coordinates (115.094354ms)
✔ structured DSL subchain validation diagnostics attach diagnostic metadata to thrown SyntaxError (111.167152ms)
✔ parser subchain diagnostics preserve unavailable caller-token coordinates (122.383435ms)
✔ valid subchains preserve permissive arguments, defaults, body and compiled indexes (115.81991ms)
✔ subchain syntax preserves shared expectation diagnostic precedence (117.127332ms)
✔ structured DSL call form diagnostics attach diagnostic metadata to thrown SyntaxError (117.90202ms)
✔ parser call form diagnostics preserve unavailable caller-token coordinates (119.923328ms)
✔ structured DSL remaining expectation diagnostics attach diagnostic metadata to thrown SyntaxError (118.873812ms)
✔ parser remaining expectation diagnostics preserve unavailable caller-token coordinates (118.81971ms)
✔ number coercion diagnostics represent unavailable locations explicitly and preserve available locations (125.659724ms)
✔ valid call forms retain from override namespaces and mixed automation arguments (120.262566ms)
✔ GAP-027: subchain argument validation contract exposes P008, P009, P010 diagnostics in permissive mode (123.560653ms)
✔ upstream texture-policy fields (mipmaps/persistent/3D filter) propagate from effect definitions into compiled texture specs (119.073727ms)
✔ GAP-027: strict opt-in mode rejects subchain argument violations with SyntaxError (119.309893ms)
✔ parser diagnostic source coordinates survive scanner drift (123.692367ms)
✔ caller tokens lacking position attributes preserve null spans in subchain reporting (120.066821ms)
✔ initial configure preserves DSL bytes and separates CPU compilation from short guarded GPU phases (7.702591ms)
✔ only the newest asynchronous generation promotes and stale initialized candidates dispose guarded (7.569159ms)
✔ a backend returned after generation supersession is destroyed guarded (1.027495ms)
✔ a backend returned after controller disposal is destroyed and remains retryable (1.374002ms)
✔ a backend rejected by Pipeline construction is destroyed guarded (0.574084ms)
✔ a failed edit retains the last-good pipeline and stable output texture (0.622535ms)
✔ compiler diagnostics reach the visible error and stay attached without dropping the last-good pipeline (1.140247ms)
✔ lexer and parser diagnostic metadata renders code and location when message exists (0.543933ms)
✔ promotion assigns the new candidate before old disposal and keeps same-size output identity (1.044235ms)
✔ configure coalesces DSL and size into one generation and clamps manual/canvas dimensions (1.398113ms)
✔ render jobs serialize normalized times, clear stale presentation, and publish after copying (1.042685ms)
✔ media replacement and disconnect rebind without deleting any host texture (0.818009ms)
✔ reset rebuilds stateful resources without replacing a same-size output object (0.538182ms)
✔ context loss performs no GL work and restoration rebuilds last-good DSL before an invalid desired edit (0.987313ms)
✔ external input states persist across active, in-flight, and restored pipelines (5.703305ms)
✔ restoration rebuilds last-good state and then replays the newest DSL edited while context-lost (0.83201ms)
✔ render failure preserves the last successful output and rebuilds before accepting another frame (0.567113ms)
✔ render recovery waits for a newer pending desired edit instead of staling it (2.149982ms)
✔ delayed async effect texture uploads re-enter the FIFO guard for the current context epoch (1.179998ms)
✔ a backend that performs GPU work after returning its promise is detected as an initialization error (1.122136ms)
▶ every shared complete-catalog failure stops before backend creation, init, or shader compile
  ✔ webgl2 (0.679325ms)
  ✔ colorBufferFloat (0.213025ms)
  ✔ floatLinear (0.167873ms)
  ✔ floatBlend (0.208085ms)
  ✔ maxTextureSize (0.313778ms)
  ✔ maxDrawBuffers (0.180334ms)
  ✔ maxTextureUnits (0.193154ms)
  ✔ maxUniformBlockSize (0.203376ms)
  ✔ maxUniformBufferBindings (0.190324ms)
  ✔ cglCacheCompatible (0.38364ms)
✔ every shared complete-catalog failure stops before backend creation, init, or shader compile (4.63278ms)
✔ shared capability preflight reruns after context restoration before touching a new backend (0.905581ms)
✔ graph uniform-block overflow uses the shared public capability identity before shader execution (0.632254ms)
▶ all graph-specific defenses retain shared public capability identities
  ✔ maxDrawBuffers (0.690326ms)
  ✔ maxTextureUnits (1.524827ms)
  ✔ floatBlend (0.247435ms)
  ✔ maxUniformBufferBindings (0.298917ms)
✔ all graph-specific defenses retain shared public capability identities (3.331889ms)
✔ dispose is idempotent and all later controller methods become no-op stable results (0.608604ms)
✔ dispose releases an initialized candidate even while its init promise is pending (6.7666ms)
✔ stale candidate cleanup failures are surfaced, retained, and retried on final disposal (2.579901ms)
✔ failed replaced-candidate cleanup remains retryable after the new candidate is active (0.858471ms)
✔ final dispose retries only candidate and output resources whose cleanup failed (0.695396ms)
✔ final dispose retries a retained backend after terminal core Pipeline disposal fails (24.881446ms)
✔ state callbacks run outside guards and rejected callback promises never poison controller work (0.420111ms)
✔ every pipeline disposal clears pending async debounce timers before they can fire (71.276031ms)
✔ the active last-good candidate may finish delayed uploads during a pending edit (1.219038ms)
✔ delayed uploads from a stale unpromoted generation never enter the GL guard (0.838639ms)
✔ an output resize failure retains the complete last-good transaction (0.521823ms)
✔ concurrent compile and load paths share one lazy bootstrap (1.987877ms)
✔ failed lazy bootstrap is handled immediately and a later call retries (5.270894ms)
✔ temporary Standalone cleanup requests bounded recursive ENOTEMPTY retries (2.938308ms)
✔ temporary Standalone cleanup propagates a persistent failure after Node exhausts retries (1.048415ms)
✔ Standalone finally cleanup remains browser close then child stop then retried temp removal (5.735465ms)
✔ attests the resolved Cables Standalone 0.11.0 app identity (3.584394ms)
✔ rejects a missing Cables Standalone app.asar file (0.963203ms)
✔ rejects a missing app.asar integrity record (0.41916ms)
▶ rejects malformed app.asar integrity algorithms and hashes
  ✔ algorithm (0.415179ms)
  ✔ hash (0.568524ms)
✔ rejects malformed app.asar integrity algorithms and hashes (1.503956ms)
✔ rejects an app.asar whose independently computed hash mismatches the plist (0.525372ms)
✔ streams and hashes the exact framed ASAR JSON header bytes (5.438929ms)
▶ rejects malformed, truncated, or invalid ASAR header framing
  ✔ outer pickle (0.496452ms)
  ✔ inner pickle bounds (0.643534ms)
  ✔ truncated file (0.289247ms)
  ✔ truncated stream (0.8376ms)
  ✔ invalid JSON shape (0.998104ms)
✔ rejects malformed, truncated, or invalid ASAR header framing (4.073316ms)
✔ rejects a Cables Standalone version other than 0.11.0 (0.375309ms)
✔ rejects a missing Cables Standalone build version (0.321007ms)
✔ rejects a bundle executable that does not match the resolved executable (0.45253ms)
✔ rejects a non-Cables bundle identifier (0.334949ms)
✔ rejects a non-Cables bundle product name (0.395439ms)
✔ rejects a Linux bundle whose desktop entry is missing (14.346519ms)
✔ rejects a Linux bundle whose desktop entry omits the AppImage version (0.622244ms)
✔ rejects a Linux bundle with an unsupported AppImage version (0.333348ms)
✔ rejects a Linux bundle whose desktop entry name is not Cables (0.312177ms)
✔ attests the resolved Linux AppImage bundle identity without an embedded asar expectation (0.390869ms)
✔ attests the Linux AppImage happy path through inspectCablesStandalone (0.516113ms)
✔ rejects a Linux app.asar whose header hash is malformed (0.276247ms)
✔ rejects a Linux app.asar with invalid header framing (0.373109ms)
✔ rejects a Windows executable instead of misreading it as a Linux AppImage (0.215965ms)
✔ reads XML or binary app plists through plutil JSON conversion (0.340008ms)
✔ streams executable bytes into a canonical SHA-256 digest (0.725578ms)
✔ standalone smoke attests identity before temp creation or spawn and reports it (6.044112ms)
✔ npm archive is the exact self-contained Cables Standalone distribution (727.133735ms)
✔ documented media DSL compiles with the pinned full Polymorphic catalog (228.346304ms)
✔ waits for child exit after escalating from SIGTERM to SIGKILL (1.923476ms)
✔ sha256 returns canonical lowercase hexadecimal (2.50262ms)
✔ effect artifact paths cannot escape the cache root (0.768708ms)
✔ manifest duplicate detection runs before ordinary JSON parsing (0.864391ms)
✔ update writes deterministic metadata and bytes for the complete manifest (91.811355ms)
✔ update rejects a symlinked cache root without touching its target (16.425598ms)
✔ update rejects a symlinked cache descendant without touching its target (12.894954ms)
✔ verify rejects a symlinked cache root (25.83943ms)
✔ verify rejects a symlinked cache descendant (22.003049ms)
✔ verify rejects an artifact path that escapes the cache root (24.593589ms)
✔ verify rejects a modified byte even when the size is unchanged (24.221832ms)
✔ verify rejects a missing artifact file (26.286029ms)
✔ verify rejects duplicate manifest IDs even when the lock digest matches (29.404083ms)
✔ verify rejects a manifest effect with no locked bundle (21.385794ms)
✔ verify rejects a locked bundle absent from the manifest (35.811064ms)
✔ verify rejects a registration count that differs from the manifest (28.040861ms)
✔ checked-in lock pins the complete 210-effect catalog (296.662235ms)
ℹ tests 265
ℹ suites 0
ℹ pass 265
ℹ fail 0
ℹ cancelled 0
ℹ skipped 0
ℹ todo 0
ℹ duration_ms 9669.501453
