
> @noisefactor/noisemaker-for-cables@0.1.0 test
> node --test test/*.test.js

✔ FLOAT readback stays top-down Float32 without clamping negative or HDR channels (2.085257ms)
✔ FLOAT readback rejects non-finite channels (0.456029ms)
✔ sub-RGBA8 fractional differences invisible in RGBA8 fail native parity and exact copy (0.476078ms)
✔ negative differences invisible in RGBA8 fail native parity and exact copy (0.205533ms)
✔ HDR differences invisible in RGBA8 fail native parity and exact copy (0.222255ms)
✔ concatenation preserves native negative and HDR float channels (0.273905ms)
✔ exact readback comparison uses raw Float32 bits for signed zero and NaN payloads (0.287796ms)
✔ generated effect entry statically imports every locked effect exactly once in ID order (17.140713ms)
✔ engine facade loads the pinned catalog and compiles with the reference Polymorphic compiler (192.552289ms)
✔ pinned core exposes renderer sinks and bounded WebGL2 frame export (1.71827ms)
✔ pinned core supports device-qualified MIDI and audio automation (4.122873ms)
✔ pinned core preserves and evaluates nested automation sources (2.2238ms)
✔ browser bundle is self-contained while preserving caller-requested native fetch (274.317279ms)
✔ browser bundle compiles legacy noiseType with the pinned native warning (49.3736ms)
✔ pinned core and cables runtime compile chained variable alias syntax into valid render graph passes (53.889888ms)
✔ pinned core validates legacy MIDI channels as static integers 1 to 16 (7.072474ms)
✔ pinned core pipeline recreates global surfaces when format changes (2.349301ms)
✔ pinned core Pipeline preserves scoped texture dimensions across setUniform (1.044187ms)
✔ pinned core SinkManager supports shouldDeferRender backpressure lifecycle (0.439839ms)
✔ pinned core Pipeline delegates shouldDeferRender to its sinkManager (0.303947ms)
✔ real backend is a pinned WebGL2Backend subclass and present only records the ID (2.978593ms)
✔ presented texture info includes the reference texture and FBO without mutating it (0.750683ms)
✔ missing presentation and missing presented textures are categorized separately (0.690222ms)
✔ ownership is explicit and replacing owned records uses the superclass destroy path (0.794145ms)
✔ destroy is idempotent, releases owned/default textures once, and preserves CGL handles (0.803244ms)
✔ updateTextureFromSource detaches external/default records before any CPU upload (1.058729ms)
✔ updateTextureFromSource supports borrowed VideoFrame and validates dimensions (0.53692ms)
✔ _uploadMeshTexture detaches external/default records before any CPU upload (0.59185ms)
✔ uploadDataTexture detaches external/default records before any CPU upload (0.719723ms)
✔ uploadCubeFace detaches external/default records before uploading into an owned cubemap (1.10776ms)
✔ all reference allocation paths detach non-owning records and their adapter FBOs first (0.54011ms)
✔ backend destruction retries superclass failure without repeating successful adapter cleanup (0.6729ms)
✔ compileProgram preserves fragment compile errors and releases the compiled vertex shader (1.122129ms)
✔ compileProgram preserves link errors and releases both shaders and the failed program (0.530559ms)
✔ compileProgram keeps a successful reference-shaped program and releases only its shaders (0.640102ms)
✔ compileProgram releases every partial uniform-block buffer when later compilation fails (0.982367ms)
✔ compileProgram still releases uniform-block buffers when failed-program deletion also throws (0.529779ms)
✔ compileProgram merges inner uniform-buffer and outer program cleanup failures in order (0.467228ms)
✔ backend destroy releases successful uniform-block buffers exactly once (0.60145ms)
✔ backend destroy retries only uniform-block buffers whose deletion failed (2.149638ms)
✔ output copier keeps one RGBA16F nearest/clamp CGL texture per size (0.728933ms)
✔ output resize preserves the last-good texture and retries failed retirement without leaks (0.336446ms)
✔ output resize retains a failed replacement cleanup for a later successful resize retry (0.369957ms)
✔ output copier blits exact matching RGBA16F texels between private FBOs (0.59963ms)
✔ output copier categorizes a null destination FBO without binding the default framebuffer (0.361576ms)
✔ output copier rejects an incomplete destination before blit or fallback drawing (0.337075ms)
✔ output copier uses texelFetch fallback when the exact-copy read FBO is incomplete (0.275176ms)
✔ output copier falls back when native blit throws or reports a GL error (0.395438ms)
✔ output copier propagates fallback failure instead of reporting stale success (0.273033ms)
✔ output copier categorizes a native GL error after fallback drawing (0.251074ms)
✔ output copier rejects scaling and falls back to integer texelFetch (0.542269ms)
✔ default output fallback compiles the dedicated texelFetch program and disposes it once (1.049629ms)
✔ default output fallback cleans a compiled vertex shader when fragment compilation fails (0.340836ms)
✔ output copier disposal retries only failed resources and rejects work after disposal starts (0.571981ms)
✔ production fallback disposal retries a failed program delete without repeating successes (0.440748ms)
▶ complete-catalog capability failures are structured, frozen, and preserve issue messages
  ✔ webgl2 (1.960124ms)
  ✔ colorBufferFloat (1.862433ms)
  ✔ floatLinear (0.192303ms)
  ✔ floatBlend (0.226235ms)
  ✔ maxTextureSize (0.328116ms)
  ✔ maxDrawBuffers (0.195933ms)
  ✔ maxTextureUnits (0.197364ms)
  ✔ maxUniformBlockSize (0.182803ms)
  ✔ maxUniformBufferBindings (0.354086ms)
  ✔ cglCacheCompatible (0.545679ms)
✔ complete-catalog capability failures are structured, frozen, and preserve issue messages (8.660203ms)
✔ the exact documented complete-catalog boundary is supported with the public shape intact (0.231594ms)
✔ every locked effect has an explicit valid Polymorphic catalog program (387.856436ms)
✔ concurrent whole-catalog registration calls share one batch promise (1.570208ms)
✔ failed mid-batch registration retries with persistent choices and no repeated successful aliases (6.432713ms)
✔ bootCore registers standard enums and starter ops once per core instance (1.650159ms)
✔ registerEffectInstance registers aliases, op metadata, starters, enums, and aliases once (2.466984ms)
✔ registerEffectInstance instantiates class exports and attaches static shaders (0.317576ms)
✔ finalizeEnums merges accumulated choices once per core and choice object (0.259884ms)
✔ findExternalTextureIds detects every unique graph input ending in _step_N (1.738761ms)
✔ one CGL texture binds its .tex handle and dimensions to every external input (0.639711ms)
✔ disconnect binds transparent default records without deleting the prior host texture (0.310746ms)
✔ rebinding after graph texture recreation replaces every detected record again (0.360366ms)
✔ captureGLState and restoreGLState preserve complete shared WebGL2 state (6.312201ms)
✔ prepareNoisemakerGLState establishes a canonical guest baseline inside an exact host guard (6.368152ms)
✔ captureGLState feature-detects optional texture targets (3.906499ms)
✔ withGLState preserves a synchronous return value and invalidates pinned CGL caches last (1.084609ms)
✔ withGLState restores after synchronous throws (3.625163ms)
✔ withGLState preserves a synchronous callback failure and collects every cleanup failure (1.973745ms)
✔ withGLState reports all cleanup failures after successful sync and async callbacks (1.513627ms)
✔ withGLState preserves asynchronous values and restores on fulfillment or rejection (2.161887ms)
✔ withGLState preserves an asynchronous rejection as primary when cleanup also fails (0.651761ms)
✔ withGLState ends active guest transform feedback before restoring host state (0.869125ms)
✔ withGLState fails closed before the callback when host transform feedback is active (0.496749ms)
✔ withGLState fails closed for unknown CGL cache shapes despite predicate or custom hooks (0.476078ms)
✔ installer forwards the selected capability inspector by identity (2.738629ms)
✔ installer creates the exact native port contract and one visible initial configuration (1.866523ms)
✔ synchronous compile-affecting changes coalesce and non-compile ports wire directly (0.873305ms)
✔ each configuration snapshots the current linked texture before compiling (0.644502ms)
✔ configuration observes input rejection before invoking fallible configure (0.449908ms)
✔ delete prevents configure after a pending input snapshot resolves (0.398987ms)
✔ controller state publishes Texture, Ready, Error, and matching UI errors (1.102439ms)
✔ Render remains synchronous, handles its promise, publishes before Next, and never throws (2.930541ms)
✔ Canvas Render transactionally resizes once before render and Next while Manual ignores host changes (1.647989ms)
✔ overlapping Canvas resize renders are latest-wins when the obsolete resize settles first (0.804844ms)
✔ a current Canvas resize rejection is terminal without retry, render, Next, or unhandled rejection (11.147547ms)
✔ a handled Canvas resize nonpromotion is terminal without retry, render, or Next (0.672792ms)
▶ disposal during a pending Canvas resize cannot request, render, Next, or leak rejection
  ✔ resolve (1.357124ms)
  ✔ reject (0.59132ms)
✔ disposal during a pending Canvas resize cannot request, render, Next, or leak rejection (2.83134ms)
✔ context lifecycle listeners and onDelete forward safely and clean up exactly once (0.4848ms)
✔ pending render, configure, context, and state continuations become inert after onDelete (0.427978ms)
✔ native wrapper, namespace metadata, op metadata, and docs are distribution-complete (6.837731ms)
✔ private package metadata describes the portable Cables distribution (12.621442ms)
✔ published files are limited to package assets and lock metadata (3.077173ms)
✔ package scripts expose the complete development workflow (2.323381ms)
✔ source facade exposes only the planned bridge APIs (5.532308ms)
✔ README identifies Noisemaker for Cables, its package, and its single-op scope (2.378972ms)
✔ reproducible vendor source is tracked while generated and local-only data is ignored (5.727721ms)
✔ catalog documentation defines the versioned vendor-cache and update-only mutable alias (2.247849ms)
✔ agent process artifact directories are absent and ignored from initial staging (8.143403ms)
✔ legacy noiseType parameter compiles with the pinned reference diagnostic (522.72398ms)
✔ canonical parameters win over legacy aliases while retaining the native warning (187.823644ms)
✔ legacy aliases do not leak into a same-named effect in another namespace (152.002705ms)
✔ every pinned legacy parameter alias matches the independently registered reference (315.97635ms)
✔ every pinned deprecated effect emits the reference deprecation diagnostic (140.149066ms)
✔ full Polymorphic corpus matches the separately instantiated pinned compiler (175.050171ms)
✔ public compiler rejects output surfaces outside o0-o7 in every DSL position (1.373525ms)
✔ mutation introspection excludes builtin pipeline steps (127.401752ms)
✔ diagnostic locations preserve source columns (134.202443ms)
✔ structured DSL lexer diagnostics attach diagnostic metadata to thrown SyntaxError (125.142382ms)
✔ structured DSL parser expectation diagnostics attach diagnostic metadata to thrown SyntaxError (128.338518ms)
✔ parser expectation diagnostics represent unavailable caller-token coordinates explicitly (122.037318ms)
✔ renderLandscape3d filtering modes match the vendored reference compiler and select expected defines (128.362ms)
✔ structured DSL automation diagnostics attach diagnostic metadata to thrown SyntaxError (132.201316ms)
✔ parser automation diagnostics preserve unavailable caller-token coordinates (126.077348ms)
✔ valid automation invocations retain AST defaults and keys (128.428461ms)
✔ structured DSL search directive diagnostics attach diagnostic metadata to thrown SyntaxError (129.054952ms)
✔ parser search diagnostics preserve unavailable caller-token coordinates (128.927349ms)
✔ valid search directives retain namespace order, keyword namespaces, and compiled indexes (132.432381ms)
✔ structured DSL output validation diagnostics attach diagnostic metadata to thrown SyntaxError (132.222588ms)
✔ parser output diagnostics preserve unavailable caller-token coordinates (125.487968ms)
✔ structured DSL subchain validation diagnostics attach diagnostic metadata to thrown SyntaxError (129.310756ms)
✔ parser subchain diagnostics preserve unavailable caller-token coordinates (134.954515ms)
✔ valid subchains preserve permissive arguments, defaults, body and compiled indexes (151.321572ms)
✔ subchain syntax preserves shared expectation diagnostic precedence (125.757613ms)
✔ structured DSL call form diagnostics attach diagnostic metadata to thrown SyntaxError (132.645254ms)
✔ parser call form diagnostics preserve unavailable caller-token coordinates (130.445306ms)
✔ structured DSL remaining expectation diagnostics attach diagnostic metadata to thrown SyntaxError (131.454333ms)
✔ parser remaining expectation diagnostics preserve unavailable caller-token coordinates (128.952569ms)
✔ number coercion diagnostics represent unavailable locations explicitly and preserve available locations (133.662863ms)
✔ valid call forms retain from override namespaces and mixed automation arguments (139.058718ms)
✔ GAP-027: subchain argument validation contract exposes P008, P009, P010 diagnostics in permissive mode (142.320775ms)
✔ upstream texture-policy fields (mipmaps/persistent/3D filter) propagate from effect definitions into compiled texture specs (128.38022ms)
✔ GAP-027: strict opt-in mode rejects subchain argument violations with SyntaxError (135.620516ms)
✔ parser diagnostic source coordinates survive scanner drift (137.741164ms)
✔ caller tokens lacking position attributes preserve null spans in subchain reporting (130.09331ms)
✔ initial configure preserves DSL bytes and separates CPU compilation from short guarded GPU phases (6.174469ms)
✔ only the newest asynchronous generation promotes and stale initialized candidates dispose guarded (6.21241ms)
✔ a backend returned after generation supersession is destroyed guarded (1.098249ms)
✔ a backend returned after controller disposal is destroyed and remains retryable (0.985448ms)
✔ a backend rejected by Pipeline construction is destroyed guarded (0.56283ms)
✔ a failed edit retains the last-good pipeline and stable output texture (0.58776ms)
✔ promotion assigns the new candidate before old disposal and keeps same-size output identity (0.711293ms)
✔ configure coalesces DSL and size into one generation and clamps manual/canvas dimensions (0.744963ms)
✔ render jobs serialize normalized times, clear stale presentation, and publish after copying (1.512547ms)
✔ media replacement and disconnect rebind without deleting any host texture (0.800664ms)
✔ reset rebuilds stateful resources without replacing a same-size output object (0.55217ms)
✔ context loss performs no GL work and restoration rebuilds last-good DSL before an invalid desired edit (0.760003ms)
✔ external input states persist across active, in-flight, and restored pipelines (5.827553ms)
✔ restoration rebuilds last-good state and then replays the newest DSL edited while context-lost (0.806515ms)
✔ render failure preserves the last successful output and rebuilds before accepting another frame (0.607461ms)
✔ render recovery waits for a newer pending desired edit instead of staling it (1.990935ms)
✔ delayed async effect texture uploads re-enter the FIFO guard for the current context epoch (1.013528ms)
✔ a backend that performs GPU work after returning its promise is detected as an initialization error (1.232461ms)
▶ every shared complete-catalog failure stops before backend creation, init, or shader compile
  ✔ webgl2 (0.56977ms)
  ✔ colorBufferFloat (0.261304ms)
  ✔ floatLinear (0.251485ms)
  ✔ floatBlend (0.205834ms)
  ✔ maxTextureSize (0.215014ms)
  ✔ maxDrawBuffers (0.230224ms)
  ✔ maxTextureUnits (0.201224ms)
  ✔ maxUniformBlockSize (0.200483ms)
  ✔ maxUniformBufferBindings (0.303465ms)
  ✔ cglCacheCompatible (0.395117ms)
✔ every shared complete-catalog failure stops before backend creation, init, or shader compile (4.355167ms)
✔ shared capability preflight reruns after context restoration before touching a new backend (0.775204ms)
✔ graph uniform-block overflow uses the shared public capability identity before shader execution (0.741912ms)
▶ all graph-specific defenses retain shared public capability identities
  ✔ maxDrawBuffers (0.57903ms)
  ✔ maxTextureUnits (0.369466ms)
  ✔ floatBlend (0.365746ms)
  ✔ maxUniformBufferBindings (0.406867ms)
✔ all graph-specific defenses retain shared public capability identities (2.528106ms)
✔ dispose is idempotent and all later controller methods become no-op stable results (2.786079ms)
✔ dispose releases an initialized candidate even while its init promise is pending (9.10317ms)
✔ stale candidate cleanup failures are surfaced, retained, and retried on final disposal (1.969044ms)
✔ failed replaced-candidate cleanup remains retryable after the new candidate is active (0.698642ms)
✔ final dispose retries only candidate and output resources whose cleanup failed (1.328414ms)
✔ final dispose retries a retained backend after terminal core Pipeline disposal fails (25.660721ms)
✔ state callbacks run outside guards and rejected callback promises never poison controller work (0.411077ms)
✔ every pipeline disposal clears pending async debounce timers before they can fire (71.728012ms)
✔ the active last-good candidate may finish delayed uploads during a pending edit (0.981277ms)
✔ delayed uploads from a stale unpromoted generation never enter the GL guard (0.55849ms)
✔ an output resize failure retains the complete last-good transaction (0.49675ms)
✔ concurrent compile and load paths share one lazy bootstrap (1.73127ms)
✔ failed lazy bootstrap is handled immediately and a later call retries (4.682542ms)
✔ temporary Standalone cleanup requests bounded recursive ENOTEMPTY retries (2.236389ms)
✔ temporary Standalone cleanup propagates a persistent failure after Node exhausts retries (0.825844ms)
✔ Standalone finally cleanup remains browser close then child stop then retried temp removal (11.839859ms)
✔ attests the resolved Cables Standalone 0.11.0 app identity (4.956327ms)
✔ rejects a missing Cables Standalone app.asar file (0.791074ms)
✔ rejects a missing app.asar integrity record (0.286325ms)
▶ rejects malformed app.asar integrity algorithms and hashes
  ✔ algorithm (2.608195ms)
  ✔ hash (0.310646ms)
✔ rejects malformed app.asar integrity algorithms and hashes (3.394261ms)
✔ rejects an app.asar whose independently computed hash mismatches the plist (0.386847ms)
✔ streams and hashes the exact framed ASAR JSON header bytes (3.848908ms)
▶ rejects malformed, truncated, or invalid ASAR header framing
  ✔ outer pickle (1.646568ms)
  ✔ inner pickle bounds (0.5404ms)
  ✔ truncated file (0.237713ms)
  ✔ truncated stream (0.644372ms)
  ✔ invalid JSON shape (0.900405ms)
✔ rejects malformed, truncated, or invalid ASAR header framing (4.669693ms)
✔ rejects a Cables Standalone version other than 0.11.0 (0.274824ms)
✔ rejects a missing Cables Standalone build version (0.213484ms)
✔ rejects a bundle executable that does not match the resolved executable (0.367757ms)
✔ rejects a non-Cables bundle identifier (0.255165ms)
✔ rejects a non-Cables bundle product name (0.276225ms)
✔ rejects an executable outside an app Contents/MacOS directory (0.238054ms)
✔ reads XML or binary app plists through plutil JSON conversion (0.332707ms)
✔ streams executable bytes into a canonical SHA-256 digest (0.775073ms)
✔ standalone smoke attests identity before temp creation or spawn and reports it (16.277226ms)
✔ npm archive is the exact self-contained Cables Standalone distribution (652.585334ms)
✔ documented media DSL compiles with the pinned full Polymorphic catalog (188.845614ms)
✔ waits for child exit after escalating from SIGTERM to SIGKILL (1.680829ms)
✔ sha256 returns canonical lowercase hexadecimal (1.672898ms)
✔ effect artifact paths cannot escape the cache root (0.660681ms)
✔ manifest duplicate detection runs before ordinary JSON parsing (0.497108ms)
✔ update writes deterministic metadata and bytes for the complete manifest (93.394854ms)
✔ update rejects a symlinked cache root without touching its target (16.750644ms)
✔ update rejects a symlinked cache descendant without touching its target (18.912183ms)
✔ verify rejects a symlinked cache root (24.376889ms)
✔ verify rejects a symlinked cache descendant (16.035602ms)
✔ verify rejects an artifact path that escapes the cache root (18.949333ms)
✔ verify rejects a modified byte even when the size is unchanged (27.109058ms)
✔ verify rejects a missing artifact file (22.109278ms)
✔ verify rejects duplicate manifest IDs even when the lock digest matches (23.637617ms)
✔ verify rejects a manifest effect with no locked bundle (17.752632ms)
✔ verify rejects a locked bundle absent from the manifest (36.682857ms)
✔ verify rejects a registration count that differs from the manifest (23.943542ms)
✔ checked-in lock pins the complete 210-effect catalog (274.419149ms)
ℹ tests 246
ℹ suites 0
ℹ pass 246
ℹ fail 0
ℹ cancelled 0
ℹ skipped 0
ℹ todo 0
ℹ duration_ms 9588.065989
unit exit=0

> @noisefactor/noisemaker-for-cables@0.1.0 vendor:verify
> node tools/vendor.mjs verify

210/210 effects verified (212 artifacts)
vendor exit=0
