
> @noisefactor/noisemaker-for-cables@0.1.0 test
> node --test test/*.test.js

✔ FLOAT readback stays top-down Float32 without clamping negative or HDR channels (2.167858ms)
✔ FLOAT readback rejects non-finite channels (0.535669ms)
✔ sub-RGBA8 fractional differences invisible in RGBA8 fail native parity and exact copy (0.58485ms)
✔ negative differences invisible in RGBA8 fail native parity and exact copy (0.245595ms)
✔ HDR differences invisible in RGBA8 fail native parity and exact copy (0.255496ms)
✔ concatenation preserves native negative and HDR float channels (0.302375ms)
✔ exact readback comparison uses raw Float32 bits for signed zero and NaN payloads (0.303135ms)
✔ generated effect entry statically imports every locked effect exactly once in ID order (11.701385ms)
✔ engine facade loads the pinned catalog and compiles with the reference Polymorphic compiler (204.942174ms)
✔ pinned core exposes renderer sinks and bounded WebGL2 frame export (2.055596ms)
✔ pinned core supports device-qualified MIDI and audio automation (4.459338ms)
✔ pinned core preserves and evaluates nested automation sources (2.30877ms)
✔ browser bundle is self-contained while preserving caller-requested native fetch (294.134899ms)
✔ browser bundle compiles legacy noiseType with the pinned native warning (48.316167ms)
✔ pinned core and cables runtime compile chained variable alias syntax into valid render graph passes (51.687066ms)
✔ pinned core validates legacy MIDI channels as static integers 1 to 16 (7.850289ms)
✔ pinned core pipeline recreates global surfaces when format changes (2.596966ms)
✔ pinned core Pipeline preserves scoped texture dimensions across setUniform (1.353904ms)
✔ pinned core SinkManager supports shouldDeferRender backpressure lifecycle (0.440708ms)
✔ pinned core Pipeline delegates shouldDeferRender to its sinkManager (0.299416ms)
✔ real backend is a pinned WebGL2Backend subclass and present only records the ID (2.329391ms)
✔ presented texture info includes the reference texture and FBO without mutating it (0.626511ms)
✔ missing presentation and missing presented textures are categorized separately (0.605201ms)
✔ ownership is explicit and replacing owned records uses the superclass destroy path (0.669112ms)
✔ destroy is idempotent, releases owned/default textures once, and preserves CGL handles (0.648561ms)
✔ updateTextureFromSource detaches external/default records before any CPU upload (0.929637ms)
✔ updateTextureFromSource supports borrowed VideoFrame and validates dimensions (0.481959ms)
✔ _uploadMeshTexture detaches external/default records before any CPU upload (0.491328ms)
✔ uploadDataTexture detaches external/default records before any CPU upload (0.525799ms)
✔ uploadCubeFace detaches external/default records before uploading into an owned cubemap (0.872225ms)
✔ all reference allocation paths detach non-owning records and their adapter FBOs first (0.458828ms)
✔ backend destruction retries superclass failure without repeating successful adapter cleanup (0.57808ms)
✔ compileProgram preserves fragment compile errors and releases the compiled vertex shader (1.136751ms)
✔ compileProgram preserves link errors and releases both shaders and the failed program (0.480909ms)
✔ compileProgram keeps a successful reference-shaped program and releases only its shaders (0.481829ms)
✔ compileProgram releases every partial uniform-block buffer when later compilation fails (0.894837ms)
✔ compileProgram still releases uniform-block buffers when failed-program deletion also throws (0.538289ms)
✔ compileProgram merges inner uniform-buffer and outer program cleanup failures in order (0.423437ms)
✔ backend destroy releases successful uniform-block buffers exactly once (0.50155ms)
✔ backend destroy retries only uniform-block buffers whose deletion failed (1.478286ms)
✔ output copier keeps one RGBA16F nearest/clamp CGL texture per size (0.648791ms)
✔ output resize preserves the last-good texture and retries failed retirement without leaks (0.274556ms)
✔ output resize retains a failed replacement cleanup for a later successful resize retry (0.341506ms)
✔ output copier blits exact matching RGBA16F texels between private FBOs (0.463909ms)
✔ output copier categorizes a null destination FBO without binding the default framebuffer (0.268194ms)
✔ output copier rejects an incomplete destination before blit or fallback drawing (0.334496ms)
✔ output copier uses texelFetch fallback when the exact-copy read FBO is incomplete (0.225864ms)
✔ output copier falls back when native blit throws or reports a GL error (0.298465ms)
✔ output copier propagates fallback failure instead of reporting stale success (0.288574ms)
✔ output copier categorizes a native GL error after fallback drawing (0.207603ms)
✔ output copier rejects scaling and falls back to integer texelFetch (0.425177ms)
✔ default output fallback compiles the dedicated texelFetch program and disposes it once (0.857845ms)
✔ default output fallback cleans a compiled vertex shader when fragment compilation fails (0.266434ms)
✔ output copier disposal retries only failed resources and rejects work after disposal starts (0.492489ms)
✔ production fallback disposal retries a failed program delete without repeating successes (0.381116ms)
▶ complete-catalog capability failures are structured, frozen, and preserve issue messages
  ✔ webgl2 (1.880123ms)
  ✔ colorBufferFloat (4.173543ms)
  ✔ floatLinear (0.193063ms)
  ✔ floatBlend (0.205554ms)
  ✔ maxTextureSize (0.255925ms)
  ✔ maxDrawBuffers (0.199443ms)
  ✔ maxTextureUnits (0.170604ms)
  ✔ maxUniformBlockSize (0.172283ms)
  ✔ maxUniformBufferBindings (0.264224ms)
  ✔ cglCacheCompatible (0.520319ms)
✔ complete-catalog capability failures are structured, frozen, and preserve issue messages (10.444153ms)
✔ the exact documented complete-catalog boundary is supported with the public shape intact (0.252845ms)
✔ every locked effect has an explicit valid Polymorphic catalog program (374.286015ms)
✔ concurrent whole-catalog registration calls share one batch promise (1.70183ms)
✔ failed mid-batch registration retries with persistent choices and no repeated successful aliases (5.563929ms)
✔ bootCore registers standard enums and starter ops once per core instance (1.783292ms)
✔ registerEffectInstance registers aliases, op metadata, starters, enums, and aliases once (5.288292ms)
✔ registerEffectInstance instantiates class exports and attaches static shaders (0.507939ms)
✔ finalizeEnums merges accumulated choices once per core and choice object (0.413908ms)
✔ findExternalTextureIds detects every unique graph input ending in _step_N (1.738449ms)
✔ one CGL texture binds its .tex handle and dimensions to every external input (0.526858ms)
✔ disconnect binds transparent default records without deleting the prior host texture (0.351236ms)
✔ rebinding after graph texture recreation replaces every detected record again (0.375797ms)
✔ captureGLState and restoreGLState preserve complete shared WebGL2 state (5.75021ms)
✔ prepareNoisemakerGLState establishes a canonical guest baseline inside an exact host guard (3.314728ms)
✔ captureGLState feature-detects optional texture targets (0.881636ms)
✔ withGLState preserves a synchronous return value and invalidates pinned CGL caches last (1.015769ms)
✔ withGLState restores after synchronous throws (1.287033ms)
✔ withGLState preserves a synchronous callback failure and collects every cleanup failure (0.977227ms)
✔ withGLState reports all cleanup failures after successful sync and async callbacks (1.534617ms)
✔ withGLState preserves asynchronous values and restores on fulfillment or rejection (2.039456ms)
✔ withGLState preserves an asynchronous rejection as primary when cleanup also fails (0.688672ms)
✔ withGLState ends active guest transform feedback before restoring host state (1.049168ms)
✔ withGLState fails closed before the callback when host transform feedback is active (0.486708ms)
✔ withGLState fails closed for unknown CGL cache shapes despite predicate or custom hooks (0.479259ms)
✔ installer forwards the selected capability inspector by identity (2.594566ms)
✔ installer creates the exact native port contract and one visible initial configuration (1.776111ms)
✔ synchronous compile-affecting changes coalesce and non-compile ports wire directly (0.850605ms)
✔ each configuration snapshots the current linked texture before compiling (0.471199ms)
✔ configuration observes input rejection before invoking fallible configure (0.571561ms)
✔ delete prevents configure after a pending input snapshot resolves (0.421327ms)
✔ controller state publishes Texture, Ready, Error, and matching UI errors (0.309765ms)
✔ Render remains synchronous, handles its promise, publishes before Next, and never throws (2.531574ms)
✔ Canvas Render transactionally resizes once before render and Next while Manual ignores host changes (1.059849ms)
✔ overlapping Canvas resize renders are latest-wins when the obsolete resize settles first (0.853125ms)
✔ a current Canvas resize rejection is terminal without retry, render, Next, or unhandled rejection (6.789279ms)
✔ a handled Canvas resize nonpromotion is terminal without retry, render, or Next (0.59975ms)
▶ disposal during a pending Canvas resize cannot request, render, Next, or leak rejection
  ✔ resolve (1.133499ms)
  ✔ reject (0.657162ms)
✔ disposal during a pending Canvas resize cannot request, render, Next, or leak rejection (2.443042ms)
✔ context lifecycle listeners and onDelete forward safely and clean up exactly once (0.55093ms)
✔ pending render, configure, context, and state continuations become inert after onDelete (0.385127ms)
✔ native wrapper, namespace metadata, op metadata, and docs are distribution-complete (4.737483ms)
✔ private package metadata describes the portable Cables distribution (10.26463ms)
✔ published files are limited to package assets and lock metadata (1.197142ms)
✔ package scripts expose the complete development workflow (2.584245ms)
✔ source facade exposes only the planned bridge APIs (1.438775ms)
✔ README identifies Noisemaker for Cables, its package, and its single-op scope (1.040069ms)
✔ reproducible vendor source is tracked while generated and local-only data is ignored (1.127269ms)
✔ catalog documentation defines the versioned vendor-cache and update-only mutable alias (1.583317ms)
✔ agent process artifact directories are absent and ignored from initial staging (1.519845ms)
✔ legacy noiseType parameter compiles with the pinned reference diagnostic (498.372851ms)
✔ canonical parameters win over legacy aliases while retaining the native warning (147.849233ms)
✔ legacy aliases do not leak into a same-named effect in another namespace (135.007688ms)
✔ every pinned legacy parameter alias matches the independently registered reference (287.241447ms)
✔ every pinned deprecated effect emits the reference deprecation diagnostic (152.82073ms)
✔ full Polymorphic corpus matches the separately instantiated pinned compiler (170.260994ms)
✔ public compiler rejects output surfaces outside o0-o7 in every DSL position (1.387084ms)
✔ mutation introspection excludes builtin pipeline steps (127.758791ms)
✔ diagnostic locations preserve source columns (126.530229ms)
✔ structured DSL lexer diagnostics attach diagnostic metadata to thrown SyntaxError (127.725491ms)
✔ structured DSL parser expectation diagnostics attach diagnostic metadata to thrown SyntaxError (128.107417ms)
✔ parser expectation diagnostics represent unavailable caller-token coordinates explicitly (125.385989ms)
✔ renderLandscape3d filtering modes match the vendored reference compiler and select expected defines (136.791499ms)
✔ structured DSL automation diagnostics attach diagnostic metadata to thrown SyntaxError (148.103628ms)
✔ parser automation diagnostics preserve unavailable caller-token coordinates (134.104683ms)
✔ valid automation invocations retain AST defaults and keys (130.186423ms)
✔ structured DSL search directive diagnostics attach diagnostic metadata to thrown SyntaxError (134.825365ms)
✔ parser search diagnostics preserve unavailable caller-token coordinates (129.114656ms)
✔ valid search directives retain namespace order, keyword namespaces, and compiled indexes (127.039619ms)
✔ structured DSL output validation diagnostics attach diagnostic metadata to thrown SyntaxError (127.047747ms)
✔ parser output diagnostics preserve unavailable caller-token coordinates (125.026323ms)
✔ structured DSL subchain validation diagnostics attach diagnostic metadata to thrown SyntaxError (125.38847ms)
✔ parser subchain diagnostics preserve unavailable caller-token coordinates (134.035981ms)
✔ valid subchains preserve permissive arguments, defaults, body and compiled indexes (129.340148ms)
✔ subchain syntax preserves shared expectation diagnostic precedence (144.054646ms)
✔ structured DSL call form diagnostics attach diagnostic metadata to thrown SyntaxError (130.769414ms)
✔ parser call form diagnostics preserve unavailable caller-token coordinates (131.343143ms)
✔ structured DSL remaining expectation diagnostics attach diagnostic metadata to thrown SyntaxError (132.609046ms)
✔ parser remaining expectation diagnostics preserve unavailable caller-token coordinates (130.222434ms)
✔ number coercion diagnostics represent unavailable locations explicitly and preserve available locations (130.248744ms)
✔ valid call forms retain from override namespaces and mixed automation arguments (126.675022ms)
✔ GAP-027: subchain argument validation contract exposes P008, P009, P010 diagnostics in permissive mode (129.472601ms)
✔ upstream texture-policy fields (mipmaps/persistent/3D filter) propagate from effect definitions into compiled texture specs (131.419514ms)
✔ GAP-027: strict opt-in mode rejects subchain argument violations with SyntaxError (132.926201ms)
✔ parser diagnostic source coordinates survive scanner drift (127.971144ms)
✔ caller tokens lacking position attributes preserve null spans in subchain reporting (130.381856ms)
✔ initial configure preserves DSL bytes and separates CPU compilation from short guarded GPU phases (6.476005ms)
✔ only the newest asynchronous generation promotes and stale initialized candidates dispose guarded (6.565175ms)
✔ a backend returned after generation supersession is destroyed guarded (1.140319ms)
✔ a backend returned after controller disposal is destroyed and remains retryable (1.11624ms)
✔ a backend rejected by Pipeline construction is destroyed guarded (0.711213ms)
✔ a failed edit retains the last-good pipeline and stable output texture (0.626221ms)
✔ promotion assigns the new candidate before old disposal and keeps same-size output identity (0.665881ms)
✔ configure coalesces DSL and size into one generation and clamps manual/canvas dimensions (0.891895ms)
✔ render jobs serialize normalized times, clear stale presentation, and publish after copying (1.246131ms)
✔ media replacement and disconnect rebind without deleting any host texture (0.765423ms)
✔ reset rebuilds stateful resources without replacing a same-size output object (0.62697ms)
✔ context loss performs no GL work and restoration rebuilds last-good DSL before an invalid desired edit (0.834686ms)
✔ external input states persist across active, in-flight, and restored pipelines (5.048349ms)
✔ restoration rebuilds last-good state and then replays the newest DSL edited while context-lost (0.689791ms)
✔ render failure preserves the last successful output and rebuilds before accepting another frame (0.56314ms)
✔ render recovery waits for a newer pending desired edit instead of staling it (1.532766ms)
✔ delayed async effect texture uploads re-enter the FIFO guard for the current context epoch (0.845115ms)
✔ a backend that performs GPU work after returning its promise is detected as an initialization error (0.996637ms)
▶ every shared complete-catalog failure stops before backend creation, init, or shader compile
  ✔ webgl2 (0.472168ms)
  ✔ colorBufferFloat (0.236275ms)
  ✔ floatLinear (0.196383ms)
  ✔ floatBlend (0.166534ms)
  ✔ maxTextureSize (0.208594ms)
  ✔ maxDrawBuffers (0.157753ms)
  ✔ maxTextureUnits (0.185953ms)
  ✔ maxUniformBlockSize (0.199204ms)
  ✔ maxUniformBufferBindings (0.169193ms)
  ✔ cglCacheCompatible (0.409747ms)
✔ every shared complete-catalog failure stops before backend creation, init, or shader compile (3.665325ms)
✔ shared capability preflight reruns after context restoration before touching a new backend (0.53008ms)
✔ graph uniform-block overflow uses the shared public capability identity before shader execution (0.662161ms)
▶ all graph-specific defenses retain shared public capability identities
  ✔ maxDrawBuffers (0.54213ms)
  ✔ maxTextureUnits (0.424947ms)
  ✔ floatBlend (0.305546ms)
  ✔ maxUniformBufferBindings (1.71136ms)
✔ all graph-specific defenses retain shared public capability identities (3.593643ms)
✔ dispose is idempotent and all later controller methods become no-op stable results (0.444379ms)
✔ dispose releases an initialized candidate even while its init promise is pending (5.584778ms)
✔ stale candidate cleanup failures are surfaced, retained, and retried on final disposal (1.095659ms)
✔ failed replaced-candidate cleanup remains retryable after the new candidate is active (0.675132ms)
✔ final dispose retries only candidate and output resources whose cleanup failed (0.55277ms)
✔ final dispose retries a retained backend after terminal core Pipeline disposal fails (27.808856ms)
✔ state callbacks run outside guards and rejected callback promises never poison controller work (0.616991ms)
✔ every pipeline disposal clears pending async debounce timers before they can fire (71.688227ms)
✔ the active last-good candidate may finish delayed uploads during a pending edit (0.934267ms)
✔ delayed uploads from a stale unpromoted generation never enter the GL guard (0.569001ms)
✔ an output resize failure retains the complete last-good transaction (0.54553ms)
✔ concurrent compile and load paths share one lazy bootstrap (1.74556ms)
✔ failed lazy bootstrap is handled immediately and a later call retries (4.892816ms)
✔ temporary Standalone cleanup requests bounded recursive ENOTEMPTY retries (2.26121ms)
✔ temporary Standalone cleanup propagates a persistent failure after Node exhausts retries (0.688791ms)
✔ Standalone finally cleanup remains browser close then child stop then retried temp removal (6.950492ms)
✔ attests the resolved Cables Standalone 0.11.0 app identity (3.044353ms)
✔ rejects a missing Cables Standalone app.asar file (0.810224ms)
✔ rejects a missing app.asar integrity record (0.343287ms)
▶ rejects malformed app.asar integrity algorithms and hashes
  ✔ algorithm (0.392996ms)
  ✔ hash (0.382707ms)
✔ rejects malformed app.asar integrity algorithms and hashes (1.223452ms)
✔ rejects an app.asar whose independently computed hash mismatches the plist (0.396957ms)
✔ streams and hashes the exact framed ASAR JSON header bytes (4.041711ms)
▶ rejects malformed, truncated, or invalid ASAR header framing
  ✔ outer pickle (0.452758ms)
  ✔ inner pickle bounds (0.53419ms)
  ✔ truncated file (0.279166ms)
  ✔ truncated stream (0.746453ms)
  ✔ invalid JSON shape (0.911297ms)
✔ rejects malformed, truncated, or invalid ASAR header framing (3.643865ms)
✔ rejects a Cables Standalone version other than 0.11.0 (0.333575ms)
✔ rejects a missing Cables Standalone build version (0.221774ms)
✔ rejects a bundle executable that does not match the resolved executable (0.318486ms)
✔ rejects a non-Cables bundle identifier (0.304355ms)
✔ rejects a non-Cables bundle product name (0.256145ms)
✔ rejects an executable outside an app Contents/MacOS directory (0.278405ms)
✔ reads XML or binary app plists through plutil JSON conversion (0.383516ms)
✔ streams executable bytes into a canonical SHA-256 digest (0.717032ms)
✔ standalone smoke attests identity before temp creation or spawn and reports it (11.96811ms)
✔ npm archive is the exact self-contained Cables Standalone distribution (652.231098ms)
✔ documented media DSL compiles with the pinned full Polymorphic catalog (197.30871ms)
✔ waits for child exit after escalating from SIGTERM to SIGKILL (1.761651ms)
✔ sha256 returns canonical lowercase hexadecimal (1.6755ms)
✔ effect artifact paths cannot escape the cache root (0.714153ms)
✔ manifest duplicate detection runs before ordinary JSON parsing (0.520869ms)
✔ update writes deterministic metadata and bytes for the complete manifest (77.832215ms)
✔ update rejects a symlinked cache root without touching its target (12.319696ms)
✔ update rejects a symlinked cache descendant without touching its target (11.502601ms)
✔ verify rejects a symlinked cache root (21.828982ms)
✔ verify rejects a symlinked cache descendant (18.450174ms)
✔ verify rejects an artifact path that escapes the cache root (19.35149ms)
✔ verify rejects a modified byte even when the size is unchanged (17.204832ms)
✔ verify rejects a missing artifact file (17.66927ms)
✔ verify rejects duplicate manifest IDs even when the lock digest matches (22.30767ms)
✔ verify rejects a manifest effect with no locked bundle (19.124226ms)
✔ verify rejects a locked bundle absent from the manifest (35.861859ms)
✔ verify rejects a registration count that differs from the manifest (25.594799ms)
✔ checked-in lock pins the complete 210-effect catalog (252.808002ms)
ℹ tests 246
ℹ suites 0
ℹ pass 246
ℹ fail 0
ℹ cancelled 0
ℹ skipped 0
ℹ todo 0
ℹ duration_ms 9353.323391
exit=0
