✔ FLOAT readback stays top-down Float32 without clamping negative or HDR channels (8.321416ms)
✔ FLOAT readback rejects non-finite channels (2.465625ms)
✔ sub-RGBA8 fractional differences invisible in RGBA8 fail native parity and exact copy (1.319167ms)
✔ negative differences invisible in RGBA8 fail native parity and exact copy (0.514417ms)
✔ HDR differences invisible in RGBA8 fail native parity and exact copy (1.700291ms)
✔ concatenation preserves native negative and HDR float channels (0.833416ms)
✔ exact readback comparison uses raw Float32 bits for signed zero and NaN payloads (0.467ms)
✔ generated effect entry statically imports every locked effect exactly once in ID order (42.333917ms)
✔ engine facade loads the pinned catalog and compiles with the reference Polymorphic compiler (326.287583ms)
✔ pinned core exposes renderer sinks and bounded WebGL2 frame export (3.58025ms)
✔ pinned core supports device-qualified MIDI and audio automation (9.508ms)
✔ pinned core preserves and evaluates nested automation sources (8.524625ms)
✔ browser bundle is self-contained while preserving caller-requested native fetch (346.759542ms)
✔ browser bundle compiles legacy noiseType with the pinned native warning (54.014167ms)
✔ pinned core and cables runtime compile chained variable alias syntax into valid render graph passes (41.1345ms)
✔ pinned core validates legacy MIDI channels as static integers 1 to 16 (15.937125ms)
✔ pinned core pipeline recreates global surfaces when format changes (16.311208ms)
✔ pinned core Pipeline preserves scoped texture dimensions across setUniform (2.659375ms)
✔ pinned core SinkManager supports shouldDeferRender backpressure lifecycle (1.223666ms)
✔ pinned core Pipeline delegates shouldDeferRender to its sinkManager (0.284875ms)
✔ real backend is a pinned WebGL2Backend subclass and present only records the ID (9.227333ms)
✔ presented texture info includes the reference texture and FBO without mutating it (1.146333ms)
✔ missing presentation and missing presented textures are categorized separately (1.337541ms)
✔ ownership is explicit and replacing owned records uses the superclass destroy path (1.123959ms)
✔ destroy is idempotent, releases owned/default textures once, and preserves CGL handles (1.430209ms)
✔ updateTextureFromSource detaches external/default records before any CPU upload (1.440417ms)
✔ updateTextureFromSource supports borrowed VideoFrame and validates dimensions (1.385667ms)
✔ _uploadMeshTexture detaches external/default records before any CPU upload (0.969083ms)
✔ uploadDataTexture detaches external/default records before any CPU upload (0.408791ms)
✔ uploadCubeFace detaches external/default records before uploading into an owned cubemap (3.1905ms)
✔ all reference allocation paths detach non-owning records and their adapter FBOs first (0.887167ms)
✔ backend destruction retries superclass failure without repeating successful adapter cleanup (20.968458ms)
✔ compileProgram preserves fragment compile errors and releases the compiled vertex shader (27.203209ms)
✔ compileProgram preserves link errors and releases both shaders and the failed program (1.233917ms)
✔ compileProgram keeps a successful reference-shaped program and releases only its shaders (0.64875ms)
✔ compileProgram releases every partial uniform-block buffer when later compilation fails (2.902375ms)
✔ compileProgram still releases uniform-block buffers when failed-program deletion also throws (2.182458ms)
✔ compileProgram merges inner uniform-buffer and outer program cleanup failures in order (0.763625ms)
✔ backend destroy releases successful uniform-block buffers exactly once (0.498667ms)
✔ backend destroy retries only uniform-block buffers whose deletion failed (1.414333ms)
✔ output copier keeps one RGBA16F nearest/clamp CGL texture per size (1.111208ms)
✔ output resize preserves the last-good texture and retries failed retirement without leaks (0.331667ms)
✔ output resize retains a failed replacement cleanup for a later successful resize retry (0.298ms)
✔ output copier blits exact matching RGBA16F texels between private FBOs (0.686666ms)
✔ output copier categorizes a null destination FBO without binding the default framebuffer (0.44375ms)
✔ output copier rejects an incomplete destination before blit or fallback drawing (0.788292ms)
✔ output copier uses texelFetch fallback when the exact-copy read FBO is incomplete (0.401ms)
✔ output copier falls back when native blit throws or reports a GL error (0.293459ms)
✔ output copier propagates fallback failure instead of reporting stale success (1.016958ms)
✔ output copier categorizes a native GL error after fallback drawing (0.205334ms)
✔ output copier rejects scaling and falls back to integer texelFetch (0.65675ms)
✔ default output fallback compiles the dedicated texelFetch program and disposes it once (1.050375ms)
✔ default output fallback cleans a compiled vertex shader when fragment compilation fails (0.279375ms)
✔ output copier disposal retries only failed resources and rejects work after disposal starts (0.421666ms)
✔ production fallback disposal retries a failed program delete without repeating successes (0.654416ms)
▶ complete-catalog capability failures are structured, frozen, and preserve issue messages
  ✔ webgl2 (6.652292ms)
  ✔ colorBufferFloat (0.699167ms)
  ✔ floatLinear (0.751459ms)
  ✔ floatBlend (0.6105ms)
  ✔ maxTextureSize (1.152083ms)
  ✔ maxDrawBuffers (1.190125ms)
  ✔ maxTextureUnits (0.190458ms)
  ✔ maxUniformBlockSize (0.891541ms)
  ✔ maxUniformBufferBindings (1.736583ms)
  ✔ cglCacheCompatible (26.3495ms)
✔ complete-catalog capability failures are structured, frozen, and preserve issue messages (48.614542ms)
✔ the exact documented complete-catalog boundary is supported with the public shape intact (1.92075ms)
✔ every locked effect has an explicit valid Polymorphic catalog program (728.991667ms)
✔ qualified scope covers the full catalog with only the compile-only exclusion (15.609375ms)
✔ the committed kit declaration matches the qualified scope exactly (3.702375ms)
✔ pre-delivery rejection: mode "all" is rejected (1.752666ms)
✔ pre-delivery rejection: an unqualified id in the declaration is rejected (2.981458ms)
✔ pre-delivery rejection: an omitted qualified id is rejected (3.487083ms)
✔ pre-delivery rejection: a renamed qualified id fails (identity control) (1.646292ms)
✔ pre-delivery rejection: duplicate ids are rejected (1.339833ms)
✔ the gate CLI accepts the committed declaration (865.332416ms)
✔ concurrent whole-catalog registration calls share one batch promise (5.716167ms)
✔ failed mid-batch registration retries with persistent choices and no repeated successful aliases (5.135959ms)
✔ bootCore registers standard enums and starter ops once per core instance (6.682542ms)
✔ registerEffectInstance registers aliases, op metadata, starters, enums, and aliases once (4.376292ms)
✔ registerEffectInstance instantiates class exports and attaches static shaders (0.649917ms)
✔ finalizeEnums merges accumulated choices once per core and choice object (0.854792ms)
✔ findExternalTextureIds detects every unique graph input ending in _step_N (6.530792ms)
✔ one CGL texture binds its .tex handle and dimensions to every external input (1.255833ms)
✔ disconnect binds transparent default records without deleting the prior host texture (1.526084ms)
✔ rebinding after graph texture recreation replaces every detected record again (0.398542ms)
✔ captureGLState and restoreGLState preserve complete shared WebGL2 state (11.777792ms)
✔ prepareNoisemakerGLState establishes a canonical guest baseline inside an exact host guard (8.816625ms)
✔ captureGLState feature-detects optional texture targets (2.906709ms)
✔ withGLState preserves a synchronous return value and invalidates pinned CGL caches last (10.649083ms)
✔ withGLState restores after synchronous throws (14.961542ms)
✔ withGLState preserves a synchronous callback failure and collects every cleanup failure (6.80025ms)
✔ withGLState reports all cleanup failures after successful sync and async callbacks (3.012917ms)
✔ withGLState preserves asynchronous values and restores on fulfillment or rejection (3.881875ms)
✔ withGLState preserves an asynchronous rejection as primary when cleanup also fails (0.742458ms)
✔ withGLState ends active guest transform feedback before restoring host state (34.312042ms)
✔ withGLState fails closed before the callback when host transform feedback is active (9.693542ms)
✔ withGLState fails closed for unknown CGL cache shapes despite predicate or custom hooks (1.428041ms)
✔ installer forwards the selected capability inspector by identity (6.72425ms)
✔ installer creates the exact native port contract and one visible initial configuration (4.795292ms)
✔ synchronous compile-affecting changes coalesce and non-compile ports wire directly (1.440125ms)
✔ each configuration snapshots the current linked texture before compiling (2.118417ms)
✔ configuration observes input rejection before invoking fallible configure (1.489291ms)
✔ delete prevents configure after a pending input snapshot resolves (5.20825ms)
✔ controller state publishes Texture, Ready, Error, and matching UI errors (0.3405ms)
✔ structured compiler diagnostics from the controller state reach the Error port and UI error (0.217ms)
✔ Render remains synchronous, handles its promise, publishes before Next, and never throws (7.214542ms)
✔ Canvas Render transactionally resizes once before render and Next while Manual ignores host changes (31.404125ms)
✔ overlapping Canvas resize renders are latest-wins when the obsolete resize settles first (7.032542ms)
✔ a current Canvas resize rejection is terminal without retry, render, Next, or unhandled rejection (31.081708ms)
✔ a handled Canvas resize nonpromotion is terminal without retry, render, or Next (1.176ms)
▶ disposal during a pending Canvas resize cannot request, render, Next, or leak rejection
  ✔ resolve (2.348875ms)
  ✔ reject (1.677375ms)
✔ disposal during a pending Canvas resize cannot request, render, Next, or leak rejection (6.04625ms)
✔ context lifecycle listeners and onDelete forward safely and clean up exactly once (0.457709ms)
✔ pending render, configure, context, and state continuations become inert after onDelete (0.374458ms)
✔ native wrapper, namespace metadata, op metadata, and docs are distribution-complete (14.270791ms)
✔ private package metadata describes the portable Cables distribution (27.926083ms)
✔ published files are limited to package assets and lock metadata (4.058917ms)
✔ package scripts expose the complete development workflow (43.310458ms)
✔ source facade exposes only the planned bridge APIs (3.929583ms)
✔ README identifies Noisemaker for Cables, its package, and its single-op scope (11.823708ms)
✔ reproducible vendor source is tracked while generated and local-only data is ignored (4.653916ms)
✔ catalog documentation defines the versioned vendor-cache and update-only mutable alias (19.4425ms)
✔ agent process artifact directories are absent and ignored from initial staging (14.417667ms)
✔ legacy noiseType parameter compiles with the pinned reference diagnostic (736.839583ms)
✔ canonical parameters win over legacy aliases while retaining the native warning (166.484583ms)
✔ legacy aliases do not leak into a same-named effect in another namespace (177.719ms)
✔ every pinned legacy parameter alias matches the independently registered reference (373.239541ms)
✔ every pinned deprecated effect emits the reference deprecation diagnostic (152.946042ms)
✔ full Polymorphic corpus matches the separately instantiated pinned compiler (177.905501ms)
✔ public compiler rejects output surfaces outside o0-o7 in every DSL position (3.538792ms)
✔ mutation introspection excludes builtin pipeline steps (134.470084ms)
✔ diagnostic locations preserve source columns (156.952666ms)
✔ structured DSL lexer diagnostics attach diagnostic metadata to thrown SyntaxError (132.098583ms)
✔ structured DSL parser expectation diagnostics attach diagnostic metadata to thrown SyntaxError (151.919042ms)
✔ parser expectation diagnostics represent unavailable caller-token coordinates explicitly (136.236833ms)
✔ renderLandscape3d filtering modes match the vendored reference compiler and select expected defines (144.922625ms)
✔ structured DSL automation diagnostics attach diagnostic metadata to thrown SyntaxError (144.393208ms)
✔ parser automation diagnostics preserve unavailable caller-token coordinates (175.254ms)
✔ valid automation invocations retain AST defaults and keys (154.304ms)
✔ structured DSL search directive diagnostics attach diagnostic metadata to thrown SyntaxError (173.958333ms)
✔ parser search diagnostics preserve unavailable caller-token coordinates (129.46225ms)
✔ valid search directives retain namespace order, keyword namespaces, and compiled indexes (128.837459ms)
✔ structured DSL output validation diagnostics attach diagnostic metadata to thrown SyntaxError (148.830417ms)
✔ parser output diagnostics preserve unavailable caller-token coordinates (132.931876ms)
✔ structured DSL subchain validation diagnostics attach diagnostic metadata to thrown SyntaxError (159.839459ms)
✔ parser subchain diagnostics preserve unavailable caller-token coordinates (130.144333ms)
✔ valid subchains preserve permissive arguments, defaults, body and compiled indexes (138.968208ms)
✔ subchain syntax preserves shared expectation diagnostic precedence (161.037ms)
✔ structured DSL call form diagnostics attach diagnostic metadata to thrown SyntaxError (150.665459ms)
✔ parser call form diagnostics preserve unavailable caller-token coordinates (146.300042ms)
✔ structured DSL remaining expectation diagnostics attach diagnostic metadata to thrown SyntaxError (134.132875ms)
✔ parser remaining expectation diagnostics preserve unavailable caller-token coordinates (137.081791ms)
✔ number coercion diagnostics represent unavailable locations explicitly and preserve available locations (152.939542ms)
✔ valid call forms retain from override namespaces and mixed automation arguments (192.190375ms)
✔ GAP-027: subchain argument validation contract exposes P008, P009, P010 diagnostics in permissive mode (176.780084ms)
✔ upstream texture-policy fields (mipmaps/persistent/3D filter) propagate from effect definitions into compiled texture specs (196.551417ms)
✔ GAP-027: strict opt-in mode rejects subchain argument violations with SyntaxError (200.072417ms)
✔ parser diagnostic source coordinates survive scanner drift (175.6485ms)
✔ caller tokens lacking position attributes preserve null spans in subchain reporting (159.463791ms)
✔ initial configure preserves DSL bytes and separates CPU compilation from short guarded GPU phases (12.217417ms)
✔ only the newest asynchronous generation promotes and stale initialized candidates dispose guarded (56.881375ms)
✔ a backend returned after generation supersession is destroyed guarded (11.046917ms)
✔ a backend returned after controller disposal is destroyed and remains retryable (10.2995ms)
✔ a backend rejected by Pipeline construction is destroyed guarded (1.417583ms)
✔ a failed edit retains the last-good pipeline and stable output texture (3.289792ms)
✔ compiler diagnostics reach the visible error and stay attached without dropping the last-good pipeline (4.170083ms)
✔ lexer and parser diagnostic metadata renders code and location when message exists (0.756375ms)
✔ promotion assigns the new candidate before old disposal and keeps same-size output identity (1.951542ms)
✔ configure coalesces DSL and size into one generation and clamps manual/canvas dimensions (5.686958ms)
✔ render jobs serialize normalized times, clear stale presentation, and publish after copying (4.112667ms)
✔ media replacement and disconnect rebind without deleting any host texture (0.967583ms)
✔ reset rebuilds stateful resources without replacing a same-size output object (0.900583ms)
✔ context loss performs no GL work and restoration rebuilds last-good DSL before an invalid desired edit (1.535958ms)
✔ external input states persist across active, in-flight, and restored pipelines (5.148542ms)
✔ restoration rebuilds last-good state and then replays the newest DSL edited while context-lost (1.729292ms)
✔ render failure preserves the last successful output and rebuilds before accepting another frame (0.699875ms)
✔ render recovery waits for a newer pending desired edit instead of staling it (3.637459ms)
✔ delayed async effect texture uploads re-enter the FIFO guard for the current context epoch (1.660042ms)
✔ a backend that performs GPU work after returning its promise is detected as an initialization error (4.13175ms)
▶ every shared complete-catalog failure stops before backend creation, init, or shader compile
  ✔ webgl2 (0.4605ms)
  ✔ colorBufferFloat (0.192292ms)
  ✔ floatLinear (0.456125ms)
  ✔ floatBlend (0.195125ms)
  ✔ maxTextureSize (0.252167ms)
  ✔ maxDrawBuffers (0.277667ms)
  ✔ maxTextureUnits (0.101625ms)
  ✔ maxUniformBlockSize (0.143958ms)
  ✔ maxUniformBufferBindings (0.116375ms)
  ✔ cglCacheCompatible (0.65ms)
✔ every shared complete-catalog failure stops before backend creation, init, or shader compile (4.198042ms)
✔ shared capability preflight reruns after context restoration before touching a new backend (0.742458ms)
✔ graph uniform-block overflow uses the shared public capability identity before shader execution (0.940166ms)
▶ all graph-specific defenses retain shared public capability identities
  ✔ maxDrawBuffers (0.517792ms)
  ✔ maxTextureUnits (0.4865ms)
  ✔ floatBlend (0.6915ms)
  ✔ maxUniformBufferBindings (0.280708ms)
✔ all graph-specific defenses retain shared public capability identities (13.111208ms)
✔ dispose is idempotent and all later controller methods become no-op stable results (0.421458ms)
✔ dispose releases an initialized candidate even while its init promise is pending (21.08525ms)
✔ stale candidate cleanup failures are surfaced, retained, and retried on final disposal (4.002459ms)
✔ failed replaced-candidate cleanup remains retryable after the new candidate is active (1.0075ms)
✔ final dispose retries only candidate and output resources whose cleanup failed (2.400291ms)
✔ final dispose retries a retained backend after terminal core Pipeline disposal fails (31.782792ms)
✔ state callbacks run outside guards and rejected callback promises never poison controller work (0.751292ms)
✔ every pipeline disposal clears pending async debounce timers before they can fire (71.82325ms)
✔ the active last-good candidate may finish delayed uploads during a pending edit (1.082125ms)
✔ delayed uploads from a stale unpromoted generation never enter the GL guard (1.014708ms)
✔ an output resize failure retains the complete last-good transaction (0.639917ms)
✔ concurrent compile and load paths share one lazy bootstrap (6.679417ms)
✔ failed lazy bootstrap is handled immediately and a later call retries (17.869625ms)
✔ temporary Standalone cleanup requests bounded recursive ENOTEMPTY retries (10.668791ms)
✔ temporary Standalone cleanup propagates a persistent failure after Node exhausts retries (2.294041ms)
✔ Standalone finally cleanup remains browser close then child stop then retried temp removal (24.126208ms)
✔ attests the resolved Cables Standalone 0.11.0 app identity (17.981916ms)
✔ rejects a missing Cables Standalone app.asar file (3.380542ms)
✔ rejects a missing app.asar integrity record (0.431083ms)
▶ rejects malformed app.asar integrity algorithms and hashes
  ✔ algorithm (1.844792ms)
  ✔ hash (1.040375ms)
✔ rejects malformed app.asar integrity algorithms and hashes (8.758833ms)
✔ rejects an app.asar whose independently computed hash mismatches the plist (1.50225ms)
✔ streams and hashes the exact framed ASAR JSON header bytes (19.227291ms)
▶ rejects malformed, truncated, or invalid ASAR header framing
  ✔ outer pickle (3.847875ms)
  ✔ inner pickle bounds (5.97425ms)
  ✔ truncated file (0.62025ms)
  ✔ truncated stream (1.738166ms)
  ✔ invalid JSON shape (3.075625ms)
✔ rejects malformed, truncated, or invalid ASAR header framing (18.469709ms)
✔ rejects a Cables Standalone version other than 0.11.0 (0.390542ms)
✔ rejects a missing Cables Standalone build version (0.20925ms)
✔ rejects a bundle executable that does not match the resolved executable (0.36425ms)
✔ rejects a non-Cables bundle identifier (0.920583ms)
✔ rejects a non-Cables bundle product name (0.20575ms)
✔ rejects a Linux bundle whose desktop entry is missing (52.005875ms)
✔ rejects a Linux bundle whose desktop entry omits the AppImage version (1.930709ms)
✔ rejects a Linux bundle with an unsupported AppImage version (0.444083ms)
✔ rejects a Linux bundle whose desktop entry name is not Cables (0.320042ms)
✔ attests the resolved Linux AppImage bundle identity without an embedded asar expectation (0.597209ms)
✔ attests the Linux AppImage happy path through inspectCablesStandalone (0.677042ms)
✔ rejects a Linux app.asar whose header hash is malformed (0.341333ms)
✔ rejects a Linux app.asar with invalid header framing (0.257833ms)
✔ rejects a Windows executable instead of misreading it as a Linux AppImage (0.149292ms)
✔ reads XML or binary app plists through plutil JSON conversion (0.257542ms)
✔ streams executable bytes into a canonical SHA-256 digest (1.527667ms)
✔ standalone smoke attests identity before temp creation or spawn and reports it (21.21875ms)
✔ npm archive is the exact self-contained Cables Standalone distribution (1920.03271ms)
✔ documented media DSL compiles with the pinned full Polymorphic catalog (322.961125ms)
✔ waits for child exit after escalating from SIGTERM to SIGKILL (6.700625ms)
✔ sha256 returns canonical lowercase hexadecimal (8.129125ms)
✔ effect artifact paths cannot escape the cache root (6.262583ms)
✔ manifest duplicate detection runs before ordinary JSON parsing (1.064208ms)
✔ update writes deterministic metadata and bytes for the complete manifest (391.867625ms)
✔ update rejects a symlinked cache root without touching its target (100.742667ms)
✔ update rejects a symlinked cache descendant without touching its target (48.897166ms)
✔ verify rejects a symlinked cache root (47.829584ms)
✔ verify rejects a symlinked cache descendant (37.569834ms)
✔ verify rejects an artifact path that escapes the cache root (35.399916ms)
✔ verify rejects a modified byte even when the size is unchanged (39.860416ms)
✔ verify rejects a missing artifact file (33.823875ms)
✔ verify rejects duplicate manifest IDs even when the lock digest matches (58.176042ms)
✔ verify rejects a manifest effect with no locked bundle (43.33925ms)
✔ verify rejects a locked bundle absent from the manifest (70.403375ms)
✔ verify rejects a registration count that differs from the manifest (46.057834ms)
✔ checked-in lock pins the complete 210-effect catalog (443.97825ms)
ℹ tests 265
ℹ suites 0
ℹ pass 265
ℹ fail 0
ℹ cancelled 0
ℹ skipped 0
ℹ todo 0
ℹ duration_ms 31456.409765
