✔ legacy noiseType parameter compiles with the pinned reference diagnostic (770.530787ms)
✔ canonical parameters win over legacy aliases while retaining the native warning (179.7895ms)
✔ legacy aliases do not leak into a same-named effect in another namespace (199.692207ms)
✔ every pinned legacy parameter alias matches the independently registered reference (350.468507ms)
✔ every pinned deprecated effect emits the reference deprecation diagnostic (251.23417ms)
✔ full Polymorphic corpus matches the separately instantiated pinned compiler (266.182741ms)
✔ public compiler rejects output surfaces outside o0-o7 in every DSL position (2.324579ms)
✔ mutation introspection excludes builtin pipeline steps (180.741094ms)
✔ diagnostic locations preserve source columns (106.678678ms)
✔ structured DSL lexer diagnostics attach diagnostic metadata to thrown SyntaxError (105.262691ms)
✔ structured DSL parser expectation diagnostics attach diagnostic metadata to thrown SyntaxError (105.102187ms)
✔ parser expectation diagnostics represent unavailable caller-token coordinates explicitly (101.518786ms)
✔ renderLandscape3d filtering modes match the vendored reference compiler and select expected defines (111.063009ms)
✔ structured DSL automation diagnostics attach diagnostic metadata to thrown SyntaxError (110.748591ms)
✔ parser automation diagnostics preserve unavailable caller-token coordinates (112.776193ms)
✔ valid automation invocations retain AST defaults and keys (120.256714ms)
✔ structured DSL search directive diagnostics attach diagnostic metadata to thrown SyntaxError (116.610161ms)
✔ parser search diagnostics preserve unavailable caller-token coordinates (114.016595ms)
✔ valid search directives retain namespace order, keyword namespaces, and compiled indexes (120.553181ms)
✔ structured DSL output validation diagnostics attach diagnostic metadata to thrown SyntaxError (118.57537ms)
✔ parser output diagnostics preserve unavailable caller-token coordinates (117.867313ms)
✔ structured DSL subchain validation diagnostics attach diagnostic metadata to thrown SyntaxError (111.287895ms)
✔ parser subchain diagnostics preserve unavailable caller-token coordinates (113.882061ms)
✔ valid subchains preserve permissive arguments, defaults, body and compiled indexes (116.562649ms)
✔ subchain syntax preserves shared expectation diagnostic precedence (112.537336ms)
✔ structured DSL call form diagnostics attach diagnostic metadata to thrown SyntaxError (105.883418ms)
✔ parser call form diagnostics preserve unavailable caller-token coordinates (109.94964ms)
✔ structured DSL remaining expectation diagnostics attach diagnostic metadata to thrown SyntaxError (111.339176ms)
✔ parser remaining expectation diagnostics preserve unavailable caller-token coordinates (111.989932ms)
✔ number coercion diagnostics represent unavailable locations explicitly and preserve available locations (110.463414ms)
✔ valid call forms retain from override namespaces and mixed automation arguments (113.175742ms)
✔ GAP-027: subchain argument validation contract exposes P008, P009, P010 diagnostics in permissive mode (109.883888ms)
✔ upstream texture-policy fields (mipmaps/persistent/3D filter) propagate from effect definitions into compiled texture specs (112.837484ms)
✔ GAP-027: strict opt-in mode rejects subchain argument violations with SyntaxError (112.709451ms)
✔ parser diagnostic source coordinates survive scanner drift (112.075045ms)
✔ caller tokens lacking position attributes preserve null spans in subchain reporting (118.786905ms)
ℹ tests 36
ℹ suites 0
ℹ pass 36
ℹ fail 0
ℹ cancelled 0
ℹ skipped 0
ℹ todo 0
ℹ duration_ms 5481.014916
