
> @noisefactor/noisemaker-for-cables@0.1.0 test
> node --test test/*.test.js

✔ FLOAT readback stays top-down Float32 without clamping negative or HDR channels (2.234778ms)
✔ FLOAT readback rejects non-finite channels (0.511253ms)
✔ sub-RGBA8 fractional differences invisible in RGBA8 fail native parity and exact copy (0.571444ms)
✔ negative differences invisible in RGBA8 fail native parity and exact copy (0.466082ms)
✔ HDR differences invisible in RGBA8 fail native parity and exact copy (0.245606ms)
✔ concatenation preserves native negative and HDR float channels (0.297967ms)
✔ exact readback comparison uses raw Float32 bits for signed zero and NaN payloads (0.469652ms)
✔ generated effect entry statically imports every locked effect exactly once in ID order (14.577266ms)
✔ engine facade loads the pinned catalog and compiles with the reference Polymorphic compiler (202.721944ms)
✔ pinned core exposes renderer sinks and bounded WebGL2 frame export (2.114655ms)
✔ pinned core supports device-qualified MIDI and audio automation (8.419267ms)
✔ pinned core preserves and evaluates nested automation sources (2.500325ms)
✔ browser bundle is self-contained while preserving caller-requested native fetch (287.686184ms)
✔ browser bundle compiles legacy noiseType with the pinned native warning (54.802012ms)
✔ pinned core and cables runtime compile chained variable alias syntax into valid render graph passes (55.399108ms)
✔ pinned core validates legacy MIDI channels as static integers 1 to 16 (8.444557ms)
✔ pinned core pipeline recreates global surfaces when format changes (2.972017ms)
✔ pinned core Pipeline preserves scoped texture dimensions across setUniform (1.679443ms)
✔ pinned core SinkManager supports shouldDeferRender backpressure lifecycle (0.532794ms)
✔ pinned core Pipeline delegates shouldDeferRender to its sinkManager (0.345089ms)
✔ real backend is a pinned WebGL2Backend subclass and present only records the ID (2.614467ms)
✔ presented texture info includes the reference texture and FBO without mutating it (0.834232ms)
✔ missing presentation and missing presented textures are categorized separately (0.583445ms)
✔ ownership is explicit and replacing owned records uses the superclass destroy path (0.693948ms)
✔ destroy is idempotent, releases owned/default textures once, and preserves CGL handles (0.605066ms)
✔ updateTextureFromSource detaches external/default records before any CPU upload (1.039227ms)
✔ updateTextureFromSource supports borrowed VideoFrame and validates dimensions (0.503903ms)
✔ _uploadMeshTexture detaches external/default records before any CPU upload (0.513333ms)
✔ uploadDataTexture detaches external/default records before any CPU upload (0.527733ms)
✔ uploadCubeFace detaches external/default records before uploading into an owned cubemap (1.238061ms)
✔ all reference allocation paths detach non-owning records and their adapter FBOs first (0.687587ms)
✔ backend destruction retries superclass failure without repeating successful adapter cleanup (0.789321ms)
✔ compileProgram preserves fragment compile errors and releases the compiled vertex shader (1.129729ms)
✔ compileProgram preserves link errors and releases both shaders and the failed program (0.502213ms)
✔ compileProgram keeps a successful reference-shaped program and releases only its shaders (0.504613ms)
✔ compileProgram releases every partial uniform-block buffer when later compilation fails (0.885713ms)
✔ compileProgram still releases uniform-block buffers when failed-program deletion also throws (0.524764ms)
✔ compileProgram merges inner uniform-buffer and outer program cleanup failures in order (0.446872ms)
✔ backend destroy releases successful uniform-block buffers exactly once (0.444161ms)
✔ backend destroy retries only uniform-block buffers whose deletion failed (1.392046ms)
✔ output copier keeps one RGBA16F nearest/clamp CGL texture per size (0.828181ms)
✔ output resize preserves the last-good texture and retries failed retirement without leaks (0.276297ms)
✔ output resize retains a failed replacement cleanup for a later successful resize retry (0.306368ms)
✔ output copier blits exact matching RGBA16F texels between private FBOs (0.535674ms)
✔ output copier categorizes a null destination FBO without binding the default framebuffer (0.282918ms)
✔ output copier rejects an incomplete destination before blit or fallback drawing (0.316389ms)
✔ output copier uses texelFetch fallback when the exact-copy read FBO is incomplete (0.234886ms)
✔ output copier falls back when native blit throws or reports a GL error (0.308788ms)
✔ output copier propagates fallback failure instead of reporting stale success (0.434351ms)
✔ output copier categorizes a native GL error after fallback drawing (0.226506ms)
✔ output copier rejects scaling and falls back to integer texelFetch (0.432881ms)
✔ default output fallback compiles the dedicated texelFetch program and disposes it once (0.856852ms)
✔ default output fallback cleans a compiled vertex shader when fragment compilation fails (0.288027ms)
✔ output copier disposal retries only failed resources and rejects work after disposal starts (0.615846ms)
✔ production fallback disposal retries a failed program delete without repeating successes (0.588315ms)
▶ complete-catalog capability failures are structured, frozen, and preserve issue messages
  ✔ webgl2 (1.916749ms)
  ✔ colorBufferFloat (1.443208ms)
  ✔ floatLinear (0.196255ms)
  ✔ floatBlend (0.210575ms)
  ✔ maxTextureSize (0.309308ms)
  ✔ maxDrawBuffers (0.206935ms)
  ✔ maxTextureUnits (0.176314ms)
  ✔ maxUniformBlockSize (0.178024ms)
  ✔ maxUniformBufferBindings (0.232926ms)
  ✔ cglCacheCompatible (3.626574ms)
✔ complete-catalog capability failures are structured, frozen, and preserve issue messages (11.420365ms)
✔ the exact documented complete-catalog boundary is supported with the public shape intact (0.242526ms)
✔ every locked effect has an explicit valid Polymorphic catalog program (380.780713ms)
✔ concurrent whole-catalog registration calls share one batch promise (1.894019ms)
✔ failed mid-batch registration retries with persistent choices and no repeated successful aliases (6.510257ms)
✔ bootCore registers standard enums and starter ops once per core instance (1.728315ms)
✔ registerEffectInstance registers aliases, op metadata, starters, enums, and aliases once (5.344768ms)
✔ registerEffectInstance instantiates class exports and attaches static shaders (0.352549ms)
✔ finalizeEnums merges accumulated choices once per core and choice object (0.320818ms)
✔ findExternalTextureIds detects every unique graph input ending in _step_N (1.840867ms)
✔ one CGL texture binds its .tex handle and dimensions to every external input (0.616096ms)
✔ disconnect binds transparent default records without deleting the prior host texture (0.321219ms)
✔ rebinding after graph texture recreation replaces every detected record again (0.315808ms)
✔ captureGLState and restoreGLState preserve complete shared WebGL2 state (5.582694ms)
✔ prepareNoisemakerGLState establishes a canonical guest baseline inside an exact host guard (2.987857ms)
✔ captureGLState feature-detects optional texture targets (1.019846ms)
✔ withGLState preserves a synchronous return value and invalidates pinned CGL caches last (1.180851ms)
✔ withGLState restores after synchronous throws (1.332454ms)
✔ withGLState preserves a synchronous callback failure and collects every cleanup failure (0.980225ms)
✔ withGLState reports all cleanup failures after successful sync and async callbacks (1.9311ms)
✔ withGLState preserves asynchronous values and restores on fulfillment or rejection (1.856658ms)
✔ withGLState preserves an asynchronous rejection as primary when cleanup also fails (0.709048ms)
✔ withGLState ends active guest transform feedback before restoring host state (0.961005ms)
✔ withGLState fails closed before the callback when host transform feedback is active (0.531274ms)
✔ withGLState fails closed for unknown CGL cache shapes despite predicate or custom hooks (0.503203ms)
✔ installer forwards the selected capability inspector by identity (2.808662ms)
✔ installer creates the exact native port contract and one visible initial configuration (1.757335ms)
✔ synchronous compile-affecting changes coalesce and non-compile ports wire directly (0.766349ms)
✔ each configuration snapshots the current linked texture before compiling (0.751229ms)
✔ configuration observes input rejection before invoking fallible configure (0.522944ms)
✔ delete prevents configure after a pending input snapshot resolves (0.39836ms)
✔ controller state publishes Texture, Ready, Error, and matching UI errors (0.553625ms)
✔ Render remains synchronous, handles its promise, publishes before Next, and never throws (1.393585ms)
✔ Canvas Render transactionally resizes once before render and Next while Manual ignores host changes (1.18112ms)
✔ overlapping Canvas resize renders are latest-wins when the obsolete resize settles first (0.864832ms)
✔ a current Canvas resize rejection is terminal without retry, render, Next, or unhandled rejection (7.163345ms)
✔ a handled Canvas resize nonpromotion is terminal without retry, render, or Next (0.801761ms)
▶ disposal during a pending Canvas resize cannot request, render, Next, or leak rejection
  ✔ resolve (1.218151ms)
  ✔ reject (0.699408ms)
✔ disposal during a pending Canvas resize cannot request, render, Next, or leak rejection (2.507214ms)
✔ context lifecycle listeners and onDelete forward safely and clean up exactly once (0.441211ms)
✔ pending render, configure, context, and state continuations become inert after onDelete (0.626746ms)
✔ native wrapper, namespace metadata, op metadata, and docs are distribution-complete (4.726672ms)
✔ private package metadata describes the portable Cables distribution (10.10881ms)
✔ published files are limited to package assets and lock metadata (1.346205ms)
✔ package scripts expose the complete development workflow (2.007741ms)
✔ source facade exposes only the planned bridge APIs (1.045187ms)
✔ README identifies Noisemaker for Cables, its package, and its single-op scope (1.058347ms)
✔ reproducible vendor source is tracked while generated and local-only data is ignored (0.940994ms)
✔ catalog documentation defines the versioned vendor-cache and update-only mutable alias (1.350144ms)
✔ agent process artifact directories are absent and ignored from initial staging (1.55131ms)
✔ legacy noiseType parameter compiles with the pinned reference diagnostic (481.094708ms)
✔ canonical parameters win over legacy aliases while retaining the native warning (118.462193ms)
✔ legacy aliases do not leak into a same-named effect in another namespace (111.75191ms)
✔ every pinned legacy parameter alias matches the independently registered reference (301.140741ms)
✔ every pinned deprecated effect emits the reference deprecation diagnostic (128.717237ms)
✔ full Polymorphic corpus matches the separately instantiated pinned compiler (154.402609ms)
✔ public compiler rejects output surfaces outside o0-o7 in every DSL position (1.701884ms)
✔ mutation introspection excludes builtin pipeline steps (112.758166ms)
✔ diagnostic locations preserve source columns (121.421429ms)
✔ structured DSL lexer diagnostics attach diagnostic metadata to thrown SyntaxError (106.813383ms)
✔ structured DSL parser expectation diagnostics attach diagnostic metadata to thrown SyntaxError (115.476736ms)
✔ parser expectation diagnostics represent unavailable caller-token coordinates explicitly (106.70345ms)
✔ renderLandscape3d filtering modes match the vendored reference compiler and select expected defines (110.657812ms)
✔ structured DSL automation diagnostics attach diagnostic metadata to thrown SyntaxError (116.172843ms)
✔ parser automation diagnostics preserve unavailable caller-token coordinates (109.42669ms)
✔ valid automation invocations retain AST defaults and keys (110.148658ms)
✔ structured DSL search directive diagnostics attach diagnostic metadata to thrown SyntaxError (107.981072ms)
✔ parser search diagnostics preserve unavailable caller-token coordinates (103.535798ms)
✔ valid search directives retain namespace order, keyword namespaces, and compiled indexes (99.082233ms)
✔ structured DSL output validation diagnostics attach diagnostic metadata to thrown SyntaxError (103.458666ms)
✔ parser output diagnostics preserve unavailable caller-token coordinates (104.308188ms)
✔ structured DSL subchain validation diagnostics attach diagnostic metadata to thrown SyntaxError (115.241149ms)
✔ parser subchain diagnostics preserve unavailable caller-token coordinates (114.834119ms)
✔ valid subchains preserve permissive arguments, defaults, body and compiled indexes (115.345382ms)
✔ subchain syntax preserves shared expectation diagnostic precedence (116.996155ms)
✔ structured DSL call form diagnostics attach diagnostic metadata to thrown SyntaxError (111.244527ms)
✔ parser call form diagnostics preserve unavailable caller-token coordinates (106.31193ms)
✔ structured DSL remaining expectation diagnostics attach diagnostic metadata to thrown SyntaxError (108.581329ms)
✔ parser remaining expectation diagnostics preserve unavailable caller-token coordinates (105.570091ms)
✔ number coercion diagnostics represent unavailable locations explicitly and preserve available locations (105.94243ms)
✔ valid call forms retain from override namespaces and mixed automation arguments (104.282497ms)
✔ GAP-027: subchain argument validation contract exposes P008, P009, P010 diagnostics in permissive mode (99.753981ms)
✔ upstream texture-policy fields (mipmaps/persistent/3D filter) propagate from effect definitions into compiled texture specs (110.995161ms)
✔ GAP-027: strict opt-in mode rejects subchain argument violations with SyntaxError (111.304638ms)
✔ parser diagnostic source coordinates survive scanner drift (107.540061ms)
✔ caller tokens lacking position attributes preserve null spans in subchain reporting (104.481883ms)
✔ initial configure preserves DSL bytes and separates CPU compilation from short guarded GPU phases (6.235611ms)
✔ only the newest asynchronous generation promotes and stale initialized candidates dispose guarded (8.615352ms)
✔ a backend returned after generation supersession is destroyed guarded (1.433367ms)
✔ a backend returned after controller disposal is destroyed and remains retryable (1.54461ms)
✔ a backend rejected by Pipeline construction is destroyed guarded (4.28562ms)
✔ a failed edit retains the last-good pipeline and stable output texture (0.628136ms)
✔ promotion assigns the new candidate before old disposal and keeps same-size output identity (0.879642ms)
✔ configure coalesces DSL and size into one generation and clamps manual/canvas dimensions (1.029907ms)
✔ render jobs serialize normalized times, clear stale presentation, and publish after copying (1.15859ms)
✔ media replacement and disconnect rebind without deleting any host texture (0.76313ms)
✔ reset rebuilds stateful resources without replacing a same-size output object (0.79642ms)
✔ context loss performs no GL work and restoration rebuilds last-good DSL before an invalid desired edit (1.066788ms)
✔ external input states persist across active, in-flight, and restored pipelines (6.98724ms)
✔ restoration rebuilds last-good state and then replays the newest DSL edited while context-lost (0.697588ms)
✔ render failure preserves the last successful output and rebuilds before accepting another frame (0.462212ms)
✔ render recovery waits for a newer pending desired edit instead of staling it (2.158386ms)
✔ delayed async effect texture uploads re-enter the FIFO guard for the current context epoch (1.245102ms)
✔ a backend that performs GPU work after returning its promise is detected as an initialization error (1.211651ms)
▶ every shared complete-catalog failure stops before backend creation, init, or shader compile
  ✔ webgl2 (0.500643ms)
  ✔ colorBufferFloat (0.215495ms)
  ✔ floatLinear (0.187945ms)
  ✔ floatBlend (0.162914ms)
  ✔ maxTextureSize (0.212116ms)
  ✔ maxDrawBuffers (0.229816ms)
  ✔ maxTextureUnits (0.157034ms)
  ✔ maxUniformBlockSize (0.197985ms)
  ✔ maxUniformBufferBindings (0.297328ms)
  ✔ cglCacheCompatible (0.4139ms)
✔ every shared complete-catalog failure stops before backend creation, init, or shader compile (3.959993ms)
✔ shared capability preflight reruns after context restoration before touching a new backend (0.832081ms)
✔ graph uniform-block overflow uses the shared public capability identity before shader execution (0.801111ms)
▶ all graph-specific defenses retain shared public capability identities
  ✔ maxDrawBuffers (0.501983ms)
  ✔ maxTextureUnits (0.328899ms)
  ✔ floatBlend (0.651027ms)
  ✔ maxUniformBufferBindings (0.318508ms)
✔ all graph-specific defenses retain shared public capability identities (2.505254ms)
✔ dispose is idempotent and all later controller methods become no-op stable results (1.387686ms)
✔ dispose releases an initialized candidate even while its init promise is pending (5.679586ms)
✔ stale candidate cleanup failures are surfaced, retained, and retried on final disposal (0.799361ms)
✔ failed replaced-candidate cleanup remains retryable after the new candidate is active (0.603455ms)
✔ final dispose retries only candidate and output resources whose cleanup failed (0.553924ms)
✔ final dispose retries a retained backend after terminal core Pipeline disposal fails (22.223522ms)
✔ state callbacks run outside guards and rejected callback promises never poison controller work (0.411501ms)
✔ every pipeline disposal clears pending async debounce timers before they can fire (70.822445ms)
✔ the active last-good candidate may finish delayed uploads during a pending edit (0.996385ms)
✔ delayed uploads from a stale unpromoted generation never enter the GL guard (0.672218ms)
✔ an output resize failure retains the complete last-good transaction (0.547134ms)
✔ concurrent compile and load paths share one lazy bootstrap (1.771226ms)
✔ failed lazy bootstrap is handled immediately and a later call retries (8.632833ms)
✔ temporary Standalone cleanup requests bounded recursive ENOTEMPTY retries (2.30697ms)
✔ temporary Standalone cleanup propagates a persistent failure after Node exhausts retries (0.74222ms)
✔ Standalone finally cleanup remains browser close then child stop then retried temp removal (4.841135ms)
✔ attests the resolved Cables Standalone 0.11.0 app identity (3.176272ms)
✔ rejects a missing Cables Standalone app.asar file (0.877203ms)
✔ rejects a missing app.asar integrity record (0.534754ms)
▶ rejects malformed app.asar integrity algorithms and hashes
  ✔ algorithm (0.422841ms)
  ✔ hash (0.329108ms)
✔ rejects malformed app.asar integrity algorithms and hashes (1.230212ms)
✔ rejects an app.asar whose independently computed hash mismatches the plist (0.643137ms)
✔ streams and hashes the exact framed ASAR JSON header bytes (4.292241ms)
▶ rejects malformed, truncated, or invalid ASAR header framing
  ✔ outer pickle (0.473812ms)
  ✔ inner pickle bounds (0.548444ms)
  ✔ truncated file (0.261407ms)
  ✔ truncated stream (0.722768ms)
  ✔ invalid JSON shape (0.77409ms)
✔ rejects malformed, truncated, or invalid ASAR header framing (3.563492ms)
✔ rejects a Cables Standalone version other than 0.11.0 (0.295187ms)
✔ rejects a missing Cables Standalone build version (0.233486ms)
✔ rejects a bundle executable that does not match the resolved executable (0.340089ms)
✔ rejects a non-Cables bundle identifier (0.279427ms)
✔ rejects a non-Cables bundle product name (0.272307ms)
✔ rejects an executable outside an app Contents/MacOS directory (0.465492ms)
✔ reads XML or binary app plists through plutil JSON conversion (0.319778ms)
✔ streams executable bytes into a canonical SHA-256 digest (0.945764ms)
✔ standalone smoke attests identity before temp creation or spawn and reports it (14.624736ms)
✔ npm archive is the exact self-contained Cables Standalone distribution (634.758428ms)
✔ documented media DSL compiles with the pinned full Polymorphic catalog (203.558336ms)
✔ waits for child exit after escalating from SIGTERM to SIGKILL (1.729755ms)
✔ sha256 returns canonical lowercase hexadecimal (1.731424ms)
✔ effect artifact paths cannot escape the cache root (0.694518ms)
✔ manifest duplicate detection runs before ordinary JSON parsing (0.538134ms)
✔ update writes deterministic metadata and bytes for the complete manifest (81.917551ms)
✔ update rejects a symlinked cache root without touching its target (12.475552ms)
✔ update rejects a symlinked cache descendant without touching its target (11.893756ms)
✔ verify rejects a symlinked cache root (21.295019ms)
✔ verify rejects a symlinked cache descendant (17.721336ms)
✔ verify rejects an artifact path that escapes the cache root (18.290142ms)
✔ verify rejects a modified byte even when the size is unchanged (19.690938ms)
✔ verify rejects a missing artifact file (18.894987ms)
✔ verify rejects duplicate manifest IDs even when the lock digest matches (22.152571ms)
✔ verify rejects a manifest effect with no locked bundle (19.665247ms)
✔ verify rejects a locked bundle absent from the manifest (32.762504ms)
✔ verify rejects a registration count that differs from the manifest (24.202614ms)
✔ checked-in lock pins the complete 210-effect catalog (231.017733ms)
ℹ tests 246
ℹ suites 0
ℹ pass 246
ℹ fail 0
ℹ cancelled 0
ℹ skipped 0
ℹ todo 0
ℹ duration_ms 8527.939007
