
> @noisefactor/noisemaker-for-cables@0.1.0 test
> node --test test/*.test.js

✔ FLOAT readback stays top-down Float32 without clamping negative or HDR channels (2.541322ms)
✔ FLOAT readback rejects non-finite channels (0.771289ms)
✔ sub-RGBA8 fractional differences invisible in RGBA8 fail native parity and exact copy (0.515513ms)
✔ negative differences invisible in RGBA8 fail native parity and exact copy (0.416639ms)
✔ HDR differences invisible in RGBA8 fail native parity and exact copy (0.264686ms)
✔ concatenation preserves native negative and HDR float channels (0.504431ms)
✔ exact readback comparison uses raw Float32 bits for signed zero and NaN payloads (0.257246ms)
✔ generated effect entry statically imports every locked effect exactly once in ID order (15.967207ms)
✔ engine facade loads the pinned catalog and compiles with the reference Polymorphic compiler (240.751852ms)
✔ pinned core exposes renderer sinks and bounded WebGL2 frame export (2.297457ms)
✔ pinned core supports device-qualified MIDI and audio automation (5.144805ms)
✔ pinned core preserves and evaluates nested automation sources (2.647424ms)
✔ browser bundle is self-contained while preserving caller-requested native fetch (356.386132ms)
✔ browser bundle compiles legacy noiseType with the pinned native warning (62.269168ms)
✔ pinned core and cables runtime compile chained variable alias syntax into valid render graph passes (59.829449ms)
✔ pinned core validates legacy MIDI channels as static integers 1 to 16 (9.853148ms)
✔ pinned core pipeline recreates global surfaces when format changes (3.096315ms)
✔ pinned core Pipeline preserves scoped texture dimensions across setUniform (1.716992ms)
✔ pinned core SinkManager supports shouldDeferRender backpressure lifecycle (0.549743ms)
✔ pinned core Pipeline delegates shouldDeferRender to its sinkManager (0.559454ms)
✔ real backend is a pinned WebGL2Backend subclass and present only records the ID (2.341236ms)
✔ presented texture info includes the reference texture and FBO without mutating it (0.656775ms)
✔ missing presentation and missing presented textures are categorized separately (0.651146ms)
✔ ownership is explicit and replacing owned records uses the superclass destroy path (0.681827ms)
✔ destroy is idempotent, releases owned/default textures once, and preserves CGL handles (0.84048ms)
✔ updateTextureFromSource detaches external/default records before any CPU upload (1.141617ms)
✔ updateTextureFromSource supports borrowed VideoFrame and validates dimensions (0.518363ms)
✔ _uploadMeshTexture detaches external/default records before any CPU upload (0.540763ms)
✔ uploadDataTexture detaches external/default records before any CPU upload (0.533054ms)
✔ uploadCubeFace detaches external/default records before uploading into an owned cubemap (0.906032ms)
✔ all reference allocation paths detach non-owning records and their adapter FBOs first (0.481081ms)
✔ backend destruction retries superclass failure without repeating successful adapter cleanup (0.618695ms)
✔ compileProgram preserves fragment compile errors and releases the compiled vertex shader (1.159498ms)
✔ compileProgram preserves link errors and releases both shaders and the failed program (0.544384ms)
✔ compileProgram keeps a successful reference-shaped program and releases only its shaders (0.470671ms)
✔ compileProgram releases every partial uniform-block buffer when later compilation fails (0.962633ms)
✔ compileProgram still releases uniform-block buffers when failed-program deletion also throws (0.611315ms)
✔ compileProgram merges inner uniform-buffer and outer program cleanup failures in order (0.43497ms)
✔ backend destroy releases successful uniform-block buffers exactly once (0.478142ms)
✔ backend destroy retries only uniform-block buffers whose deletion failed (0.467991ms)
✔ output copier keeps one RGBA16F nearest/clamp CGL texture per size (2.072211ms)
✔ output resize preserves the last-good texture and retries failed retirement without leaks (0.319297ms)
✔ output resize retains a failed replacement cleanup for a later successful resize retry (0.316787ms)
✔ output copier blits exact matching RGBA16F texels between private FBOs (0.501292ms)
✔ output copier categorizes a null destination FBO without binding the default framebuffer (0.295457ms)
✔ output copier rejects an incomplete destination before blit or fallback drawing (0.303447ms)
✔ output copier uses texelFetch fallback when the exact-copy read FBO is incomplete (0.448922ms)
✔ output copier falls back when native blit throws or reports a GL error (0.320148ms)
✔ output copier propagates fallback failure instead of reporting stale success (0.250866ms)
✔ output copier categorizes a native GL error after fallback drawing (0.236046ms)
✔ output copier rejects scaling and falls back to integer texelFetch (0.455531ms)
✔ default output fallback compiles the dedicated texelFetch program and disposes it once (1.126288ms)
✔ default output fallback cleans a compiled vertex shader when fragment compilation fails (0.497093ms)
✔ output copier disposal retries only failed resources and rejects work after disposal starts (0.492821ms)
✔ production fallback disposal retries a failed program delete without repeating successes (0.566374ms)
▶ complete-catalog capability failures are structured, frozen, and preserve issue messages
  ✔ webgl2 (2.563061ms)
  ✔ colorBufferFloat (4.850078ms)
  ✔ floatLinear (0.211415ms)
  ✔ floatBlend (0.233416ms)
  ✔ maxTextureSize (0.241686ms)
  ✔ maxDrawBuffers (0.239595ms)
  ✔ maxTextureUnits (0.230805ms)
  ✔ maxUniformBlockSize (0.214115ms)
  ✔ maxUniformBufferBindings (0.479632ms)
  ✔ cglCacheCompatible (0.790699ms)
✔ complete-catalog capability failures are structured, frozen, and preserve issue messages (13.067296ms)
✔ the exact documented complete-catalog boundary is supported with the public shape intact (0.271518ms)
✔ every locked effect has an explicit valid Polymorphic catalog program (409.067848ms)
✔ qualified scope covers the full catalog with only the compile-only exclusion (9.307807ms)
✔ the committed kit declaration matches the qualified scope exactly (2.955992ms)
✔ pre-delivery rejection: mode "all" is rejected (1.210779ms)
✔ pre-delivery rejection: an unqualified id in the declaration is rejected (1.537507ms)
✔ pre-delivery rejection: an omitted qualified id is rejected (2.038259ms)
✔ pre-delivery rejection: a renamed qualified id fails (identity control) (1.612329ms)
✔ pre-delivery rejection: duplicate ids are rejected (1.562287ms)
✔ the gate CLI accepts the committed declaration (49.066539ms)
✔ concurrent whole-catalog registration calls share one batch promise (2.014499ms)
✔ failed mid-batch registration retries with persistent choices and no repeated successful aliases (6.116488ms)
✔ bootCore registers standard enums and starter ops once per core instance (2.450289ms)
✔ registerEffectInstance registers aliases, op metadata, starters, enums, and aliases once (3.778461ms)
✔ registerEffectInstance instantiates class exports and attaches static shaders (0.41563ms)
✔ finalizeEnums merges accumulated choices once per core and choice object (0.347538ms)
✔ findExternalTextureIds detects every unique graph input ending in _step_N (2.152202ms)
✔ one CGL texture binds its .tex handle and dimensions to every external input (0.777559ms)
✔ disconnect binds transparent default records without deleting the prior host texture (0.338688ms)
✔ rebinding after graph texture recreation replaces every detected record again (0.856131ms)
✔ captureGLState and restoreGLState preserve complete shared WebGL2 state (6.418565ms)
✔ prepareNoisemakerGLState establishes a canonical guest baseline inside an exact host guard (3.755701ms)
✔ captureGLState feature-detects optional texture targets (0.958643ms)
✔ withGLState preserves a synchronous return value and invalidates pinned CGL caches last (1.062435ms)
✔ withGLState restores after synchronous throws (1.628249ms)
✔ withGLState preserves a synchronous callback failure and collects every cleanup failure (1.27626ms)
✔ withGLState reports all cleanup failures after successful sync and async callbacks (1.804003ms)
✔ withGLState preserves asynchronous values and restores on fulfillment or rejection (2.41012ms)
✔ withGLState preserves an asynchronous rejection as primary when cleanup also fails (0.966233ms)
✔ withGLState ends active guest transform feedback before restoring host state (1.098736ms)
✔ withGLState fails closed before the callback when host transform feedback is active (0.920553ms)
✔ withGLState fails closed for unknown CGL cache shapes despite predicate or custom hooks (0.703377ms)
✔ installer forwards the selected capability inspector by identity (3.106115ms)
✔ installer creates the exact native port contract and one visible initial configuration (2.291146ms)
✔ synchronous compile-affecting changes coalesce and non-compile ports wire directly (1.075506ms)
✔ each configuration snapshots the current linked texture before compiling (0.555723ms)
✔ configuration observes input rejection before invoking fallible configure (0.596915ms)
✔ delete prevents configure after a pending input snapshot resolves (0.653736ms)
✔ controller state publishes Texture, Ready, Error, and matching UI errors (0.342308ms)
✔ structured compiler diagnostics from the controller state reach the Error port and UI error (1.959368ms)
✔ Render remains synchronous, handles its promise, publishes before Next, and never throws (1.308952ms)
✔ Canvas Render transactionally resizes once before render and Next while Manual ignores host changes (1.148227ms)
✔ overlapping Canvas resize renders are latest-wins when the obsolete resize settles first (0.780769ms)
✔ a current Canvas resize rejection is terminal without retry, render, Next, or unhandled rejection (8.764353ms)
✔ a handled Canvas resize nonpromotion is terminal without retry, render, or Next (0.977263ms)
▶ disposal during a pending Canvas resize cannot request, render, Next, or leak rejection
  ✔ resolve (1.667911ms)
  ✔ reject (1.051806ms)
✔ disposal during a pending Canvas resize cannot request, render, Next, or leak rejection (3.416613ms)
✔ context lifecycle listeners and onDelete forward safely and clean up exactly once (0.491923ms)
✔ pending render, configure, context, and state continuations become inert after onDelete (0.475421ms)
✔ native wrapper, namespace metadata, op metadata, and docs are distribution-complete (7.124312ms)
✔ private package metadata describes the portable Cables distribution (11.786396ms)
✔ published files are limited to package assets and lock metadata (1.445744ms)
✔ package scripts expose the complete development workflow (2.876299ms)
✔ source facade exposes only the planned bridge APIs (1.288122ms)
✔ README identifies Noisemaker for Cables, its package, and its single-op scope (1.326921ms)
✔ reproducible vendor source is tracked while generated and local-only data is ignored (1.481516ms)
✔ catalog documentation defines the versioned vendor-cache and update-only mutable alias (1.787473ms)
✔ agent process artifact directories are absent and ignored from initial staging (1.621679ms)
✔ legacy noiseType parameter compiles with the pinned reference diagnostic (575.338223ms)
✔ canonical parameters win over legacy aliases while retaining the native warning (129.456904ms)
✔ legacy aliases do not leak into a same-named effect in another namespace (116.305587ms)
✔ every pinned legacy parameter alias matches the independently registered reference (297.156188ms)
✔ every pinned deprecated effect emits the reference deprecation diagnostic (137.10625ms)
✔ full Polymorphic corpus matches the separately instantiated pinned compiler (150.523145ms)
✔ public compiler rejects output surfaces outside o0-o7 in every DSL position (1.848415ms)
✔ mutation introspection excludes builtin pipeline steps (119.447734ms)
✔ diagnostic locations preserve source columns (126.586606ms)
✔ structured DSL lexer diagnostics attach diagnostic metadata to thrown SyntaxError (118.92597ms)
✔ structured DSL parser expectation diagnostics attach diagnostic metadata to thrown SyntaxError (117.971447ms)
✔ parser expectation diagnostics represent unavailable caller-token coordinates explicitly (117.997438ms)
✔ renderLandscape3d filtering modes match the vendored reference compiler and select expected defines (135.01955ms)
✔ structured DSL automation diagnostics attach diagnostic metadata to thrown SyntaxError (128.504892ms)
✔ parser automation diagnostics preserve unavailable caller-token coordinates (118.315165ms)
✔ valid automation invocations retain AST defaults and keys (112.865813ms)
✔ structured DSL search directive diagnostics attach diagnostic metadata to thrown SyntaxError (123.758757ms)
✔ parser search diagnostics preserve unavailable caller-token coordinates (114.159114ms)
✔ valid search directives retain namespace order, keyword namespaces, and compiled indexes (112.603567ms)
✔ structured DSL output validation diagnostics attach diagnostic metadata to thrown SyntaxError (110.012544ms)
✔ parser output diagnostics preserve unavailable caller-token coordinates (112.275228ms)
✔ structured DSL subchain validation diagnostics attach diagnostic metadata to thrown SyntaxError (112.756001ms)
✔ parser subchain diagnostics preserve unavailable caller-token coordinates (108.017786ms)
✔ valid subchains preserve permissive arguments, defaults, body and compiled indexes (109.667926ms)
✔ subchain syntax preserves shared expectation diagnostic precedence (107.956834ms)
✔ structured DSL call form diagnostics attach diagnostic metadata to thrown SyntaxError (112.861323ms)
✔ parser call form diagnostics preserve unavailable caller-token coordinates (113.447347ms)
✔ structured DSL remaining expectation diagnostics attach diagnostic metadata to thrown SyntaxError (112.514754ms)
✔ parser remaining expectation diagnostics preserve unavailable caller-token coordinates (111.683515ms)
✔ number coercion diagnostics represent unavailable locations explicitly and preserve available locations (111.50482ms)
✔ valid call forms retain from override namespaces and mixed automation arguments (123.446809ms)
✔ GAP-027: subchain argument validation contract exposes P008, P009, P010 diagnostics in permissive mode (116.971852ms)
✔ upstream texture-policy fields (mipmaps/persistent/3D filter) propagate from effect definitions into compiled texture specs (109.942382ms)
✔ GAP-027: strict opt-in mode rejects subchain argument violations with SyntaxError (112.416983ms)
✔ parser diagnostic source coordinates survive scanner drift (112.925334ms)
✔ caller tokens lacking position attributes preserve null spans in subchain reporting (118.233662ms)
✔ initial configure preserves DSL bytes and separates CPU compilation from short guarded GPU phases (7.238535ms)
✔ only the newest asynchronous generation promotes and stale initialized candidates dispose guarded (7.880981ms)
✔ a backend returned after generation supersession is destroyed guarded (1.136758ms)
✔ a backend returned after controller disposal is destroyed and remains retryable (1.510936ms)
✔ a backend rejected by Pipeline construction is destroyed guarded (0.609895ms)
✔ a failed edit retains the last-good pipeline and stable output texture (0.679387ms)
✔ compiler diagnostics reach the visible error and stay attached without dropping the last-good pipeline (0.946543ms)
✔ lexer and parser diagnostic metadata renders code and location when message exists (0.542883ms)
✔ promotion assigns the new candidate before old disposal and keeps same-size output identity (0.841671ms)
✔ configure coalesces DSL and size into one generation and clamps manual/canvas dimensions (1.238281ms)
✔ render jobs serialize normalized times, clear stale presentation, and publish after copying (1.225629ms)
✔ media replacement and disconnect rebind without deleting any host texture (0.83096ms)
✔ reset rebuilds stateful resources without replacing a same-size output object (0.83328ms)
✔ context loss performs no GL work and restoration rebuilds last-good DSL before an invalid desired edit (1.219309ms)
✔ external input states persist across active, in-flight, and restored pipelines (7.409959ms)
✔ restoration rebuilds last-good state and then replays the newest DSL edited while context-lost (0.796599ms)
✔ render failure preserves the last successful output and rebuilds before accepting another frame (0.658766ms)
✔ render recovery waits for a newer pending desired edit instead of staling it (2.224784ms)
✔ delayed async effect texture uploads re-enter the FIFO guard for the current context epoch (1.273571ms)
✔ a backend that performs GPU work after returning its promise is detected as an initialization error (0.975614ms)
▶ every shared complete-catalog failure stops before backend creation, init, or shader compile
  ✔ webgl2 (0.469232ms)
  ✔ colorBufferFloat (0.193334ms)
  ✔ floatLinear (0.201995ms)
  ✔ floatBlend (0.208985ms)
  ✔ maxTextureSize (0.244936ms)
  ✔ maxDrawBuffers (0.181995ms)
  ✔ maxTextureUnits (0.193864ms)
  ✔ maxUniformBlockSize (0.165374ms)
  ✔ maxUniformBufferBindings (0.183955ms)
  ✔ cglCacheCompatible (0.37698ms)
✔ every shared complete-catalog failure stops before backend creation, init, or shader compile (4.163861ms)
✔ shared capability preflight reruns after context restoration before touching a new backend (0.650956ms)
✔ graph uniform-block overflow uses the shared public capability identity before shader execution (0.859481ms)
▶ all graph-specific defenses retain shared public capability identities
  ✔ maxDrawBuffers (0.704957ms)
  ✔ maxTextureUnits (1.512826ms)
  ✔ floatBlend (0.271188ms)
  ✔ maxUniformBufferBindings (0.292557ms)
✔ all graph-specific defenses retain shared public capability identities (3.31473ms)
✔ dispose is idempotent and all later controller methods become no-op stable results (0.609435ms)
✔ dispose releases an initialized candidate even while its init promise is pending (5.984345ms)
✔ stale candidate cleanup failures are surfaced, retained, and retried on final disposal (2.404818ms)
✔ failed replaced-candidate cleanup remains retryable after the new candidate is active (0.648196ms)
✔ final dispose retries only candidate and output resources whose cleanup failed (0.738878ms)
✔ final dispose retries a retained backend after terminal core Pipeline disposal fails (22.262969ms)
✔ state callbacks run outside guards and rejected callback promises never poison controller work (0.487882ms)
✔ every pipeline disposal clears pending async debounce timers before they can fire (70.552049ms)
✔ the active last-good candidate may finish delayed uploads during a pending edit (0.908452ms)
✔ delayed uploads from a stale unpromoted generation never enter the GL guard (0.669147ms)
✔ an output resize failure retains the complete last-good transaction (0.786149ms)
✔ concurrent compile and load paths share one lazy bootstrap (1.962468ms)
✔ failed lazy bootstrap is handled immediately and a later call retries (7.506092ms)
✔ temporary Standalone cleanup requests bounded recursive ENOTEMPTY retries (3.132236ms)
✔ temporary Standalone cleanup propagates a persistent failure after Node exhausts retries (0.819529ms)
✔ Standalone finally cleanup remains browser close then child stop then retried temp removal (6.372544ms)
✔ attests the resolved Cables Standalone 0.11.0 app identity (3.829753ms)
✔ rejects a missing Cables Standalone app.asar file (1.032316ms)
✔ rejects a missing app.asar integrity record (0.43173ms)
▶ rejects malformed app.asar integrity algorithms and hashes
  ✔ algorithm (0.3908ms)
  ✔ hash (0.594133ms)
✔ rejects malformed app.asar integrity algorithms and hashes (1.499927ms)
✔ rejects an app.asar whose independently computed hash mismatches the plist (0.704046ms)
✔ streams and hashes the exact framed ASAR JSON header bytes (5.394661ms)
▶ rejects malformed, truncated, or invalid ASAR header framing
  ✔ outer pickle (0.804669ms)
  ✔ inner pickle bounds (0.458392ms)
  ✔ truncated file (0.316477ms)
  ✔ truncated stream (0.999264ms)
  ✔ invalid JSON shape (1.024086ms)
✔ rejects malformed, truncated, or invalid ASAR header framing (4.678994ms)
✔ rejects a Cables Standalone version other than 0.11.0 (0.309468ms)
✔ rejects a missing Cables Standalone build version (0.481262ms)
✔ rejects a bundle executable that does not match the resolved executable (0.41232ms)
✔ rejects a non-Cables bundle identifier (0.509992ms)
✔ rejects a non-Cables bundle product name (0.617485ms)
✔ rejects a Linux bundle whose desktop entry is missing (17.286929ms)
✔ rejects a Linux bundle whose desktop entry omits the AppImage version (0.865211ms)
✔ rejects a Linux bundle with an unsupported AppImage version (0.310537ms)
✔ rejects a Linux bundle whose desktop entry name is not Cables (0.286786ms)
✔ attests the resolved Linux AppImage bundle identity without an embedded asar expectation (0.281308ms)
✔ attests the Linux AppImage happy path through inspectCablesStandalone (0.508011ms)
✔ rejects a Linux app.asar whose header hash is malformed (0.311777ms)
✔ rejects a Linux app.asar with invalid header framing (0.301888ms)
✔ rejects a Windows executable instead of misreading it as a Linux AppImage (0.219075ms)
✔ reads XML or binary app plists through plutil JSON conversion (0.283476ms)
✔ streams executable bytes into a canonical SHA-256 digest (0.624485ms)
✔ standalone smoke attests identity before temp creation or spawn and reports it (5.693718ms)
✔ npm archive is the exact self-contained Cables Standalone distribution (783.149032ms)
✔ documented media DSL compiles with the pinned full Polymorphic catalog (230.583033ms)
✔ waits for child exit after escalating from SIGTERM to SIGKILL (2.736607ms)
✔ sha256 returns canonical lowercase hexadecimal (2.07977ms)
✔ effect artifact paths cannot escape the cache root (0.784579ms)
✔ manifest duplicate detection runs before ordinary JSON parsing (0.731628ms)
✔ update writes deterministic metadata and bytes for the complete manifest (94.390125ms)
✔ update rejects a symlinked cache root without touching its target (15.139767ms)
✔ update rejects a symlinked cache descendant without touching its target (18.594831ms)
✔ verify rejects a symlinked cache root (29.038023ms)
✔ verify rejects a symlinked cache descendant (20.741262ms)
✔ verify rejects an artifact path that escapes the cache root (25.263542ms)
✔ verify rejects a modified byte even when the size is unchanged (24.144285ms)
✔ verify rejects a missing artifact file (23.891099ms)
✔ verify rejects duplicate manifest IDs even when the lock digest matches (30.506588ms)
✔ verify rejects a manifest effect with no locked bundle (24.32211ms)
✔ verify rejects a locked bundle absent from the manifest (40.205843ms)
✔ verify rejects a registration count that differs from the manifest (28.91435ms)
✔ checked-in lock pins the complete 210-effect catalog (302.595487ms)
ℹ tests 265
ℹ suites 0
ℹ pass 265
ℹ fail 0
ℹ cancelled 0
ℹ skipped 0
ℹ todo 0
ℹ duration_ms 9751.567498
