✔ legacy noiseType parameter compiles with the pinned reference diagnostic (510.654538ms)
✔ canonical parameters win over legacy aliases while retaining the native warning (199.976259ms)
✔ legacy aliases do not leak into a same-named effect in another namespace (151.168078ms)
✔ every pinned legacy parameter alias matches the independently registered reference (298.292547ms)
✔ every pinned deprecated effect emits the reference deprecation diagnostic (137.968846ms)
✔ full Polymorphic corpus matches the separately instantiated pinned compiler (165.02299ms)
✔ public compiler rejects output surfaces outside o0-o7 in every DSL position (1.309406ms)
✔ mutation introspection excludes builtin pipeline steps (125.936719ms)
✔ diagnostic locations preserve source columns (130.640961ms)
✔ structured DSL lexer diagnostics attach diagnostic metadata to thrown SyntaxError (124.541811ms)
✔ structured DSL parser expectation diagnostics attach diagnostic metadata to thrown SyntaxError (128.25268ms)
✔ parser expectation diagnostics represent unavailable caller-token coordinates explicitly (123.589169ms)
✔ renderLandscape3d filtering modes match the vendored reference compiler and select expected defines (140.867704ms)
✔ structured DSL automation diagnostics attach diagnostic metadata to thrown SyntaxError (127.839164ms)
✔ parser automation diagnostics preserve unavailable caller-token coordinates (128.986829ms)
✔ valid automation invocations retain AST defaults and keys (126.263993ms)
✔ structured DSL search directive diagnostics attach diagnostic metadata to thrown SyntaxError (123.235023ms)
✔ parser search diagnostics preserve unavailable caller-token coordinates (127.472369ms)
✔ valid search directives retain namespace order, keyword namespaces, and compiled indexes (123.123853ms)
✔ structured DSL output validation diagnostics attach diagnostic metadata to thrown SyntaxError (127.029554ms)
✔ parser output diagnostics preserve unavailable caller-token coordinates (123.559787ms)
✔ structured DSL subchain validation diagnostics attach diagnostic metadata to thrown SyntaxError (123.67503ms)
✔ parser subchain diagnostics preserve unavailable caller-token coordinates (121.110566ms)
✔ valid subchains preserve permissive arguments, defaults, body and compiled indexes (124.115525ms)
✔ subchain syntax preserves shared expectation diagnostic precedence (122.343212ms)
✔ structured DSL call form diagnostics attach diagnostic metadata to thrown SyntaxError (121.289459ms)
✔ parser call form diagnostics preserve unavailable caller-token coordinates (133.63358ms)
✔ structured DSL remaining expectation diagnostics attach diagnostic metadata to thrown SyntaxError (127.449609ms)
✔ parser remaining expectation diagnostics preserve unavailable caller-token coordinates (123.639558ms)
✔ number coercion diagnostics represent unavailable locations explicitly and preserve available locations (125.292221ms)
✔ valid call forms retain from override namespaces and mixed automation arguments (127.267616ms)
✔ GAP-027: subchain argument validation contract exposes P008, P009, P010 diagnostics in permissive mode (126.372714ms)
✔ upstream texture-policy fields (mipmaps/persistent/3D filter) propagate from effect definitions into compiled texture specs (127.872454ms)
✔ GAP-027: strict opt-in mode rejects subchain argument violations with SyntaxError (126.600638ms)
✔ parser diagnostic source coordinates survive scanner drift (136.406596ms)
✔ caller tokens lacking position attributes preserve null spans in subchain reporting (123.432097ms)
ℹ tests 36
ℹ suites 0
ℹ pass 36
ℹ fail 0
ℹ cancelled 0
ℹ skipped 0
ℹ todo 0
ℹ duration_ms 5250.493652
