
> @noisefactor/noisemaker-for-cables@0.1.0 test
> node --test test/*.test.js

✔ FLOAT readback stays top-down Float32 without clamping negative or HDR channels (1.955054ms)
✔ FLOAT readback rejects non-finite channels (0.489906ms)
✔ sub-RGBA8 fractional differences invisible in RGBA8 fail native parity and exact copy (0.540527ms)
✔ negative differences invisible in RGBA8 fail native parity and exact copy (0.252324ms)
✔ HDR differences invisible in RGBA8 fail native parity and exact copy (0.230563ms)
✔ concatenation preserves native negative and HDR float channels (0.316153ms)
✔ exact readback comparison uses raw Float32 bits for signed zero and NaN payloads (0.245624ms)
✔ generated effect entry statically imports every locked effect exactly once in ID order (15.139829ms)
✔ engine facade loads the pinned catalog and compiles with the reference Polymorphic compiler (226.678116ms)
✔ pinned core exposes renderer sinks and bounded WebGL2 frame export (2.270519ms)
✔ pinned core supports device-qualified MIDI and audio automation (4.960056ms)
✔ pinned core preserves and evaluates nested automation sources (2.531002ms)
✔ browser bundle is self-contained while preserving caller-requested native fetch (334.08813ms)
✔ browser bundle compiles legacy noiseType with the pinned native warning (64.064648ms)
✔ pinned core and cables runtime compile chained variable alias syntax into valid render graph passes (75.166264ms)
✔ pinned core validates legacy MIDI channels as static integers 1 to 16 (9.930701ms)
✔ pinned core pipeline recreates global surfaces when format changes (3.931581ms)
✔ pinned core Pipeline preserves scoped texture dimensions across setUniform (1.649661ms)
✔ pinned core SinkManager supports shouldDeferRender backpressure lifecycle (0.690029ms)
✔ pinned core Pipeline delegates shouldDeferRender to its sinkManager (0.398015ms)
✔ real backend is a pinned WebGL2Backend subclass and present only records the ID (2.339791ms)
✔ presented texture info includes the reference texture and FBO without mutating it (0.615448ms)
✔ missing presentation and missing presented textures are categorized separately (0.547427ms)
✔ ownership is explicit and replacing owned records uses the superclass destroy path (0.632269ms)
✔ destroy is idempotent, releases owned/default textures once, and preserves CGL handles (0.698309ms)
✔ updateTextureFromSource detaches external/default records before any CPU upload (0.866531ms)
✔ updateTextureFromSource supports borrowed VideoFrame and validates dimensions (0.423855ms)
✔ _uploadMeshTexture detaches external/default records before any CPU upload (0.955333ms)
✔ uploadDataTexture detaches external/default records before any CPU upload (0.77043ms)
✔ uploadCubeFace detaches external/default records before uploading into an owned cubemap (1.113315ms)
✔ all reference allocation paths detach non-owning records and their adapter FBOs first (0.614048ms)
✔ backend destruction retries superclass failure without repeating successful adapter cleanup (0.67568ms)
✔ compileProgram preserves fragment compile errors and releases the compiled vertex shader (1.340107ms)
✔ compileProgram preserves link errors and releases both shaders and the failed program (0.554237ms)
✔ compileProgram keeps a successful reference-shaped program and releases only its shaders (0.541166ms)
✔ compileProgram releases every partial uniform-block buffer when later compilation fails (1.098435ms)
✔ compileProgram still releases uniform-block buffers when failed-program deletion also throws (0.559247ms)
✔ compileProgram merges inner uniform-buffer and outer program cleanup failures in order (0.491806ms)
✔ backend destroy releases successful uniform-block buffers exactly once (0.492837ms)
✔ backend destroy retries only uniform-block buffers whose deletion failed (0.488417ms)
✔ output copier keeps one RGBA16F nearest/clamp CGL texture per size (2.602764ms)
✔ output resize preserves the last-good texture and retries failed retirement without leaks (0.364155ms)
✔ output resize retains a failed replacement cleanup for a later successful resize retry (0.384385ms)
✔ output copier blits exact matching RGBA16F texels between private FBOs (0.539246ms)
✔ output copier categorizes a null destination FBO without binding the default framebuffer (0.312114ms)
✔ output copier rejects an incomplete destination before blit or fallback drawing (0.347235ms)
✔ output copier uses texelFetch fallback when the exact-copy read FBO is incomplete (0.240503ms)
✔ output copier falls back when native blit throws or reports a GL error (0.386045ms)
✔ output copier propagates fallback failure instead of reporting stale success (0.378605ms)
✔ output copier categorizes a native GL error after fallback drawing (0.233712ms)
✔ output copier rejects scaling and falls back to integer texelFetch (0.497897ms)
✔ default output fallback compiles the dedicated texelFetch program and disposes it once (0.959232ms)
✔ default output fallback cleans a compiled vertex shader when fragment compilation fails (0.308084ms)
✔ output copier disposal retries only failed resources and rejects work after disposal starts (0.521577ms)
✔ production fallback disposal retries a failed program delete without repeating successes (0.453926ms)
▶ complete-catalog capability failures are structured, frozen, and preserve issue messages
  ✔ webgl2 (1.766613ms)
  ✔ colorBufferFloat (1.774634ms)
  ✔ floatLinear (0.193112ms)
  ✔ floatBlend (0.219792ms)
  ✔ maxTextureSize (0.234523ms)
  ✔ maxDrawBuffers (0.242064ms)
  ✔ maxTextureUnits (0.199224ms)
  ✔ maxUniformBlockSize (0.176213ms)
  ✔ maxUniformBufferBindings (0.314503ms)
  ✔ cglCacheCompatible (0.493657ms)
✔ complete-catalog capability failures are structured, frozen, and preserve issue messages (8.268279ms)
✔ the exact documented complete-catalog boundary is supported with the public shape intact (0.237652ms)
✔ every locked effect has an explicit valid Polymorphic catalog program (358.355788ms)
✔ qualified scope covers the full catalog with only the compile-only exclusion (7.871722ms)
✔ the committed kit declaration matches the qualified scope exactly (2.915518ms)
✔ pre-delivery rejection: mode "all" is rejected (1.141055ms)
✔ pre-delivery rejection: an unqualified id in the declaration is rejected (1.436669ms)
✔ pre-delivery rejection: an omitted qualified id is rejected (1.986866ms)
✔ pre-delivery rejection: a renamed qualified id fails (identity control) (1.50377ms)
✔ pre-delivery rejection: duplicate ids are rejected (1.644901ms)
✔ the gate CLI accepts the committed declaration (45.629897ms)
✔ concurrent whole-catalog registration calls share one batch promise (1.544591ms)
✔ failed mid-batch registration retries with persistent choices and no repeated successful aliases (6.303112ms)
✔ bootCore registers standard enums and starter ops once per core instance (1.688712ms)
✔ registerEffectInstance registers aliases, op metadata, starters, enums, and aliases once (2.594643ms)
✔ registerEffectInstance instantiates class exports and attaches static shaders (0.332444ms)
✔ finalizeEnums merges accumulated choices once per core and choice object (0.331095ms)
✔ findExternalTextureIds detects every unique graph input ending in _step_N (1.668763ms)
✔ one CGL texture binds its .tex handle and dimensions to every external input (0.552447ms)
✔ disconnect binds transparent default records without deleting the prior host texture (0.333874ms)
✔ rebinding after graph texture recreation replaces every detected record again (0.299613ms)
✔ captureGLState and restoreGLState preserve complete shared WebGL2 state (5.495311ms)
✔ prepareNoisemakerGLState establishes a canonical guest baseline inside an exact host guard (3.0576ms)
✔ captureGLState feature-detects optional texture targets (0.799761ms)
✔ withGLState preserves a synchronous return value and invalidates pinned CGL caches last (1.589921ms)
✔ withGLState restores after synchronous throws (1.415298ms)
✔ withGLState preserves a synchronous callback failure and collects every cleanup failure (1.023082ms)
✔ withGLState reports all cleanup failures after successful sync and async callbacks (1.569691ms)
✔ withGLState preserves asynchronous values and restores on fulfillment or rejection (2.425222ms)
✔ withGLState preserves an asynchronous rejection as primary when cleanup also fails (0.692759ms)
✔ withGLState ends active guest transform feedback before restoring host state (1.658282ms)
✔ withGLState fails closed before the callback when host transform feedback is active (0.543997ms)
✔ withGLState fails closed for unknown CGL cache shapes despite predicate or custom hooks (0.486467ms)
✔ installer forwards the selected capability inspector by identity (2.562844ms)
✔ installer creates the exact native port contract and one visible initial configuration (1.689381ms)
✔ synchronous compile-affecting changes coalesce and non-compile ports wire directly (0.740949ms)
✔ each configuration snapshots the current linked texture before compiling (0.495956ms)
✔ configuration observes input rejection before invoking fallible configure (0.446136ms)
✔ delete prevents configure after a pending input snapshot resolves (0.405726ms)
✔ controller state publishes Texture, Ready, Error, and matching UI errors (1.473309ms)
✔ structured compiler diagnostics from the controller state reach the Error port and UI error (0.318224ms)
✔ Render remains synchronous, handles its promise, publishes before Next, and never throws (1.406749ms)
✔ Canvas Render transactionally resizes once before render and Next while Manual ignores host changes (1.872915ms)
✔ overlapping Canvas resize renders are latest-wins when the obsolete resize settles first (0.699419ms)
✔ a current Canvas resize rejection is terminal without retry, render, Next, or unhandled rejection (7.370456ms)
✔ a handled Canvas resize nonpromotion is terminal without retry, render, or Next (0.568038ms)
▶ disposal during a pending Canvas resize cannot request, render, Next, or leak rejection
  ✔ resolve (1.254296ms)
  ✔ reject (0.6945ms)
✔ disposal during a pending Canvas resize cannot request, render, Next, or leak rejection (2.620614ms)
✔ context lifecycle listeners and onDelete forward safely and clean up exactly once (0.464515ms)
✔ pending render, configure, context, and state continuations become inert after onDelete (0.470486ms)
✔ native wrapper, namespace metadata, op metadata, and docs are distribution-complete (6.217552ms)
✔ private package metadata describes the portable Cables distribution (10.805111ms)
✔ published files are limited to package assets and lock metadata (4.708392ms)
✔ package scripts expose the complete development workflow (3.699539ms)
✔ source facade exposes only the planned bridge APIs (1.844954ms)
✔ README identifies Noisemaker for Cables, its package, and its single-op scope (1.387859ms)
✔ reproducible vendor source is tracked while generated and local-only data is ignored (1.54001ms)
✔ catalog documentation defines the versioned vendor-cache and update-only mutable alias (2.2978ms)
✔ agent process artifact directories are absent and ignored from initial staging (1.754963ms)
✔ legacy noiseType parameter compiles with the pinned reference diagnostic (514.302557ms)
✔ canonical parameters win over legacy aliases while retaining the native warning (176.139315ms)
✔ legacy aliases do not leak into a same-named effect in another namespace (171.493234ms)
✔ every pinned legacy parameter alias matches the independently registered reference (267.743922ms)
✔ every pinned deprecated effect emits the reference deprecation diagnostic (139.328362ms)
✔ full Polymorphic corpus matches the separately instantiated pinned compiler (166.125433ms)
✔ public compiler rejects output surfaces outside o0-o7 in every DSL position (1.476939ms)
✔ mutation introspection excludes builtin pipeline steps (128.152136ms)
✔ diagnostic locations preserve source columns (126.840459ms)
✔ structured DSL lexer diagnostics attach diagnostic metadata to thrown SyntaxError (126.590896ms)
✔ structured DSL parser expectation diagnostics attach diagnostic metadata to thrown SyntaxError (129.095099ms)
✔ parser expectation diagnostics represent unavailable caller-token coordinates explicitly (124.880013ms)
✔ renderLandscape3d filtering modes match the vendored reference compiler and select expected defines (134.798583ms)
✔ structured DSL automation diagnostics attach diagnostic metadata to thrown SyntaxError (131.832044ms)
✔ parser automation diagnostics preserve unavailable caller-token coordinates (127.381837ms)
✔ valid automation invocations retain AST defaults and keys (131.056764ms)
✔ structured DSL search directive diagnostics attach diagnostic metadata to thrown SyntaxError (128.920766ms)
✔ parser search diagnostics preserve unavailable caller-token coordinates (126.001159ms)
✔ valid search directives retain namespace order, keyword namespaces, and compiled indexes (126.706697ms)
✔ structured DSL output validation diagnostics attach diagnostic metadata to thrown SyntaxError (138.488842ms)
✔ parser output diagnostics preserve unavailable caller-token coordinates (126.676346ms)
✔ structured DSL subchain validation diagnostics attach diagnostic metadata to thrown SyntaxError (132.837738ms)
✔ parser subchain diagnostics preserve unavailable caller-token coordinates (133.609427ms)
✔ valid subchains preserve permissive arguments, defaults, body and compiled indexes (136.271984ms)
✔ subchain syntax preserves shared expectation diagnostic precedence (134.55027ms)
✔ structured DSL call form diagnostics attach diagnostic metadata to thrown SyntaxError (129.175529ms)
✔ parser call form diagnostics preserve unavailable caller-token coordinates (128.600151ms)
✔ structured DSL remaining expectation diagnostics attach diagnostic metadata to thrown SyntaxError (130.594419ms)
✔ parser remaining expectation diagnostics preserve unavailable caller-token coordinates (128.863095ms)
✔ number coercion diagnostics represent unavailable locations explicitly and preserve available locations (137.66794ms)
✔ valid call forms retain from override namespaces and mixed automation arguments (134.827274ms)
✔ GAP-027: subchain argument validation contract exposes P008, P009, P010 diagnostics in permissive mode (133.516607ms)
✔ upstream texture-policy fields (mipmaps/persistent/3D filter) propagate from effect definitions into compiled texture specs (131.194636ms)
✔ GAP-027: strict opt-in mode rejects subchain argument violations with SyntaxError (152.212281ms)
✔ parser diagnostic source coordinates survive scanner drift (123.254313ms)
✔ caller tokens lacking position attributes preserve null spans in subchain reporting (128.890046ms)
✔ initial configure preserves DSL bytes and separates CPU compilation from short guarded GPU phases (6.699688ms)
✔ only the newest asynchronous generation promotes and stale initialized candidates dispose guarded (7.771931ms)
✔ a backend returned after generation supersession is destroyed guarded (1.066583ms)
✔ a backend returned after controller disposal is destroyed and remains retryable (1.4647ms)
✔ a backend rejected by Pipeline construction is destroyed guarded (0.561748ms)
✔ a failed edit retains the last-good pipeline and stable output texture (0.596348ms)
✔ compiler diagnostics reach the visible error and stay attached without dropping the last-good pipeline (0.79464ms)
✔ lexer and parser diagnostic metadata renders code and location when message exists (0.437217ms)
✔ promotion assigns the new candidate before old disposal and keeps same-size output identity (0.714509ms)
✔ configure coalesces DSL and size into one generation and clamps manual/canvas dimensions (1.044133ms)
✔ render jobs serialize normalized times, clear stale presentation, and publish after copying (0.987792ms)
✔ media replacement and disconnect rebind without deleting any host texture (0.528457ms)
✔ reset rebuilds stateful resources without replacing a same-size output object (0.528216ms)
✔ context loss performs no GL work and restoration rebuilds last-good DSL before an invalid desired edit (0.890992ms)
✔ external input states persist across active, in-flight, and restored pipelines (5.252898ms)
✔ restoration rebuilds last-good state and then replays the newest DSL edited while context-lost (0.593077ms)
✔ render failure preserves the last successful output and rebuilds before accepting another frame (0.553828ms)
✔ render recovery waits for a newer pending desired edit instead of staling it (1.581901ms)
✔ delayed async effect texture uploads re-enter the FIFO guard for the current context epoch (0.888262ms)
✔ a backend that performs GPU work after returning its promise is detected as an initialization error (0.86899ms)
▶ every shared complete-catalog failure stops before backend creation, init, or shader compile
  ✔ webgl2 (0.451196ms)
  ✔ colorBufferFloat (0.190202ms)
  ✔ floatLinear (0.184522ms)
  ✔ floatBlend (0.231132ms)
  ✔ maxTextureSize (0.225173ms)
  ✔ maxDrawBuffers (0.194533ms)
  ✔ maxTextureUnits (0.192263ms)
  ✔ maxUniformBlockSize (0.160012ms)
  ✔ maxUniformBufferBindings (0.206572ms)
  ✔ cglCacheCompatible (0.331725ms)
✔ every shared complete-catalog failure stops before backend creation, init, or shader compile (3.626008ms)
✔ shared capability preflight reruns after context restoration before touching a new backend (0.571918ms)
✔ graph uniform-block overflow uses the shared public capability identity before shader execution (0.643028ms)
▶ all graph-specific defenses retain shared public capability identities
  ✔ maxDrawBuffers (0.495776ms)
  ✔ maxTextureUnits (1.59907ms)
  ✔ floatBlend (0.268113ms)
  ✔ maxUniformBufferBindings (0.226523ms)
✔ all graph-specific defenses retain shared public capability identities (3.09918ms)
✔ dispose is idempotent and all later controller methods become no-op stable results (0.369464ms)
✔ dispose releases an initialized candidate even while its init promise is pending (5.463721ms)
✔ stale candidate cleanup failures are surfaced, retained, and retried on final disposal (2.460763ms)
✔ failed replaced-candidate cleanup remains retryable after the new candidate is active (0.575067ms)
✔ final dispose retries only candidate and output resources whose cleanup failed (0.459335ms)
✔ final dispose retries a retained backend after terminal core Pipeline disposal fails (21.489501ms)
✔ state callbacks run outside guards and rejected callback promises never poison controller work (0.394455ms)
✔ every pipeline disposal clears pending async debounce timers before they can fire (70.547013ms)
✔ the active last-good candidate may finish delayed uploads during a pending edit (0.80894ms)
✔ delayed uploads from a stale unpromoted generation never enter the GL guard (0.622718ms)
✔ an output resize failure retains the complete last-good transaction (0.534196ms)
✔ concurrent compile and load paths share one lazy bootstrap (1.677801ms)
✔ failed lazy bootstrap is handled immediately and a later call retries (7.757752ms)
✔ temporary Standalone cleanup requests bounded recursive ENOTEMPTY retries (2.159488ms)
✔ temporary Standalone cleanup propagates a persistent failure after Node exhausts retries (0.66774ms)
✔ Standalone finally cleanup remains browser close then child stop then retried temp removal (6.829559ms)
✔ attests the resolved Cables Standalone 0.11.0 app identity (3.111692ms)
✔ rejects a missing Cables Standalone app.asar file (0.755439ms)
✔ rejects a missing app.asar integrity record (0.394616ms)
▶ rejects malformed app.asar integrity algorithms and hashes
  ✔ algorithm (0.379015ms)
  ✔ hash (0.335915ms)
✔ rejects malformed app.asar integrity algorithms and hashes (1.164674ms)
✔ rejects an app.asar whose independently computed hash mismatches the plist (0.429837ms)
✔ streams and hashes the exact framed ASAR JSON header bytes (3.980421ms)
▶ rejects malformed, truncated, or invalid ASAR header framing
  ✔ outer pickle (1.298017ms)
  ✔ inner pickle bounds (0.495636ms)
  ✔ truncated file (0.364096ms)
  ✔ truncated stream (0.935923ms)
  ✔ invalid JSON shape (1.148075ms)
✔ rejects malformed, truncated, or invalid ASAR header framing (5.28813ms)
✔ rejects a Cables Standalone version other than 0.11.0 (0.366985ms)
✔ rejects a missing Cables Standalone build version (0.365736ms)
✔ rejects a bundle executable that does not match the resolved executable (0.549177ms)
✔ rejects a non-Cables bundle identifier (0.341755ms)
✔ rejects a non-Cables bundle product name (0.469297ms)
✔ rejects a Linux bundle whose desktop entry is missing (12.904018ms)
✔ rejects a Linux bundle whose desktop entry omits the AppImage version (0.579737ms)
✔ rejects a Linux bundle with an unsupported AppImage version (0.370745ms)
✔ rejects a Linux bundle whose desktop entry name is not Cables (0.297325ms)
✔ attests the resolved Linux AppImage bundle identity without an embedded asar expectation (0.326154ms)
✔ attests the Linux AppImage happy path through inspectCablesStandalone (0.555297ms)
✔ rejects a Linux app.asar whose header hash is malformed (0.331525ms)
✔ rejects a Linux app.asar with invalid header framing (0.373065ms)
✔ rejects a Windows executable instead of misreading it as a Linux AppImage (0.237003ms)
✔ reads XML or binary app plists through plutil JSON conversion (0.355305ms)
✔ streams executable bytes into a canonical SHA-256 digest (0.720849ms)
✔ standalone smoke attests identity before temp creation or spawn and reports it (5.769655ms)
✔ npm archive is the exact self-contained Cables Standalone distribution (608.011712ms)
✔ documented media DSL compiles with the pinned full Polymorphic catalog (208.70441ms)
✔ waits for child exit after escalating from SIGTERM to SIGKILL (1.678603ms)
✔ sha256 returns canonical lowercase hexadecimal (1.850314ms)
✔ effect artifact paths cannot escape the cache root (0.644689ms)
✔ manifest duplicate detection runs before ordinary JSON parsing (0.573319ms)
✔ update writes deterministic metadata and bytes for the complete manifest (97.148602ms)
✔ update rejects a symlinked cache root without touching its target (12.935939ms)
✔ update rejects a symlinked cache descendant without touching its target (10.874443ms)
✔ verify rejects a symlinked cache root (23.172963ms)
✔ verify rejects a symlinked cache descendant (17.845014ms)
✔ verify rejects an artifact path that escapes the cache root (20.914382ms)
✔ verify rejects a modified byte even when the size is unchanged (19.674037ms)
✔ verify rejects a missing artifact file (17.652222ms)
✔ verify rejects duplicate manifest IDs even when the lock digest matches (26.186272ms)
✔ verify rejects a manifest effect with no locked bundle (19.690158ms)
✔ verify rejects a locked bundle absent from the manifest (35.661016ms)
✔ verify rejects a registration count that differs from the manifest (23.211254ms)
✔ checked-in lock pins the complete 210-effect catalog (290.727383ms)
ℹ tests 265
ℹ suites 0
ℹ pass 265
ℹ fail 0
ℹ cancelled 0
ℹ skipped 0
ℹ todo 0
ℹ duration_ms 9717.50532
