
> @noisefactor/noisemaker-for-cables@0.1.0 test
> node --test test/*.test.js

✔ FLOAT readback stays top-down Float32 without clamping negative or HDR channels (2.774981ms)
✔ FLOAT readback rejects non-finite channels (0.619406ms)
✔ sub-RGBA8 fractional differences invisible in RGBA8 fail native parity and exact copy (0.648476ms)
✔ negative differences invisible in RGBA8 fail native parity and exact copy (0.945464ms)
✔ HDR differences invisible in RGBA8 fail native parity and exact copy (0.454852ms)
✔ concatenation preserves native negative and HDR float channels (0.610726ms)
✔ exact readback comparison uses raw Float32 bits for signed zero and NaN payloads (0.456622ms)
✔ generated effect entry statically imports every locked effect exactly once in ID order (22.435267ms)
✔ engine facade loads the pinned catalog and compiles with the reference Polymorphic compiler (349.04692ms)
✔ pinned core exposes renderer sinks and bounded WebGL2 frame export (3.448069ms)
✔ pinned core supports device-qualified MIDI and audio automation (21.37091ms)
✔ pinned core preserves and evaluates nested automation sources (5.405069ms)
✔ browser bundle is self-contained while preserving caller-requested native fetch (495.056452ms)
✔ browser bundle compiles legacy noiseType with the pinned native warning (112.113961ms)
✔ pinned core and cables runtime compile chained variable alias syntax into valid render graph passes (147.103931ms)
✔ pinned core validates legacy MIDI channels as static integers 1 to 16 (31.099249ms)
✔ pinned core pipeline recreates global surfaces when format changes (4.825224ms)
✔ pinned core Pipeline preserves scoped texture dimensions across setUniform (3.045769ms)
✔ pinned core SinkManager supports shouldDeferRender backpressure lifecycle (0.657947ms)
✔ pinned core Pipeline delegates shouldDeferRender to its sinkManager (0.39267ms)
✔ real backend is a pinned WebGL2Backend subclass and present only records the ID (2.940895ms)
✔ presented texture info includes the reference texture and FBO without mutating it (0.664847ms)
✔ missing presentation and missing presented textures are categorized separately (0.592736ms)
✔ ownership is explicit and replacing owned records uses the superclass destroy path (0.762839ms)
✔ destroy is idempotent, releases owned/default textures once, and preserves CGL handles (0.842392ms)
✔ updateTextureFromSource detaches external/default records before any CPU upload (1.006146ms)
✔ updateTextureFromSource supports borrowed VideoFrame and validates dimensions (1.807876ms)
✔ _uploadMeshTexture detaches external/default records before any CPU upload (0.487152ms)
✔ uploadDataTexture detaches external/default records before any CPU upload (0.623936ms)
✔ uploadCubeFace detaches external/default records before uploading into an owned cubemap (1.203301ms)
✔ all reference allocation paths detach non-owning records and their adapter FBOs first (0.494622ms)
✔ backend destruction retries superclass failure without repeating successful adapter cleanup (1.193591ms)
✔ compileProgram preserves fragment compile errors and releases the compiled vertex shader (1.110039ms)
✔ compileProgram preserves link errors and releases both shaders and the failed program (0.889542ms)
✔ compileProgram keeps a successful reference-shaped program and releases only its shaders (0.497372ms)
✔ compileProgram releases every partial uniform-block buffer when later compilation fails (1.495969ms)
✔ compileProgram still releases uniform-block buffers when failed-program deletion also throws (0.610625ms)
✔ compileProgram merges inner uniform-buffer and outer program cleanup failures in order (0.634877ms)
✔ backend destroy releases successful uniform-block buffers exactly once (0.450311ms)
✔ backend destroy retries only uniform-block buffers whose deletion failed (0.470272ms)
✔ output copier keeps one RGBA16F nearest/clamp CGL texture per size (2.672829ms)
✔ output resize preserves the last-good texture and retries failed retirement without leaks (0.361539ms)
✔ output resize retains a failed replacement cleanup for a later successful resize retry (0.305748ms)
✔ output copier blits exact matching RGBA16F texels between private FBOs (0.498393ms)
✔ output copier categorizes a null destination FBO without binding the default framebuffer (0.276117ms)
✔ output copier rejects an incomplete destination before blit or fallback drawing (0.271307ms)
✔ output copier uses texelFetch fallback when the exact-copy read FBO is incomplete (0.239697ms)
✔ output copier falls back when native blit throws or reports a GL error (0.339849ms)
✔ output copier propagates fallback failure instead of reporting stale success (0.239646ms)
✔ output copier categorizes a native GL error after fallback drawing (0.221675ms)
✔ output copier rejects scaling and falls back to integer texelFetch (0.469162ms)
✔ default output fallback compiles the dedicated texelFetch program and disposes it once (1.490758ms)
✔ default output fallback cleans a compiled vertex shader when fragment compilation fails (0.288157ms)
✔ output copier disposal retries only failed resources and rejects work after disposal starts (0.663337ms)
✔ production fallback disposal retries a failed program delete without repeating successes (0.78227ms)
▶ complete-catalog capability failures are structured, frozen, and preserve issue messages
  ✔ webgl2 (2.118145ms)
  ✔ colorBufferFloat (1.623032ms)
  ✔ floatLinear (0.195865ms)
  ✔ floatBlend (0.342019ms)
  ✔ maxTextureSize (0.37684ms)
  ✔ maxDrawBuffers (0.222915ms)
  ✔ maxTextureUnits (0.213256ms)
  ✔ maxUniformBlockSize (0.313028ms)
  ✔ maxUniformBufferBindings (0.233336ms)
  ✔ cglCacheCompatible (0.541104ms)
✔ complete-catalog capability failures are structured, frozen, and preserve issue messages (9.830013ms)
✔ the exact documented complete-catalog boundary is supported with the public shape intact (0.254977ms)
✔ every locked effect has an explicit valid Polymorphic catalog program (524.368225ms)
✔ concurrent whole-catalog registration calls share one batch promise (1.994561ms)
✔ failed mid-batch registration retries with persistent choices and no repeated successful aliases (8.823437ms)
✔ bootCore registers standard enums and starter ops once per core instance (4.897676ms)
✔ registerEffectInstance registers aliases, op metadata, starters, enums, and aliases once (3.48369ms)
✔ registerEffectInstance instantiates class exports and attaches static shaders (0.39991ms)
✔ finalizeEnums merges accumulated choices once per core and choice object (0.594535ms)
✔ findExternalTextureIds detects every unique graph input ending in _step_N (4.776913ms)
✔ one CGL texture binds its .tex handle and dimensions to every external input (0.827801ms)
✔ disconnect binds transparent default records without deleting the prior host texture (0.342659ms)
✔ rebinding after graph texture recreation replaces every detected record again (0.706969ms)
✔ captureGLState and restoreGLState preserve complete shared WebGL2 state (6.977229ms)
✔ prepareNoisemakerGLState establishes a canonical guest baseline inside an exact host guard (3.459079ms)
✔ captureGLState feature-detects optional texture targets (1.309364ms)
✔ withGLState preserves a synchronous return value and invalidates pinned CGL caches last (10.037518ms)
✔ withGLState restores after synchronous throws (2.842443ms)
✔ withGLState preserves a synchronous callback failure and collects every cleanup failure (0.968875ms)
✔ withGLState reports all cleanup failures after successful sync and async callbacks (2.520715ms)
✔ withGLState preserves asynchronous values and restores on fulfillment or rejection (2.71478ms)
✔ withGLState preserves an asynchronous rejection as primary when cleanup also fails (1.043487ms)
✔ withGLState ends active guest transform feedback before restoring host state (2.169706ms)
✔ withGLState fails closed before the callback when host transform feedback is active (0.519724ms)
✔ withGLState fails closed for unknown CGL cache shapes despite predicate or custom hooks (0.501893ms)
✔ installer forwards the selected capability inspector by identity (3.054599ms)
✔ installer creates the exact native port contract and one visible initial configuration (1.879939ms)
✔ synchronous compile-affecting changes coalesce and non-compile ports wire directly (1.096838ms)
✔ each configuration snapshots the current linked texture before compiling (0.722428ms)
✔ configuration observes input rejection before invoking fallible configure (0.499483ms)
✔ delete prevents configure after a pending input snapshot resolves (0.439011ms)
✔ controller state publishes Texture, Ready, Error, and matching UI errors (0.308588ms)
✔ structured compiler diagnostics from the controller state reach the Error port and UI error (0.332178ms)
✔ Render remains synchronous, handles its promise, publishes before Next, and never throws (2.815932ms)
✔ Canvas Render transactionally resizes once before render and Next while Manual ignores host changes (1.666563ms)
✔ overlapping Canvas resize renders are latest-wins when the obsolete resize settles first (1.278633ms)
✔ a current Canvas resize rejection is terminal without retry, render, Next, or unhandled rejection (13.922787ms)
✔ a handled Canvas resize nonpromotion is terminal without retry, render, or Next (7.843901ms)
▶ disposal during a pending Canvas resize cannot request, render, Next, or leak rejection
  ✔ resolve (1.53705ms)
  ✔ reject (3.044108ms)
✔ disposal during a pending Canvas resize cannot request, render, Next, or leak rejection (7.876263ms)
✔ context lifecycle listeners and onDelete forward safely and clean up exactly once (0.450952ms)
✔ pending render, configure, context, and state continuations become inert after onDelete (0.436301ms)
✔ native wrapper, namespace metadata, op metadata, and docs are distribution-complete (15.1879ms)
✔ private package metadata describes the portable Cables distribution (17.833779ms)
✔ published files are limited to package assets and lock metadata (2.184687ms)
✔ package scripts expose the complete development workflow (3.296304ms)
✔ source facade exposes only the planned bridge APIs (1.424016ms)
✔ README identifies Noisemaker for Cables, its package, and its single-op scope (2.464234ms)
✔ reproducible vendor source is tracked while generated and local-only data is ignored (1.878288ms)
✔ catalog documentation defines the versioned vendor-cache and update-only mutable alias (1.740145ms)
✔ agent process artifact directories are absent and ignored from initial staging (2.076333ms)
✔ legacy noiseType parameter compiles with the pinned reference diagnostic (630.663787ms)
✔ canonical parameters win over legacy aliases while retaining the native warning (158.245496ms)
✔ legacy aliases do not leak into a same-named effect in another namespace (126.538912ms)
✔ every pinned legacy parameter alias matches the independently registered reference (380.280293ms)
✔ every pinned deprecated effect emits the reference deprecation diagnostic (217.756376ms)
✔ full Polymorphic corpus matches the separately instantiated pinned compiler (182.50204ms)
✔ public compiler rejects output surfaces outside o0-o7 in every DSL position (1.888169ms)
✔ mutation introspection excludes builtin pipeline steps (127.442065ms)
✔ diagnostic locations preserve source columns (130.836542ms)
✔ structured DSL lexer diagnostics attach diagnostic metadata to thrown SyntaxError (122.17765ms)
✔ structured DSL parser expectation diagnostics attach diagnostic metadata to thrown SyntaxError (125.655229ms)
✔ parser expectation diagnostics represent unavailable caller-token coordinates explicitly (125.138846ms)
✔ renderLandscape3d filtering modes match the vendored reference compiler and select expected defines (133.029779ms)
✔ structured DSL automation diagnostics attach diagnostic metadata to thrown SyntaxError (131.006476ms)
✔ parser automation diagnostics preserve unavailable caller-token coordinates (122.223251ms)
✔ valid automation invocations retain AST defaults and keys (130.539994ms)
✔ structured DSL search directive diagnostics attach diagnostic metadata to thrown SyntaxError (112.365217ms)
✔ parser search diagnostics preserve unavailable caller-token coordinates (117.14095ms)
✔ valid search directives retain namespace order, keyword namespaces, and compiled indexes (125.386592ms)
✔ structured DSL output validation diagnostics attach diagnostic metadata to thrown SyntaxError (124.932671ms)
✔ parser output diagnostics preserve unavailable caller-token coordinates (134.63798ms)
✔ structured DSL subchain validation diagnostics attach diagnostic metadata to thrown SyntaxError (115.439757ms)
✔ parser subchain diagnostics preserve unavailable caller-token coordinates (115.752615ms)
✔ valid subchains preserve permissive arguments, defaults, body and compiled indexes (116.823762ms)
✔ subchain syntax preserves shared expectation diagnostic precedence (138.127099ms)
✔ structured DSL call form diagnostics attach diagnostic metadata to thrown SyntaxError (122.418425ms)
✔ parser call form diagnostics preserve unavailable caller-token coordinates (162.978998ms)
✔ structured DSL remaining expectation diagnostics attach diagnostic metadata to thrown SyntaxError (131.027468ms)
✔ parser remaining expectation diagnostics preserve unavailable caller-token coordinates (113.427925ms)
✔ number coercion diagnostics represent unavailable locations explicitly and preserve available locations (138.436918ms)
✔ valid call forms retain from override namespaces and mixed automation arguments (116.029942ms)
✔ GAP-027: subchain argument validation contract exposes P008, P009, P010 diagnostics in permissive mode (113.537558ms)
✔ upstream texture-policy fields (mipmaps/persistent/3D filter) propagate from effect definitions into compiled texture specs (122.249662ms)
✔ GAP-027: strict opt-in mode rejects subchain argument violations with SyntaxError (114.670906ms)
✔ parser diagnostic source coordinates survive scanner drift (113.566389ms)
✔ caller tokens lacking position attributes preserve null spans in subchain reporting (109.202836ms)
✔ initial configure preserves DSL bytes and separates CPU compilation from short guarded GPU phases (6.290742ms)
✔ only the newest asynchronous generation promotes and stale initialized candidates dispose guarded (11.178528ms)
✔ a backend returned after generation supersession is destroyed guarded (1.238222ms)
✔ a backend returned after controller disposal is destroyed and remains retryable (1.15695ms)
✔ a backend rejected by Pipeline construction is destroyed guarded (0.625136ms)
✔ a failed edit retains the last-good pipeline and stable output texture (0.902973ms)
✔ compiler diagnostics reach the visible error and stay attached without dropping the last-good pipeline (0.940234ms)
✔ lexer and parser diagnostic metadata renders code and location when message exists (0.424221ms)
✔ promotion assigns the new candidate before old disposal and keeps same-size output identity (1.120089ms)
✔ configure coalesces DSL and size into one generation and clamps manual/canvas dimensions (1.699123ms)
✔ render jobs serialize normalized times, clear stale presentation, and publish after copying (0.912843ms)
✔ media replacement and disconnect rebind without deleting any host texture (0.75787ms)
✔ reset rebuilds stateful resources without replacing a same-size output object (0.541714ms)
✔ context loss performs no GL work and restoration rebuilds last-good DSL before an invalid desired edit (1.028356ms)
✔ external input states persist across active, in-flight, and restored pipelines (9.145665ms)
✔ restoration rebuilds last-good state and then replays the newest DSL edited while context-lost (0.79015ms)
✔ render failure preserves the last successful output and rebuilds before accepting another frame (0.734719ms)
✔ render recovery waits for a newer pending desired edit instead of staling it (1.820667ms)
✔ delayed async effect texture uploads re-enter the FIFO guard for the current context epoch (0.839472ms)
✔ a backend that performs GPU work after returning its promise is detected as an initialization error (4.117346ms)
▶ every shared complete-catalog failure stops before backend creation, init, or shader compile
  ✔ webgl2 (0.660677ms)
  ✔ colorBufferFloat (0.183255ms)
  ✔ floatLinear (0.160464ms)
  ✔ floatBlend (0.182905ms)
  ✔ maxTextureSize (0.211285ms)
  ✔ maxDrawBuffers (0.178935ms)
  ✔ maxTextureUnits (0.200606ms)
  ✔ maxUniformBlockSize (0.163154ms)
  ✔ maxUniformBufferBindings (0.202005ms)
  ✔ cglCacheCompatible (0.304778ms)
✔ every shared complete-catalog failure stops before backend creation, init, or shader compile (6.449206ms)
✔ shared capability preflight reruns after context restoration before touching a new backend (0.626616ms)
✔ graph uniform-block overflow uses the shared public capability identity before shader execution (3.625333ms)
▶ all graph-specific defenses retain shared public capability identities
  ✔ maxDrawBuffers (0.476742ms)
  ✔ maxTextureUnits (0.292298ms)
  ✔ floatBlend (4.163667ms)
  ✔ maxUniformBufferBindings (0.321278ms)
✔ all graph-specific defenses retain shared public capability identities (6.20071ms)
✔ dispose is idempotent and all later controller methods become no-op stable results (0.404801ms)
✔ dispose releases an initialized candidate even while its init promise is pending (11.519456ms)
✔ stale candidate cleanup failures are surfaced, retained, and retried on final disposal (1.097459ms)
✔ failed replaced-candidate cleanup remains retryable after the new candidate is active (0.78394ms)
✔ final dispose retries only candidate and output resources whose cleanup failed (0.463252ms)
✔ final dispose retries a retained backend after terminal core Pipeline disposal fails (45.53446ms)
✔ state callbacks run outside guards and rejected callback promises never poison controller work (0.606366ms)
✔ every pipeline disposal clears pending async debounce timers before they can fire (71.22599ms)
✔ the active last-good candidate may finish delayed uploads during a pending edit (0.924403ms)
✔ delayed uploads from a stale unpromoted generation never enter the GL guard (0.74864ms)
✔ an output resize failure retains the complete last-good transaction (0.508913ms)
✔ concurrent compile and load paths share one lazy bootstrap (1.836957ms)
✔ failed lazy bootstrap is handled immediately and a later call retries (6.822045ms)
✔ temporary Standalone cleanup requests bounded recursive ENOTEMPTY retries (2.565466ms)
✔ temporary Standalone cleanup propagates a persistent failure after Node exhausts retries (0.745299ms)
✔ Standalone finally cleanup remains browser close then child stop then retried temp removal (9.110494ms)
✔ attests the resolved Cables Standalone 0.11.0 app identity (3.852239ms)
✔ rejects a missing Cables Standalone app.asar file (0.973665ms)
✔ rejects a missing app.asar integrity record (0.425651ms)
▶ rejects malformed app.asar integrity algorithms and hashes
  ✔ algorithm (0.484512ms)
  ✔ hash (1.183951ms)
✔ rejects malformed app.asar integrity algorithms and hashes (2.144705ms)
✔ rejects an app.asar whose independently computed hash mismatches the plist (0.645857ms)
✔ streams and hashes the exact framed ASAR JSON header bytes (6.252261ms)
▶ rejects malformed, truncated, or invalid ASAR header framing
  ✔ outer pickle (0.937244ms)
  ✔ inner pickle bounds (0.39298ms)
  ✔ truncated file (0.250267ms)
  ✔ truncated stream (1.040067ms)
  ✔ invalid JSON shape (1.493299ms)
✔ rejects malformed, truncated, or invalid ASAR header framing (4.860905ms)
✔ rejects a Cables Standalone version other than 0.11.0 (0.277688ms)
✔ rejects a missing Cables Standalone build version (0.268597ms)
✔ rejects a bundle executable that does not match the resolved executable (0.688237ms)
✔ rejects a non-Cables bundle identifier (0.313168ms)
✔ rejects a non-Cables bundle product name (0.848492ms)
✔ rejects a Linux bundle whose desktop entry is missing (18.106905ms)
✔ rejects a Linux bundle whose desktop entry omits the AppImage version (0.619396ms)
✔ rejects a Linux bundle with an unsupported AppImage version (0.279007ms)
✔ rejects a Linux bundle whose desktop entry name is not Cables (0.412711ms)
✔ attests the resolved Linux AppImage bundle identity without an embedded asar expectation (0.39013ms)
✔ attests the Linux AppImage happy path through inspectCablesStandalone (0.407821ms)
✔ rejects a Linux app.asar whose header hash is malformed (0.289448ms)
✔ rejects a Linux app.asar with invalid header framing (0.3879ms)
✔ rejects a Windows executable instead of misreading it as a Linux AppImage (0.189375ms)
✔ reads XML or binary app plists through plutil JSON conversion (0.275777ms)
✔ streams executable bytes into a canonical SHA-256 digest (1.020496ms)
✔ standalone smoke attests identity before temp creation or spawn and reports it (9.780042ms)
✔ npm archive is the exact self-contained Cables Standalone distribution (797.937515ms)
✔ documented media DSL compiles with the pinned full Polymorphic catalog (239.726681ms)
✔ waits for child exit after escalating from SIGTERM to SIGKILL (1.95249ms)
✔ sha256 returns canonical lowercase hexadecimal (2.171206ms)
✔ effect artifact paths cannot escape the cache root (0.886853ms)
✔ manifest duplicate detection runs before ordinary JSON parsing (0.578175ms)
✔ update writes deterministic metadata and bytes for the complete manifest (92.19923ms)
✔ update rejects a symlinked cache root without touching its target (18.095855ms)
✔ update rejects a symlinked cache descendant without touching its target (14.458941ms)
✔ verify rejects a symlinked cache root (26.455349ms)
✔ verify rejects a symlinked cache descendant (19.683496ms)
✔ verify rejects an artifact path that escapes the cache root (24.313485ms)
✔ verify rejects a modified byte even when the size is unchanged (19.254345ms)
✔ verify rejects a missing artifact file (22.381565ms)
✔ verify rejects duplicate manifest IDs even when the lock digest matches (28.657916ms)
✔ verify rejects a manifest effect with no locked bundle (25.230158ms)
✔ verify rejects a locked bundle absent from the manifest (39.242378ms)
✔ verify rejects a registration count that differs from the manifest (27.743213ms)
✔ checked-in lock pins the complete 210-effect catalog (345.354325ms)
ℹ tests 257
ℹ suites 0
ℹ pass 257
ℹ fail 0
ℹ cancelled 0
ℹ skipped 0
ℹ todo 0
ℹ duration_ms 11193.79179
