✔ legacy noiseType parameter compiles with the pinned reference diagnostic (514.949617ms)
✔ canonical parameters win over legacy aliases while retaining the native warning (180.781327ms)
✔ legacy aliases do not leak into a same-named effect in another namespace (180.847078ms)
✔ every pinned legacy parameter alias matches the independently registered reference (260.713654ms)
✔ every pinned deprecated effect emits the reference deprecation diagnostic (141.306167ms)
✔ full Polymorphic corpus matches the separately instantiated pinned compiler (169.560016ms)
✔ public compiler rejects output surfaces outside o0-o7 in every DSL position (1.339346ms)
✔ mutation introspection excludes builtin pipeline steps (135.216788ms)
✔ diagnostic locations preserve source columns (130.105644ms)
✔ structured DSL lexer diagnostics attach diagnostic metadata to thrown SyntaxError (132.21958ms)
✔ structured DSL parser expectation diagnostics attach diagnostic metadata to thrown SyntaxError (132.340411ms)
✔ parser expectation diagnostics represent unavailable caller-token coordinates explicitly (126.353846ms)
✔ renderLandscape3d filtering modes match the vendored reference compiler and select expected defines (141.361987ms)
✔ structured DSL automation diagnostics attach diagnostic metadata to thrown SyntaxError (130.808292ms)
✔ parser automation diagnostics preserve unavailable caller-token coordinates (128.616925ms)
✔ valid automation invocations retain AST defaults and keys (129.219903ms)
✔ structured DSL search directive diagnostics attach diagnostic metadata to thrown SyntaxError (136.336803ms)
✔ parser search diagnostics preserve unavailable caller-token coordinates (153.689053ms)
✔ valid search directives retain namespace order, keyword namespaces, and compiled indexes (138.953156ms)
✔ structured DSL output validation diagnostics attach diagnostic metadata to thrown SyntaxError (130.376186ms)
✔ parser output diagnostics preserve unavailable caller-token coordinates (130.774813ms)
✔ structured DSL subchain validation diagnostics attach diagnostic metadata to thrown SyntaxError (139.520932ms)
✔ parser subchain diagnostics preserve unavailable caller-token coordinates (129.189962ms)
✔ valid subchains preserve permissive arguments, defaults, body and compiled indexes (129.574786ms)
✔ subchain syntax preserves shared expectation diagnostic precedence (130.355717ms)
✔ structured DSL call form diagnostics attach diagnostic metadata to thrown SyntaxError (129.732269ms)
✔ parser call form diagnostics preserve unavailable caller-token coordinates (127.820325ms)
✔ structured DSL remaining expectation diagnostics attach diagnostic metadata to thrown SyntaxError (129.565218ms)
✔ parser remaining expectation diagnostics preserve unavailable caller-token coordinates (129.699678ms)
✔ number coercion diagnostics represent unavailable locations explicitly and preserve available locations (126.007632ms)
✔ valid call forms retain from override namespaces and mixed automation arguments (150.972689ms)
✔ GAP-027: subchain argument validation contract exposes P008, P009, P010 diagnostics in permissive mode (132.820458ms)
✔ upstream texture-policy fields (mipmaps/persistent/3D filter) propagate from effect definitions into compiled texture specs (149.200057ms)
✔ GAP-027: strict opt-in mode rejects subchain argument violations with SyntaxError (137.631958ms)
✔ parser diagnostic source coordinates survive scanner drift (129.216082ms)
✔ caller tokens lacking position attributes preserve null spans in subchain reporting (138.216877ms)
ℹ tests 36
ℹ suites 0
ℹ pass 36
ℹ fail 0
ℹ cancelled 0
ℹ skipped 0
ℹ todo 0
ℹ duration_ms 5447.133947
