
> @noisefactor/noisemaker-for-cables@0.1.0 test
> node --test test/*.test.js

✔ FLOAT readback stays top-down Float32 without clamping negative or HDR channels (2.089956ms)
✔ FLOAT readback rejects non-finite channels (0.454154ms)
✔ sub-RGBA8 fractional differences invisible in RGBA8 fail native parity and exact copy (0.491416ms)
✔ negative differences invisible in RGBA8 fail native parity and exact copy (0.208472ms)
✔ HDR differences invisible in RGBA8 fail native parity and exact copy (0.259213ms)
✔ concatenation preserves native negative and HDR float channels (0.303304ms)
✔ exact readback comparison uses raw Float32 bits for signed zero and NaN payloads (0.239674ms)
✔ generated effect entry statically imports every locked effect exactly once in ID order (15.242644ms)
✔ engine facade loads the pinned catalog and compiles with the reference Polymorphic compiler (223.572171ms)
✔ pinned core exposes renderer sinks and bounded WebGL2 frame export (2.635353ms)
✔ pinned core supports device-qualified MIDI and audio automation (6.413532ms)
✔ pinned core preserves and evaluates nested automation sources (4.829261ms)
✔ browser bundle is self-contained while preserving caller-requested native fetch (352.491689ms)
✔ browser bundle compiles legacy noiseType with the pinned native warning (64.689402ms)
✔ pinned core and cables runtime compile chained variable alias syntax into valid render graph passes (66.727568ms)
✔ pinned core validates legacy MIDI channels as static integers 1 to 16 (10.812909ms)
✔ pinned core pipeline recreates global surfaces when format changes (3.021448ms)
✔ pinned core Pipeline preserves scoped texture dimensions across setUniform (3.022189ms)
✔ pinned core SinkManager supports shouldDeferRender backpressure lifecycle (0.525167ms)
✔ pinned core Pipeline delegates shouldDeferRender to its sinkManager (0.321423ms)
✔ real backend is a pinned WebGL2Backend subclass and present only records the ID (7.11619ms)
✔ presented texture info includes the reference texture and FBO without mutating it (0.653388ms)
✔ missing presentation and missing presented textures are categorized separately (0.647108ms)
✔ ownership is explicit and replacing owned records uses the superclass destroy path (0.640809ms)
✔ destroy is idempotent, releases owned/default textures once, and preserves CGL handles (0.684629ms)
✔ updateTextureFromSource detaches external/default records before any CPU upload (1.815753ms)
✔ updateTextureFromSource supports borrowed VideoFrame and validates dimensions (2.525092ms)
✔ _uploadMeshTexture detaches external/default records before any CPU upload (0.449287ms)
✔ uploadDataTexture detaches external/default records before any CPU upload (0.484825ms)
✔ uploadCubeFace detaches external/default records before uploading into an owned cubemap (0.927372ms)
✔ all reference allocation paths detach non-owning records and their adapter FBOs first (0.720177ms)
✔ backend destruction retries superclass failure without repeating successful adapter cleanup (0.612878ms)
✔ compileProgram preserves fragment compile errors and releases the compiled vertex shader (1.131655ms)
✔ compileProgram preserves link errors and releases both shaders and the failed program (0.584979ms)
✔ compileProgram keeps a successful reference-shaped program and releases only its shaders (0.474506ms)
✔ compileProgram releases every partial uniform-block buffer when later compilation fails (0.941112ms)
✔ compileProgram still releases uniform-block buffers when failed-program deletion also throws (0.575138ms)
✔ compileProgram merges inner uniform-buffer and outer program cleanup failures in order (0.404236ms)
✔ backend destroy releases successful uniform-block buffers exactly once (0.567726ms)
✔ backend destroy retries only uniform-block buffers whose deletion failed (1.962035ms)
✔ output copier keeps one RGBA16F nearest/clamp CGL texture per size (0.582687ms)
✔ output resize preserves the last-good texture and retries failed retirement without leaks (0.306925ms)
✔ output resize retains a failed replacement cleanup for a later successful resize retry (0.302364ms)
✔ output copier blits exact matching RGBA16F texels between private FBOs (0.475186ms)
✔ output copier categorizes a null destination FBO without binding the default framebuffer (0.280964ms)
✔ output copier rejects an incomplete destination before blit or fallback drawing (0.299494ms)
✔ output copier uses texelFetch fallback when the exact-copy read FBO is incomplete (0.265763ms)
✔ output copier falls back when native blit throws or reports a GL error (0.406506ms)
✔ output copier propagates fallback failure instead of reporting stale success (0.252094ms)
✔ output copier categorizes a native GL error after fallback drawing (0.244274ms)
✔ output copier rejects scaling and falls back to integer texelFetch (0.426235ms)
✔ default output fallback compiles the dedicated texelFetch program and disposes it once (0.999103ms)
✔ default output fallback cleans a compiled vertex shader when fragment compilation fails (0.233563ms)
✔ output copier disposal retries only failed resources and rejects work after disposal starts (0.500556ms)
✔ production fallback disposal retries a failed program delete without repeating successes (0.565687ms)
▶ complete-catalog capability failures are structured, frozen, and preserve issue messages
  ✔ webgl2 (1.894773ms)
  ✔ colorBufferFloat (4.430726ms)
  ✔ floatLinear (0.208753ms)
  ✔ floatBlend (0.329224ms)
  ✔ maxTextureSize (0.221491ms)
  ✔ maxDrawBuffers (0.193414ms)
  ✔ maxTextureUnits (0.166252ms)
  ✔ maxUniformBlockSize (0.162362ms)
  ✔ maxUniformBufferBindings (0.210612ms)
  ✔ cglCacheCompatible (0.525226ms)
✔ complete-catalog capability failures are structured, frozen, and preserve issue messages (11.916982ms)
✔ the exact documented complete-catalog boundary is supported with the public shape intact (0.299394ms)
✔ every locked effect has an explicit valid Polymorphic catalog program (393.296987ms)
✔ qualified scope covers the full catalog with only the compile-only exclusion (5.267826ms)
✔ the committed kit declaration matches the qualified scope exactly (3.240771ms)
✔ pre-delivery rejection: mode "all" is rejected (1.226905ms)
✔ pre-delivery rejection: an unqualified id in the declaration is rejected (1.422028ms)
✔ pre-delivery rejection: an omitted qualified id is rejected (2.210758ms)
✔ pre-delivery rejection: a renamed qualified id fails (identity control) (1.604791ms)
✔ pre-delivery rejection: duplicate ids are rejected (1.69462ms)
✔ the gate CLI accepts the committed declaration (43.417472ms)
✔ concurrent whole-catalog registration calls share one batch promise (1.534168ms)
✔ failed mid-batch registration retries with persistent choices and no repeated successful aliases (5.294888ms)
✔ bootCore registers standard enums and starter ops once per core instance (2.287689ms)
✔ registerEffectInstance registers aliases, op metadata, starters, enums, and aliases once (6.003967ms)
✔ registerEffectInstance instantiates class exports and attaches static shaders (0.349355ms)
✔ finalizeEnums merges accumulated choices once per core and choice object (0.337824ms)
✔ findExternalTextureIds detects every unique graph input ending in _step_N (2.317689ms)
✔ one CGL texture binds its .tex handle and dimensions to every external input (0.603548ms)
✔ disconnect binds transparent default records without deleting the prior host texture (0.315184ms)
✔ rebinding after graph texture recreation replaces every detected record again (0.322194ms)
✔ captureGLState and restoreGLState preserve complete shared WebGL2 state (5.500859ms)
✔ prepareNoisemakerGLState establishes a canonical guest baseline inside an exact host guard (3.288541ms)
✔ captureGLState feature-detects optional texture targets (1.039183ms)
✔ withGLState preserves a synchronous return value and invalidates pinned CGL caches last (1.099405ms)
✔ withGLState restores after synchronous throws (1.265586ms)
✔ withGLState preserves a synchronous callback failure and collects every cleanup failure (1.010342ms)
✔ withGLState reports all cleanup failures after successful sync and async callbacks (2.614393ms)
✔ withGLState preserves asynchronous values and restores on fulfillment or rejection (2.260259ms)
✔ withGLState preserves an asynchronous rejection as primary when cleanup also fails (0.804131ms)
✔ withGLState ends active guest transform feedback before restoring host state (0.985113ms)
✔ withGLState fails closed before the callback when host transform feedback is active (0.604057ms)
✔ withGLState fails closed for unknown CGL cache shapes despite predicate or custom hooks (0.477645ms)
✔ installer forwards the selected capability inspector by identity (2.557213ms)
✔ installer creates the exact native port contract and one visible initial configuration (1.682461ms)
✔ synchronous compile-affecting changes coalesce and non-compile ports wire directly (0.747659ms)
✔ each configuration snapshots the current linked texture before compiling (0.503846ms)
✔ configuration observes input rejection before invoking fallible configure (0.456395ms)
✔ delete prevents configure after a pending input snapshot resolves (0.420115ms)
✔ controller state publishes Texture, Ready, Error, and matching UI errors (2.843956ms)
✔ structured compiler diagnostics from the controller state reach the Error port and UI error (0.343284ms)
✔ Render remains synchronous, handles its promise, publishes before Next, and never throws (1.199496ms)
✔ Canvas Render transactionally resizes once before render and Next while Manual ignores host changes (1.539139ms)
✔ overlapping Canvas resize renders are latest-wins when the obsolete resize settles first (0.818511ms)
✔ a current Canvas resize rejection is terminal without retry, render, Next, or unhandled rejection (10.472054ms)
✔ a handled Canvas resize nonpromotion is terminal without retry, render, or Next (0.598689ms)
▶ disposal during a pending Canvas resize cannot request, render, Next, or leak rejection
  ✔ resolve (1.47554ms)
  ✔ reject (1.140454ms)
✔ disposal during a pending Canvas resize cannot request, render, Next, or leak rejection (3.318972ms)
✔ context lifecycle listeners and onDelete forward safely and clean up exactly once (0.409965ms)
✔ pending render, configure, context, and state continuations become inert after onDelete (0.387625ms)
✔ native wrapper, namespace metadata, op metadata, and docs are distribution-complete (6.310189ms)
✔ private package metadata describes the portable Cables distribution (10.278061ms)
✔ published files are limited to package assets and lock metadata (4.943072ms)
✔ package scripts expose the complete development workflow (2.877988ms)
✔ source facade exposes only the planned bridge APIs (2.378721ms)
✔ README identifies Noisemaker for Cables, its package, and its single-op scope (1.068364ms)
✔ reproducible vendor source is tracked while generated and local-only data is ignored (1.331217ms)
✔ catalog documentation defines the versioned vendor-cache and update-only mutable alias (1.731102ms)
✔ agent process artifact directories are absent and ignored from initial staging (1.642682ms)
✔ legacy noiseType parameter compiles with the pinned reference diagnostic (497.315851ms)
✔ canonical parameters win over legacy aliases while retaining the native warning (149.760413ms)
✔ legacy aliases do not leak into a same-named effect in another namespace (146.745995ms)
✔ every pinned legacy parameter alias matches the independently registered reference (289.211836ms)
✔ every pinned deprecated effect emits the reference deprecation diagnostic (183.483881ms)
✔ full Polymorphic corpus matches the separately instantiated pinned compiler (165.745878ms)
✔ public compiler rejects output surfaces outside o0-o7 in every DSL position (1.636681ms)
✔ mutation introspection excludes builtin pipeline steps (128.659535ms)
✔ diagnostic locations preserve source columns (125.692897ms)
✔ structured DSL lexer diagnostics attach diagnostic metadata to thrown SyntaxError (126.552379ms)
✔ structured DSL parser expectation diagnostics attach diagnostic metadata to thrown SyntaxError (126.758171ms)
✔ parser expectation diagnostics represent unavailable caller-token coordinates explicitly (125.142211ms)
✔ renderLandscape3d filtering modes match the vendored reference compiler and select expected defines (129.670508ms)
✔ structured DSL automation diagnostics attach diagnostic metadata to thrown SyntaxError (128.499613ms)
✔ parser automation diagnostics preserve unavailable caller-token coordinates (128.452893ms)
✔ valid automation invocations retain AST defaults and keys (129.303464ms)
✔ structured DSL search directive diagnostics attach diagnostic metadata to thrown SyntaxError (130.215105ms)
✔ parser search diagnostics preserve unavailable caller-token coordinates (144.702219ms)
✔ valid search directives retain namespace order, keyword namespaces, and compiled indexes (134.224245ms)
✔ structured DSL output validation diagnostics attach diagnostic metadata to thrown SyntaxError (128.065457ms)
✔ parser output diagnostics preserve unavailable caller-token coordinates (127.051715ms)
✔ structured DSL subchain validation diagnostics attach diagnostic metadata to thrown SyntaxError (126.470427ms)
✔ parser subchain diagnostics preserve unavailable caller-token coordinates (130.966185ms)
✔ valid subchains preserve permissive arguments, defaults, body and compiled indexes (126.857423ms)
✔ subchain syntax preserves shared expectation diagnostic precedence (125.744337ms)
✔ structured DSL call form diagnostics attach diagnostic metadata to thrown SyntaxError (133.685369ms)
✔ parser call form diagnostics preserve unavailable caller-token coordinates (124.112288ms)
✔ structured DSL remaining expectation diagnostics attach diagnostic metadata to thrown SyntaxError (131.282398ms)
✔ parser remaining expectation diagnostics preserve unavailable caller-token coordinates (143.97444ms)
✔ number coercion diagnostics represent unavailable locations explicitly and preserve available locations (126.967604ms)
✔ valid call forms retain from override namespaces and mixed automation arguments (127.623612ms)
✔ GAP-027: subchain argument validation contract exposes P008, P009, P010 diagnostics in permissive mode (131.202128ms)
✔ upstream texture-policy fields (mipmaps/persistent/3D filter) propagate from effect definitions into compiled texture specs (126.266525ms)
✔ GAP-027: strict opt-in mode rejects subchain argument violations with SyntaxError (130.042863ms)
✔ parser diagnostic source coordinates survive scanner drift (125.268063ms)
✔ caller tokens lacking position attributes preserve null spans in subchain reporting (124.726265ms)
✔ initial configure preserves DSL bytes and separates CPU compilation from short guarded GPU phases (6.127237ms)
✔ only the newest asynchronous generation promotes and stale initialized candidates dispose guarded (6.063486ms)
✔ a backend returned after generation supersession is destroyed guarded (0.958022ms)
✔ a backend returned after controller disposal is destroyed and remains retryable (1.424407ms)
✔ a backend rejected by Pipeline construction is destroyed guarded (0.518687ms)
✔ a failed edit retains the last-good pipeline and stable output texture (0.572207ms)
✔ compiler diagnostics reach the visible error and stay attached without dropping the last-good pipeline (0.781921ms)
✔ lexer and parser diagnostic metadata renders code and location when message exists (0.443625ms)
✔ promotion assigns the new candidate before old disposal and keeps same-size output identity (0.652278ms)
✔ configure coalesces DSL and size into one generation and clamps manual/canvas dimensions (1.090483ms)
✔ render jobs serialize normalized times, clear stale presentation, and publish after copying (0.868332ms)
✔ media replacement and disconnect rebind without deleting any host texture (0.507706ms)
✔ reset rebuilds stateful resources without replacing a same-size output object (0.509797ms)
✔ context loss performs no GL work and restoration rebuilds last-good DSL before an invalid desired edit (0.854642ms)
✔ external input states persist across active, in-flight, and restored pipelines (5.350747ms)
✔ restoration rebuilds last-good state and then replays the newest DSL edited while context-lost (0.587928ms)
✔ render failure preserves the last successful output and rebuilds before accepting another frame (0.521796ms)
✔ render recovery waits for a newer pending desired edit instead of staling it (1.440759ms)
✔ delayed async effect texture uploads re-enter the FIFO guard for the current context epoch (0.851911ms)
✔ a backend that performs GPU work after returning its promise is detected as an initialization error (0.755379ms)
▶ every shared complete-catalog failure stops before backend creation, init, or shader compile
  ✔ webgl2 (0.422635ms)
  ✔ colorBufferFloat (0.168592ms)
  ✔ floatLinear (0.176573ms)
  ✔ floatBlend (0.145231ms)
  ✔ maxTextureSize (0.192423ms)
  ✔ maxDrawBuffers (0.159912ms)
  ✔ maxTextureUnits (0.192062ms)
  ✔ maxUniformBlockSize (0.179763ms)
  ✔ maxUniformBufferBindings (0.202202ms)
  ✔ cglCacheCompatible (0.317374ms)
✔ every shared complete-catalog failure stops before backend creation, init, or shader compile (3.348942ms)
✔ shared capability preflight reruns after context restoration before touching a new backend (0.511097ms)
✔ graph uniform-block overflow uses the shared public capability identity before shader execution (0.556308ms)
▶ all graph-specific defenses retain shared public capability identities
  ✔ maxDrawBuffers (3.93879ms)
  ✔ maxTextureUnits (0.511596ms)
  ✔ floatBlend (0.263414ms)
  ✔ maxUniformBufferBindings (0.273584ms)
✔ all graph-specific defenses retain shared public capability identities (5.602732ms)
✔ dispose is idempotent and all later controller methods become no-op stable results (0.439966ms)
✔ dispose releases an initialized candidate even while its init promise is pending (8.976614ms)
✔ stale candidate cleanup failures are surfaced, retained, and retried on final disposal (3.401684ms)
✔ failed replaced-candidate cleanup remains retryable after the new candidate is active (0.590537ms)
✔ final dispose retries only candidate and output resources whose cleanup failed (0.516506ms)
✔ final dispose retries a retained backend after terminal core Pipeline disposal fails (22.516638ms)
✔ state callbacks run outside guards and rejected callback promises never poison controller work (0.453254ms)
✔ every pipeline disposal clears pending async debounce timers before they can fire (71.103493ms)
✔ the active last-good candidate may finish delayed uploads during a pending edit (0.990774ms)
✔ delayed uploads from a stale unpromoted generation never enter the GL guard (0.72803ms)
✔ an output resize failure retains the complete last-good transaction (0.477316ms)
✔ concurrent compile and load paths share one lazy bootstrap (1.61138ms)
✔ failed lazy bootstrap is handled immediately and a later call retries (6.798618ms)
✔ temporary Standalone cleanup requests bounded recursive ENOTEMPTY retries (2.405642ms)
✔ temporary Standalone cleanup propagates a persistent failure after Node exhausts retries (0.699949ms)
✔ Standalone finally cleanup remains browser close then child stop then retried temp removal (6.007955ms)
✔ attests the resolved Cables Standalone 0.11.0 app identity (3.435745ms)
✔ rejects a missing Cables Standalone app.asar file (0.77806ms)
✔ rejects a missing app.asar integrity record (0.368325ms)
▶ rejects malformed app.asar integrity algorithms and hashes
  ✔ algorithm (0.453685ms)
  ✔ hash (0.384894ms)
✔ rejects malformed app.asar integrity algorithms and hashes (1.320236ms)
✔ rejects an app.asar whose independently computed hash mismatches the plist (0.371755ms)
✔ streams and hashes the exact framed ASAR JSON header bytes (5.063795ms)
▶ rejects malformed, truncated, or invalid ASAR header framing
  ✔ outer pickle (0.506767ms)
  ✔ inner pickle bounds (0.433236ms)
  ✔ truncated file (0.248603ms)
  ✔ truncated stream (0.892692ms)
  ✔ invalid JSON shape (0.85052ms)
✔ rejects malformed, truncated, or invalid ASAR header framing (3.671617ms)
✔ rejects a Cables Standalone version other than 0.11.0 (0.254694ms)
✔ rejects a missing Cables Standalone build version (0.269943ms)
✔ rejects a bundle executable that does not match the resolved executable (0.431265ms)
✔ rejects a non-Cables bundle identifier (0.594778ms)
✔ rejects a non-Cables bundle product name (0.339004ms)
✔ rejects a Linux bundle whose desktop entry is missing (12.294156ms)
✔ rejects a Linux bundle whose desktop entry omits the AppImage version (0.453896ms)
✔ rejects a Linux bundle with an unsupported AppImage version (0.243243ms)
✔ rejects a Linux bundle whose desktop entry name is not Cables (0.250523ms)
✔ attests the resolved Linux AppImage bundle identity without an embedded asar expectation (0.299904ms)
✔ attests the Linux AppImage happy path through inspectCablesStandalone (0.403975ms)
✔ rejects a Linux app.asar whose header hash is malformed (0.265714ms)
✔ rejects a Linux app.asar with invalid header framing (0.270495ms)
✔ rejects a Windows executable instead of misreading it as a Linux AppImage (0.192993ms)
✔ reads XML or binary app plists through plutil JSON conversion (0.239653ms)
✔ streams executable bytes into a canonical SHA-256 digest (0.525626ms)
✔ standalone smoke attests identity before temp creation or spawn and reports it (4.558808ms)
✔ npm archive is the exact self-contained Cables Standalone distribution (656.23361ms)
✔ documented media DSL compiles with the pinned full Polymorphic catalog (205.951498ms)
✔ waits for child exit after escalating from SIGTERM to SIGKILL (1.678481ms)
✔ sha256 returns canonical lowercase hexadecimal (1.735172ms)
✔ effect artifact paths cannot escape the cache root (0.7192ms)
✔ manifest duplicate detection runs before ordinary JSON parsing (0.494306ms)
✔ update writes deterministic metadata and bytes for the complete manifest (101.809574ms)
✔ update rejects a symlinked cache root without touching its target (12.345348ms)
✔ update rejects a symlinked cache descendant without touching its target (14.837658ms)
✔ verify rejects a symlinked cache root (20.880716ms)
✔ verify rejects a symlinked cache descendant (15.821761ms)
✔ verify rejects an artifact path that escapes the cache root (35.905937ms)
✔ verify rejects a modified byte even when the size is unchanged (23.819332ms)
✔ verify rejects a missing artifact file (22.85787ms)
✔ verify rejects duplicate manifest IDs even when the lock digest matches (26.149502ms)
✔ verify rejects a manifest effect with no locked bundle (21.461852ms)
✔ verify rejects a locked bundle absent from the manifest (38.58826ms)
✔ verify rejects a registration count that differs from the manifest (24.685614ms)
✔ checked-in lock pins the complete 210-effect catalog (274.67688ms)
ℹ tests 265
ℹ suites 0
ℹ pass 265
ℹ fail 0
ℹ cancelled 0
ℹ skipped 0
ℹ todo 0
ℹ duration_ms 9792.703573
