✔ legacy noiseType parameter compiles with the pinned reference diagnostic (616.265333ms)
✔ canonical parameters win over legacy aliases while retaining the native warning (142.605034ms)
✔ legacy aliases do not leak into a same-named effect in another namespace (140.31138ms)
✔ every pinned legacy parameter alias matches the independently registered reference (329.808368ms)
✔ every pinned deprecated effect emits the reference deprecation diagnostic (184.917631ms)
✔ full Polymorphic corpus matches the separately instantiated pinned compiler (175.831591ms)
✔ public compiler rejects output surfaces outside o0-o7 in every DSL position (1.881543ms)
✔ mutation introspection excludes builtin pipeline steps (139.658726ms)
✔ diagnostic locations preserve source columns (132.830868ms)
✔ structured DSL lexer diagnostics attach diagnostic metadata to thrown SyntaxError (130.053634ms)
✔ structured DSL parser expectation diagnostics attach diagnostic metadata to thrown SyntaxError (140.537566ms)
✔ parser expectation diagnostics represent unavailable caller-token coordinates explicitly (132.885899ms)
✔ renderLandscape3d filtering modes match the vendored reference compiler and select expected defines (144.534897ms)
✔ structured DSL automation diagnostics attach diagnostic metadata to thrown SyntaxError (140.632219ms)
✔ parser automation diagnostics preserve unavailable caller-token coordinates (135.533281ms)
✔ valid automation invocations retain AST defaults and keys (132.473929ms)
✔ structured DSL search directive diagnostics attach diagnostic metadata to thrown SyntaxError (133.203918ms)
✔ parser search diagnostics preserve unavailable caller-token coordinates (133.744658ms)
✔ valid search directives retain namespace order, keyword namespaces, and compiled indexes (129.721935ms)
✔ structured DSL output validation diagnostics attach diagnostic metadata to thrown SyntaxError (114.437564ms)
✔ parser output diagnostics preserve unavailable caller-token coordinates (113.998243ms)
✔ structured DSL subchain validation diagnostics attach diagnostic metadata to thrown SyntaxError (150.505127ms)
✔ parser subchain diagnostics preserve unavailable caller-token coordinates (213.709325ms)
✔ valid subchains preserve permissive arguments, defaults, body and compiled indexes (217.203237ms)
✔ subchain syntax preserves shared expectation diagnostic precedence (190.117052ms)
✔ structured DSL call form diagnostics attach diagnostic metadata to thrown SyntaxError (217.288779ms)
✔ parser call form diagnostics preserve unavailable caller-token coordinates (213.984853ms)
✔ structured DSL remaining expectation diagnostics attach diagnostic metadata to thrown SyntaxError (205.987978ms)
✔ parser remaining expectation diagnostics preserve unavailable caller-token coordinates (178.182546ms)
✔ number coercion diagnostics represent unavailable locations explicitly and preserve available locations (116.350067ms)
✔ valid call forms retain from override namespaces and mixed automation arguments (117.947604ms)
✔ GAP-027: subchain argument validation contract exposes P008, P009, P010 diagnostics in permissive mode (114.613638ms)
✔ upstream texture-policy fields (mipmaps/persistent/3D filter) propagate from effect definitions into compiled texture specs (124.023335ms)
✔ GAP-027: strict opt-in mode rejects subchain argument violations with SyntaxError (120.616756ms)
✔ parser diagnostic source coordinates survive scanner drift (124.134827ms)
✔ caller tokens lacking position attributes preserve null spans in subchain reporting (139.8589ms)
ℹ tests 36
ℹ suites 0
ℹ pass 36
ℹ fail 0
ℹ cancelled 0
ℹ skipped 0
ℹ todo 0
ℹ duration_ms 6019.84719
