
> @noisefactor/noisemaker-for-cables@0.1.0 test
> node --test test/*.test.js

✔ FLOAT readback stays top-down Float32 without clamping negative or HDR channels (2.601731ms)
✔ FLOAT readback rejects non-finite channels (0.555002ms)
✔ sub-RGBA8 fractional differences invisible in RGBA8 fail native parity and exact copy (0.749597ms)
✔ negative differences invisible in RGBA8 fail native parity and exact copy (0.246506ms)
✔ HDR differences invisible in RGBA8 fail native parity and exact copy (0.245747ms)
✔ concatenation preserves native negative and HDR float channels (0.340318ms)
✔ exact readback comparison uses raw Float32 bits for signed zero and NaN payloads (0.440471ms)
✔ generated effect entry statically imports every locked effect exactly once in ID order (15.652384ms)
✔ engine facade loads the pinned catalog and compiles with the reference Polymorphic compiler (217.337632ms)
✔ pinned core exposes renderer sinks and bounded WebGL2 frame export (2.579961ms)
✔ pinned core supports device-qualified MIDI and audio automation (5.067548ms)
✔ pinned core preserves and evaluates nested automation sources (2.837026ms)
✔ browser bundle is self-contained while preserving caller-requested native fetch (342.511448ms)
✔ browser bundle compiles legacy noiseType with the pinned native warning (57.182642ms)
✔ pinned core and cables runtime compile chained variable alias syntax into valid render graph passes (58.431881ms)
✔ pinned core validates legacy MIDI channels as static integers 1 to 16 (8.551449ms)
✔ pinned core pipeline recreates global surfaces when format changes (3.306517ms)
✔ pinned core Pipeline preserves scoped texture dimensions across setUniform (1.73931ms)
✔ pinned core SinkManager supports shouldDeferRender backpressure lifecycle (0.556714ms)
✔ pinned core Pipeline delegates shouldDeferRender to its sinkManager (0.479142ms)
✔ real backend is a pinned WebGL2Backend subclass and present only records the ID (2.614821ms)
✔ presented texture info includes the reference texture and FBO without mutating it (0.660846ms)
✔ missing presentation and missing presented textures are categorized separately (0.674666ms)
✔ ownership is explicit and replacing owned records uses the superclass destroy path (0.8694ms)
✔ destroy is idempotent, releases owned/default textures once, and preserves CGL handles (0.805229ms)
✔ updateTextureFromSource detaches external/default records before any CPU upload (0.934282ms)
✔ updateTextureFromSource supports borrowed VideoFrame and validates dimensions (0.509782ms)
✔ _uploadMeshTexture detaches external/default records before any CPU upload (0.540552ms)
✔ uploadDataTexture detaches external/default records before any CPU upload (0.705077ms)
✔ uploadCubeFace detaches external/default records before uploading into an owned cubemap (0.958403ms)
✔ all reference allocation paths detach non-owning records and their adapter FBOs first (0.482011ms)
✔ backend destruction retries superclass failure without repeating successful adapter cleanup (0.814468ms)
✔ compileProgram preserves fragment compile errors and releases the compiled vertex shader (1.435054ms)
✔ compileProgram preserves link errors and releases both shaders and the failed program (0.638475ms)
✔ compileProgram keeps a successful reference-shaped program and releases only its shaders (0.495141ms)
✔ compileProgram releases every partial uniform-block buffer when later compilation fails (0.999173ms)
✔ compileProgram still releases uniform-block buffers when failed-program deletion also throws (0.741337ms)
✔ compileProgram merges inner uniform-buffer and outer program cleanup failures in order (0.43927ms)
✔ backend destroy releases successful uniform-block buffers exactly once (0.486562ms)
✔ backend destroy retries only uniform-block buffers whose deletion failed (0.661045ms)
✔ output copier keeps one RGBA16F nearest/clamp CGL texture per size (1.447684ms)
✔ output resize preserves the last-good texture and retries failed retirement without leaks (0.511573ms)
✔ output resize retains a failed replacement cleanup for a later successful resize retry (0.341397ms)
✔ output copier blits exact matching RGBA16F texels between private FBOs (0.658246ms)
✔ output copier categorizes a null destination FBO without binding the default framebuffer (0.323458ms)
✔ output copier rejects an incomplete destination before blit or fallback drawing (0.300297ms)
✔ output copier uses texelFetch fallback when the exact-copy read FBO is incomplete (0.240327ms)
✔ output copier falls back when native blit throws or reports a GL error (0.368079ms)
✔ output copier propagates fallback failure instead of reporting stale success (0.274086ms)
✔ output copier categorizes a native GL error after fallback drawing (0.433921ms)
✔ output copier rejects scaling and falls back to integer texelFetch (0.466091ms)
✔ default output fallback compiles the dedicated texelFetch program and disposes it once (1.022794ms)
✔ default output fallback cleans a compiled vertex shader when fragment compilation fails (0.289267ms)
✔ output copier disposal retries only failed resources and rejects work after disposal starts (0.709616ms)
✔ production fallback disposal retries a failed program delete without repeating successes (0.605685ms)
▶ complete-catalog capability failures are structured, frozen, and preserve issue messages
  ✔ webgl2 (2.16899ms)
  ✔ colorBufferFloat (3.786038ms)
  ✔ floatLinear (0.396288ms)
  ✔ floatBlend (0.268586ms)
  ✔ maxTextureSize (0.231675ms)
  ✔ maxDrawBuffers (0.249825ms)
  ✔ maxTextureUnits (0.41812ms)
  ✔ maxUniformBlockSize (0.248845ms)
  ✔ maxUniformBufferBindings (0.305817ms)
  ✔ cglCacheCompatible (0.520652ms)
✔ complete-catalog capability failures are structured, frozen, and preserve issue messages (11.883447ms)
✔ the exact documented complete-catalog boundary is supported with the public shape intact (0.262615ms)
✔ every locked effect has an explicit valid Polymorphic catalog program (388.424808ms)
✔ the builder reads the same qualified list that the delivery gate validates (9.379468ms)
✔ qualified scope covers the full catalog with only the compile-only exclusion (1.909434ms)
✔ the committed kit declaration matches the qualified scope exactly (1.756271ms)
✔ pre-delivery rejection: mode "all" is rejected (1.203748ms)
✔ pre-delivery rejection: an unqualified id in the declaration is rejected (1.856674ms)
✔ pre-delivery rejection: an omitted qualified id is rejected (1.748681ms)
✔ pre-delivery rejection: a renamed qualified id fails (identity control) (1.835143ms)
✔ pre-delivery rejection: duplicate ids are rejected (1.110196ms)
✔ the gate CLI accepts the committed declaration (53.065786ms)
✔ concurrent whole-catalog registration calls share one batch promise (1.725889ms)
✔ failed mid-batch registration retries with persistent choices and no repeated successful aliases (6.221234ms)
✔ bootCore registers standard enums and starter ops once per core instance (1.763541ms)
✔ registerEffectInstance registers aliases, op metadata, starters, enums, and aliases once (5.557639ms)
✔ registerEffectInstance instantiates class exports and attaches static shaders (0.380679ms)
✔ finalizeEnums merges accumulated choices once per core and choice object (0.322477ms)
✔ findExternalTextureIds detects every unique graph input ending in _step_N (1.753171ms)
✔ one CGL texture binds its .tex handle and dimensions to every external input (0.593243ms)
✔ disconnect binds transparent default records without deleting the prior host texture (0.368569ms)
✔ rebinding after graph texture recreation replaces every detected record again (0.321257ms)
✔ captureGLState and restoreGLState preserve complete shared WebGL2 state (5.9907ms)
✔ prepareNoisemakerGLState establishes a canonical guest baseline inside an exact host guard (3.128493ms)
✔ captureGLState feature-detects optional texture targets (0.8269ms)
✔ withGLState preserves a synchronous return value and invalidates pinned CGL caches last (0.906401ms)
✔ withGLState restores after synchronous throws (1.353081ms)
✔ withGLState preserves a synchronous callback failure and collects every cleanup failure (1.096575ms)
✔ withGLState reports all cleanup failures after successful sync and async callbacks (1.791662ms)
✔ withGLState preserves asynchronous values and restores on fulfillment or rejection (2.230662ms)
✔ withGLState preserves an asynchronous rejection as primary when cleanup also fails (0.683996ms)
✔ withGLState ends active guest transform feedback before restoring host state (0.930481ms)
✔ withGLState fails closed before the callback when host transform feedback is active (0.557494ms)
✔ withGLState fails closed for unknown CGL cache shapes despite predicate or custom hooks (0.843549ms)
✔ installer forwards the selected capability inspector by identity (3.049211ms)
✔ installer creates the exact native port contract and one visible initial configuration (2.144699ms)
✔ synchronous compile-affecting changes coalesce and non-compile ports wire directly (0.83162ms)
✔ each configuration snapshots the current linked texture before compiling (0.82883ms)
✔ configuration observes input rejection before invoking fallible configure (0.507681ms)
✔ delete prevents configure after a pending input snapshot resolves (0.606364ms)
✔ controller state publishes Texture, Ready, Error, and matching UI errors (1.519496ms)
✔ structured compiler diagnostics from the controller state reach the Error port and UI error (0.512461ms)
✔ Render remains synchronous, handles its promise, publishes before Next, and never throws (1.202149ms)
✔ Canvas Render transactionally resizes once before render and Next while Manual ignores host changes (1.293879ms)
✔ overlapping Canvas resize renders are latest-wins when the obsolete resize settles first (0.670896ms)
✔ a current Canvas resize rejection is terminal without retry, render, Next, or unhandled rejection (8.240932ms)
✔ a handled Canvas resize nonpromotion is terminal without retry, render, or Next (0.564894ms)
▶ disposal during a pending Canvas resize cannot request, render, Next, or leak rejection
  ✔ resolve (1.757721ms)
  ✔ reject (1.067454ms)
✔ disposal during a pending Canvas resize cannot request, render, Next, or leak rejection (3.686576ms)
✔ context lifecycle listeners and onDelete forward safely and clean up exactly once (0.651895ms)
✔ pending render, configure, context, and state continuations become inert after onDelete (0.520083ms)
✔ native wrapper, namespace metadata, op metadata, and docs are distribution-complete (5.004256ms)
✔ private package metadata describes the portable Cables distribution (11.754744ms)
✔ published files are limited to package assets and lock metadata (1.745191ms)
✔ package scripts expose the complete development workflow (2.724912ms)
✔ source facade exposes only the planned bridge APIs (1.179968ms)
✔ README identifies Noisemaker for Cables, its package, and its single-op scope (0.961542ms)
✔ reproducible vendor source is tracked while generated and local-only data is ignored (1.008973ms)
✔ catalog documentation defines the versioned vendor-cache and update-only mutable alias (1.492854ms)
✔ agent process artifact directories are absent and ignored from initial staging (1.693279ms)
✔ legacy noiseType parameter compiles with the pinned reference diagnostic (574.928783ms)
✔ canonical parameters win over legacy aliases while retaining the native warning (133.06145ms)
✔ legacy aliases do not leak into a same-named effect in another namespace (124.167583ms)
✔ every pinned legacy parameter alias matches the independently registered reference (284.344234ms)
✔ every pinned deprecated effect emits the reference deprecation diagnostic (149.373269ms)
✔ full Polymorphic corpus matches the separately instantiated pinned compiler (150.181409ms)
✔ public compiler rejects output surfaces outside o0-o7 in every DSL position (1.519135ms)
✔ mutation introspection excludes builtin pipeline steps (120.298803ms)
✔ diagnostic locations preserve source columns (122.587296ms)
✔ structured DSL lexer diagnostics attach diagnostic metadata to thrown SyntaxError (126.396955ms)
✔ structured DSL parser expectation diagnostics attach diagnostic metadata to thrown SyntaxError (124.90304ms)
✔ parser expectation diagnostics represent unavailable caller-token coordinates explicitly (126.059767ms)
✔ renderLandscape3d filtering modes match the vendored reference compiler and select expected defines (126.878836ms)
✔ structured DSL automation diagnostics attach diagnostic metadata to thrown SyntaxError (117.501128ms)
✔ parser automation diagnostics preserve unavailable caller-token coordinates (129.010045ms)
✔ valid automation invocations retain AST defaults and keys (126.432315ms)
✔ structured DSL search directive diagnostics attach diagnostic metadata to thrown SyntaxError (120.742462ms)
✔ parser search diagnostics preserve unavailable caller-token coordinates (120.960248ms)
✔ valid search directives retain namespace order, keyword namespaces, and compiled indexes (123.13807ms)
✔ structured DSL output validation diagnostics attach diagnostic metadata to thrown SyntaxError (120.566298ms)
✔ parser output diagnostics preserve unavailable caller-token coordinates (124.211673ms)
✔ structured DSL subchain validation diagnostics attach diagnostic metadata to thrown SyntaxError (119.214277ms)
✔ parser subchain diagnostics preserve unavailable caller-token coordinates (123.21249ms)
✔ valid subchains preserve permissive arguments, defaults, body and compiled indexes (122.851312ms)
✔ subchain syntax preserves shared expectation diagnostic precedence (119.364551ms)
✔ structured DSL call form diagnostics attach diagnostic metadata to thrown SyntaxError (121.842938ms)
✔ parser call form diagnostics preserve unavailable caller-token coordinates (126.459686ms)
✔ structured DSL remaining expectation diagnostics attach diagnostic metadata to thrown SyntaxError (126.035906ms)
✔ parser remaining expectation diagnostics preserve unavailable caller-token coordinates (124.132042ms)
✔ number coercion diagnostics represent unavailable locations explicitly and preserve available locations (116.663857ms)
✔ valid call forms retain from override namespaces and mixed automation arguments (117.402814ms)
✔ GAP-027: subchain argument validation contract exposes P008, P009, P010 diagnostics in permissive mode (125.873213ms)
✔ upstream texture-policy fields (mipmaps/persistent/3D filter) propagate from effect definitions into compiled texture specs (123.453385ms)
✔ GAP-027: strict opt-in mode rejects subchain argument violations with SyntaxError (119.895683ms)
✔ parser diagnostic source coordinates survive scanner drift (118.184554ms)
✔ caller tokens lacking position attributes preserve null spans in subchain reporting (114.980568ms)
✔ initial configure preserves DSL bytes and separates CPU compilation from short guarded GPU phases (6.766598ms)
✔ only the newest asynchronous generation promotes and stale initialized candidates dispose guarded (6.955442ms)
✔ a backend returned after generation supersession is destroyed guarded (1.127026ms)
✔ a backend returned after controller disposal is destroyed and remains retryable (1.469944ms)
✔ a backend rejected by Pipeline construction is destroyed guarded (0.694966ms)
✔ a failed edit retains the last-good pipeline and stable output texture (0.709337ms)
✔ compiler diagnostics reach the visible error and stay attached without dropping the last-good pipeline (1.469694ms)
✔ lexer and parser diagnostic metadata renders code and location when message exists (0.510432ms)
✔ promotion assigns the new candidate before old disposal and keeps same-size output identity (0.803149ms)
✔ configure coalesces DSL and size into one generation and clamps manual/canvas dimensions (1.638327ms)
✔ render jobs serialize normalized times, clear stale presentation, and publish after copying (1.633638ms)
✔ media replacement and disconnect rebind without deleting any host texture (0.692846ms)
✔ reset rebuilds stateful resources without replacing a same-size output object (0.84432ms)
✔ context loss performs no GL work and restoration rebuilds last-good DSL before an invalid desired edit (1.366412ms)
✔ external input states persist across active, in-flight, and restored pipelines (5.830356ms)
✔ restoration rebuilds last-good state and then replays the newest DSL edited while context-lost (0.593525ms)
✔ render failure preserves the last successful output and rebuilds before accepting another frame (0.579693ms)
✔ render recovery waits for a newer pending desired edit instead of staling it (1.618918ms)
✔ delayed async effect texture uploads re-enter the FIFO guard for the current context epoch (1.203458ms)
✔ a backend that performs GPU work after returning its promise is detected as an initialization error (1.010514ms)
▶ every shared complete-catalog failure stops before backend creation, init, or shader compile
  ✔ webgl2 (0.692695ms)
  ✔ colorBufferFloat (0.186355ms)
  ✔ floatLinear (0.205864ms)
  ✔ floatBlend (0.188124ms)
  ✔ maxTextureSize (0.217026ms)
  ✔ maxDrawBuffers (0.170834ms)
  ✔ maxTextureUnits (0.215135ms)
  ✔ maxUniformBlockSize (0.158473ms)
  ✔ maxUniformBufferBindings (0.222865ms)
  ✔ cglCacheCompatible (0.305697ms)
✔ every shared complete-catalog failure stops before backend creation, init, or shader compile (3.968482ms)
✔ shared capability preflight reruns after context restoration before touching a new backend (0.577664ms)
✔ graph uniform-block overflow uses the shared public capability identity before shader execution (0.628435ms)
▶ all graph-specific defenses retain shared public capability identities
  ✔ maxDrawBuffers (1.623927ms)
  ✔ maxTextureUnits (0.258436ms)
  ✔ floatBlend (0.43865ms)
  ✔ maxUniformBufferBindings (0.218065ms)
✔ all graph-specific defenses retain shared public capability identities (3.047791ms)
✔ dispose is idempotent and all later controller methods become no-op stable results (0.373148ms)
✔ dispose releases an initialized candidate even while its init promise is pending (6.346698ms)
✔ stale candidate cleanup failures are surfaced, retained, and retried on final disposal (0.909791ms)
✔ failed replaced-candidate cleanup remains retryable after the new candidate is active (0.769138ms)
✔ final dispose retries only candidate and output resources whose cleanup failed (0.469591ms)
✔ final dispose retries a retained backend after terminal core Pipeline disposal fails (24.838889ms)
✔ state callbacks run outside guards and rejected callback promises never poison controller work (0.45291ms)
✔ every pipeline disposal clears pending async debounce timers before they can fire (71.158687ms)
✔ the active last-good candidate may finish delayed uploads during a pending edit (0.793308ms)
✔ delayed uploads from a stale unpromoted generation never enter the GL guard (1.778621ms)
✔ an output resize failure retains the complete last-good transaction (0.546024ms)
✔ concurrent compile and load paths share one lazy bootstrap (1.828261ms)
✔ failed lazy bootstrap is handled immediately and a later call retries (7.775492ms)
✔ temporary Standalone cleanup requests bounded recursive ENOTEMPTY retries (2.759394ms)
✔ temporary Standalone cleanup propagates a persistent failure after Node exhausts retries (0.770068ms)
✔ Standalone finally cleanup remains browser close then child stop then retried temp removal (5.99206ms)
✔ attests the resolved Cables Standalone 0.11.0 app identity (3.957673ms)
✔ rejects a missing Cables Standalone app.asar file (0.91355ms)
✔ rejects a missing app.asar integrity record (0.356579ms)
▶ rejects malformed app.asar integrity algorithms and hashes
  ✔ algorithm (0.426911ms)
  ✔ hash (0.387549ms)
✔ rejects malformed app.asar integrity algorithms and hashes (1.31244ms)
✔ rejects an app.asar whose independently computed hash mismatches the plist (0.590024ms)
✔ streams and hashes the exact framed ASAR JSON header bytes (4.775672ms)
▶ rejects malformed, truncated, or invalid ASAR header framing
  ✔ outer pickle (0.454191ms)
  ✔ inner pickle bounds (0.394169ms)
  ✔ truncated file (0.296906ms)
  ✔ truncated stream (0.804639ms)
  ✔ invalid JSON shape (0.940662ms)
✔ rejects malformed, truncated, or invalid ASAR header framing (4.146686ms)
✔ rejects a Cables Standalone version other than 0.11.0 (0.280007ms)
✔ rejects a missing Cables Standalone build version (0.281177ms)
✔ rejects a bundle executable that does not match the resolved executable (0.403329ms)
✔ rejects a non-Cables bundle identifier (0.39195ms)
✔ rejects a non-Cables bundle product name (0.280016ms)
✔ rejects a Linux bundle whose desktop entry is missing (14.982959ms)
✔ rejects a Linux bundle whose desktop entry omits the AppImage version (0.743768ms)
✔ rejects a Linux bundle with an unsupported AppImage version (0.290306ms)
✔ rejects a Linux bundle whose desktop entry name is not Cables (0.777488ms)
✔ attests the resolved Linux AppImage bundle identity without an embedded asar expectation (0.366209ms)
✔ attests the Linux AppImage happy path through inspectCablesStandalone (0.671895ms)
✔ rejects a Linux app.asar whose header hash is malformed (0.255147ms)
✔ rejects a Linux app.asar with invalid header framing (0.44902ms)
✔ attests Windows from the bundled package and verifies the embedded ASAR digest (0.326147ms)
✔ rejects Windows ASAR bytes that differ from the executable integrity record (0.306048ms)
✔ reads the Windows PE integrity resource and rejects missing, ambiguous, and corrupt records (21.214514ms)
✔ reads Windows package identity from a framed ASAR and rejects invalid metadata (12.642315ms)
✔ reads XML or binary app plists through plutil JSON conversion (0.368778ms)
✔ streams executable bytes into a canonical SHA-256 digest (0.83679ms)
✔ standalone smoke attests identity before temp creation or spawn and reports it (3.148813ms)
✔ npm archive is the exact self-contained Cables Standalone distribution (702.482234ms)
✔ documented media DSL compiles with the pinned full Polymorphic catalog (228.3442ms)
✔ waits for child exit after escalating from SIGTERM to SIGKILL (2.277343ms)
✔ sha256 returns canonical lowercase hexadecimal (2.11371ms)
✔ effect artifact paths cannot escape the cache root (0.966593ms)
✔ manifest duplicate detection runs before ordinary JSON parsing (0.812599ms)
✔ update writes deterministic metadata and bytes for the complete manifest (92.214938ms)
✔ update rejects a symlinked cache root without touching its target (14.911407ms)
✔ update rejects a symlinked cache descendant without touching its target (15.076771ms)
✔ verify rejects a symlinked cache root (29.220212ms)
✔ verify rejects a symlinked cache descendant (21.387658ms)
✔ verify rejects an artifact path that escapes the cache root (26.692032ms)
✔ verify rejects a modified byte even when the size is unchanged (27.340907ms)
✔ verify rejects a missing artifact file (26.265743ms)
✔ verify rejects duplicate manifest IDs even when the lock digest matches (30.314046ms)
✔ verify rejects a manifest effect with no locked bundle (28.265328ms)
✔ verify rejects a locked bundle absent from the manifest (40.637407ms)
✔ verify rejects a registration count that differs from the manifest (36.780857ms)
✔ checked-in lock pins the complete 210-effect catalog (299.60431ms)
ℹ tests 269
ℹ suites 0
ℹ pass 269
ℹ fail 0
ℹ cancelled 0
ℹ skipped 0
ℹ todo 0
ℹ duration_ms 9746.165233
