✔ legacy noiseType parameter compiles with the pinned reference diagnostic (569.694426ms)
✔ canonical parameters win over legacy aliases while retaining the native warning (132.213406ms)
✔ legacy aliases do not leak into a same-named effect in another namespace (129.360449ms)
✔ every pinned legacy parameter alias matches the independently registered reference (303.361422ms)
✔ every pinned deprecated effect emits the reference deprecation diagnostic (154.613822ms)
✔ full Polymorphic corpus matches the separately instantiated pinned compiler (152.77155ms)
✔ public compiler rejects output surfaces outside o0-o7 in every DSL position (1.71804ms)
✔ mutation introspection excludes builtin pipeline steps (123.071914ms)
✔ diagnostic locations preserve source columns (120.831352ms)
✔ structured DSL lexer diagnostics attach diagnostic metadata to thrown SyntaxError (126.480874ms)
✔ structured DSL parser expectation diagnostics attach diagnostic metadata to thrown SyntaxError (128.590883ms)
✔ parser expectation diagnostics represent unavailable caller-token coordinates explicitly (119.547243ms)
✔ renderLandscape3d filtering modes match the vendored reference compiler and select expected defines (140.321814ms)
✔ structured DSL automation diagnostics attach diagnostic metadata to thrown SyntaxError (124.359574ms)
✔ parser automation diagnostics preserve unavailable caller-token coordinates (111.821455ms)
✔ valid automation invocations retain AST defaults and keys (120.201778ms)
✔ structured DSL search directive diagnostics attach diagnostic metadata to thrown SyntaxError (117.038405ms)
✔ parser search diagnostics preserve unavailable caller-token coordinates (115.303744ms)
✔ valid search directives retain namespace order, keyword namespaces, and compiled indexes (119.382149ms)
✔ structured DSL output validation diagnostics attach diagnostic metadata to thrown SyntaxError (116.338039ms)
✔ parser output diagnostics preserve unavailable caller-token coordinates (123.251808ms)
✔ structured DSL subchain validation diagnostics attach diagnostic metadata to thrown SyntaxError (125.174293ms)
✔ parser subchain diagnostics preserve unavailable caller-token coordinates (121.346604ms)
✔ valid subchains preserve permissive arguments, defaults, body and compiled indexes (117.373983ms)
✔ subchain syntax preserves shared expectation diagnostic precedence (120.341252ms)
✔ structured DSL call form diagnostics attach diagnostic metadata to thrown SyntaxError (121.338624ms)
✔ parser call form diagnostics preserve unavailable caller-token coordinates (115.395898ms)
✔ structured DSL remaining expectation diagnostics attach diagnostic metadata to thrown SyntaxError (115.530589ms)
✔ parser remaining expectation diagnostics preserve unavailable caller-token coordinates (117.760932ms)
✔ number coercion diagnostics represent unavailable locations explicitly and preserve available locations (116.913752ms)
✔ valid call forms retain from override namespaces and mixed automation arguments (115.890959ms)
✔ GAP-027: subchain argument validation contract exposes P008, P009, P010 diagnostics in permissive mode (131.772555ms)
✔ upstream texture-policy fields (mipmaps/persistent/3D filter) propagate from effect definitions into compiled texture specs (119.649876ms)
✔ GAP-027: strict opt-in mode rejects subchain argument violations with SyntaxError (138.265795ms)
✔ parser diagnostic source coordinates survive scanner drift (118.944449ms)
✔ caller tokens lacking position attributes preserve null spans in subchain reporting (123.543346ms)
ℹ tests 36
ℹ suites 0
ℹ pass 36
ℹ fail 0
ℹ cancelled 0
ℹ skipped 0
ℹ todo 0
ℹ duration_ms 5097.091775
