
> @noisefactor/noisemaker-for-cables@0.1.0 test
> node --test test/*.test.js

✔ FLOAT readback stays top-down Float32 without clamping negative or HDR channels (2.6027ms)
✔ FLOAT readback rejects non-finite channels (0.542582ms)
✔ sub-RGBA8 fractional differences invisible in RGBA8 fail native parity and exact copy (0.523862ms)
✔ negative differences invisible in RGBA8 fail native parity and exact copy (0.255636ms)
✔ HDR differences invisible in RGBA8 fail native parity and exact copy (0.275238ms)
✔ concatenation preserves native negative and HDR float channels (0.352598ms)
✔ exact readback comparison uses raw Float32 bits for signed zero and NaN payloads (0.294617ms)
✔ generated effect entry statically imports every locked effect exactly once in ID order (15.58263ms)
✔ engine facade loads the pinned catalog and compiles with the reference Polymorphic compiler (220.645051ms)
✔ pinned core exposes renderer sinks and bounded WebGL2 frame export (2.289872ms)
✔ pinned core supports device-qualified MIDI and audio automation (5.20079ms)
✔ pinned core preserves and evaluates nested automation sources (2.650382ms)
✔ browser bundle is self-contained while preserving caller-requested native fetch (334.355857ms)
✔ browser bundle compiles legacy noiseType with the pinned native warning (54.241505ms)
✔ pinned core and cables runtime compile chained variable alias syntax into valid render graph passes (60.101719ms)
✔ pinned core validates legacy MIDI channels as static integers 1 to 16 (9.905139ms)
✔ pinned core pipeline recreates global surfaces when format changes (3.107882ms)
✔ pinned core Pipeline preserves scoped texture dimensions across setUniform (1.852443ms)
✔ pinned core SinkManager supports shouldDeferRender backpressure lifecycle (0.586094ms)
✔ pinned core Pipeline delegates shouldDeferRender to its sinkManager (0.325657ms)
✔ real backend is a pinned WebGL2Backend subclass and present only records the ID (2.800425ms)
✔ presented texture info includes the reference texture and FBO without mutating it (0.706406ms)
✔ missing presentation and missing presented textures are categorized separately (0.8662ms)
✔ ownership is explicit and replacing owned records uses the superclass destroy path (0.793309ms)
✔ destroy is idempotent, releases owned/default textures once, and preserves CGL handles (0.840209ms)
✔ updateTextureFromSource detaches external/default records before any CPU upload (1.258119ms)
✔ updateTextureFromSource supports borrowed VideoFrame and validates dimensions (0.539463ms)
✔ _uploadMeshTexture detaches external/default records before any CPU upload (0.595833ms)
✔ uploadDataTexture detaches external/default records before any CPU upload (0.572223ms)
✔ uploadCubeFace detaches external/default records before uploading into an owned cubemap (1.201737ms)
✔ all reference allocation paths detach non-owning records and their adapter FBOs first (0.533953ms)
✔ backend destruction retries superclass failure without repeating successful adapter cleanup (0.664715ms)
✔ compileProgram preserves fragment compile errors and releases the compiled vertex shader (1.421583ms)
✔ compileProgram preserves link errors and releases both shaders and the failed program (0.769678ms)
✔ compileProgram keeps a successful reference-shaped program and releases only its shaders (0.583284ms)
✔ compileProgram releases every partial uniform-block buffer when later compilation fails (1.137756ms)
✔ compileProgram still releases uniform-block buffers when failed-program deletion also throws (0.603683ms)
✔ compileProgram merges inner uniform-buffer and outer program cleanup failures in order (0.499221ms)
✔ backend destroy releases successful uniform-block buffers exactly once (0.684987ms)
✔ backend destroy retries only uniform-block buffers whose deletion failed (1.936955ms)
✔ output copier keeps one RGBA16F nearest/clamp CGL texture per size (0.665845ms)
✔ output resize preserves the last-good texture and retries failed retirement without leaks (0.339977ms)
✔ output resize retains a failed replacement cleanup for a later successful resize retry (0.388959ms)
✔ output copier blits exact matching RGBA16F texels between private FBOs (0.553582ms)
✔ output copier categorizes a null destination FBO without binding the default framebuffer (0.313867ms)
✔ output copier rejects an incomplete destination before blit or fallback drawing (0.368859ms)
✔ output copier uses texelFetch fallback when the exact-copy read FBO is incomplete (0.250405ms)
✔ output copier falls back when native blit throws or reports a GL error (0.557883ms)
✔ output copier propagates fallback failure instead of reporting stale success (0.280186ms)
✔ output copier categorizes a native GL error after fallback drawing (0.252925ms)
✔ output copier rejects scaling and falls back to integer texelFetch (0.520773ms)
✔ default output fallback compiles the dedicated texelFetch program and disposes it once (1.151447ms)
✔ default output fallback cleans a compiled vertex shader when fragment compilation fails (0.386588ms)
✔ output copier disposal retries only failed resources and rejects work after disposal starts (0.777448ms)
✔ production fallback disposal retries a failed program delete without repeating successes (0.629615ms)
▶ complete-catalog capability failures are structured, frozen, and preserve issue messages
  ✔ webgl2 (2.778784ms)
  ✔ colorBufferFloat (4.977175ms)
  ✔ floatLinear (0.229895ms)
  ✔ floatBlend (0.477121ms)
  ✔ maxTextureSize (0.241375ms)
  ✔ maxDrawBuffers (0.249977ms)
  ✔ maxTextureUnits (0.202294ms)
  ✔ maxUniformBlockSize (0.233955ms)
  ✔ maxUniformBufferBindings (0.303036ms)
  ✔ cglCacheCompatible (0.761878ms)
✔ complete-catalog capability failures are structured, frozen, and preserve issue messages (13.902001ms)
✔ the exact documented complete-catalog boundary is supported with the public shape intact (0.290227ms)
✔ every locked effect has an explicit valid Polymorphic catalog program (400.586879ms)
✔ qualified scope covers the full catalog with only the compile-only exclusion (9.09012ms)
✔ the committed kit declaration matches the qualified scope exactly (3.707545ms)
✔ pre-delivery rejection: mode "all" is rejected (1.336701ms)
✔ pre-delivery rejection: an unqualified id in the declaration is rejected (1.797842ms)
✔ pre-delivery rejection: an omitted qualified id is rejected (2.15067ms)
✔ pre-delivery rejection: a renamed qualified id fails (identity control) (1.973996ms)
✔ pre-delivery rejection: duplicate ids are rejected (1.73486ms)
✔ the gate CLI accepts the committed declaration (57.771685ms)
✔ concurrent whole-catalog registration calls share one batch promise (2.262902ms)
✔ failed mid-batch registration retries with persistent choices and no repeated successful aliases (6.950381ms)
✔ bootCore registers standard enums and starter ops once per core instance (2.125829ms)
✔ registerEffectInstance registers aliases, op metadata, starters, enums, and aliases once (6.536182ms)
✔ registerEffectInstance instantiates class exports and attaches static shaders (0.391138ms)
✔ finalizeEnums merges accumulated choices once per core and choice object (0.375679ms)
✔ findExternalTextureIds detects every unique graph input ending in _step_N (2.162031ms)
✔ one CGL texture binds its .tex handle and dimensions to every external input (0.659376ms)
✔ disconnect binds transparent default records without deleting the prior host texture (0.554813ms)
✔ rebinding after graph texture recreation replaces every detected record again (0.557202ms)
✔ captureGLState and restoreGLState preserve complete shared WebGL2 state (6.433169ms)
✔ prepareNoisemakerGLState establishes a canonical guest baseline inside an exact host guard (3.8814ms)
✔ captureGLState feature-detects optional texture targets (0.818579ms)
✔ withGLState preserves a synchronous return value and invalidates pinned CGL caches last (0.947412ms)
✔ withGLState restores after synchronous throws (1.3095ms)
✔ withGLState preserves a synchronous callback failure and collects every cleanup failure (1.26865ms)
✔ withGLState reports all cleanup failures after successful sync and async callbacks (1.921395ms)
✔ withGLState preserves asynchronous values and restores on fulfillment or rejection (2.294922ms)
✔ withGLState preserves an asynchronous rejection as primary when cleanup also fails (0.896931ms)
✔ withGLState ends active guest transform feedback before restoring host state (0.942962ms)
✔ withGLState fails closed before the callback when host transform feedback is active (0.758568ms)
✔ withGLState fails closed for unknown CGL cache shapes despite predicate or custom hooks (0.743808ms)
✔ installer forwards the selected capability inspector by identity (3.430209ms)
✔ installer creates the exact native port contract and one visible initial configuration (2.336844ms)
✔ synchronous compile-affecting changes coalesce and non-compile ports wire directly (1.186168ms)
✔ each configuration snapshots the current linked texture before compiling (0.548183ms)
✔ configuration observes input rejection before invoking fallible configure (0.557523ms)
✔ delete prevents configure after a pending input snapshot resolves (0.662336ms)
✔ controller state publishes Texture, Ready, Error, and matching UI errors (0.344438ms)
✔ structured compiler diagnostics from the controller state reach the Error port and UI error (2.025657ms)
✔ Render remains synchronous, handles its promise, publishes before Next, and never throws (1.787401ms)
✔ Canvas Render transactionally resizes once before render and Next while Manual ignores host changes (1.121486ms)
✔ overlapping Canvas resize renders are latest-wins when the obsolete resize settles first (1.116936ms)
✔ a current Canvas resize rejection is terminal without retry, render, Next, or unhandled rejection (8.986088ms)
✔ a handled Canvas resize nonpromotion is terminal without retry, render, or Next (0.91319ms)
▶ disposal during a pending Canvas resize cannot request, render, Next, or leak rejection
  ✔ resolve (1.864383ms)
  ✔ reject (0.864741ms)
✔ disposal during a pending Canvas resize cannot request, render, Next, or leak rejection (3.44745ms)
✔ context lifecycle listeners and onDelete forward safely and clean up exactly once (0.761078ms)
✔ pending render, configure, context, and state continuations become inert after onDelete (0.759577ms)
✔ native wrapper, namespace metadata, op metadata, and docs are distribution-complete (6.302525ms)
✔ private package metadata describes the portable Cables distribution (12.947839ms)
✔ published files are limited to package assets and lock metadata (2.19643ms)
✔ package scripts expose the complete development workflow (3.254485ms)
✔ source facade exposes only the planned bridge APIs (1.346241ms)
✔ README identifies Noisemaker for Cables, its package, and its single-op scope (1.325141ms)
✔ reproducible vendor source is tracked while generated and local-only data is ignored (1.441424ms)
✔ catalog documentation defines the versioned vendor-cache and update-only mutable alias (2.282152ms)
✔ agent process artifact directories are absent and ignored from initial staging (1.614398ms)
✔ legacy noiseType parameter compiles with the pinned reference diagnostic (564.16222ms)
✔ canonical parameters win over legacy aliases while retaining the native warning (177.642596ms)
✔ legacy aliases do not leak into a same-named effect in another namespace (153.59416ms)
✔ every pinned legacy parameter alias matches the independently registered reference (269.229063ms)
✔ every pinned deprecated effect emits the reference deprecation diagnostic (131.531321ms)
✔ full Polymorphic corpus matches the separately instantiated pinned compiler (154.287366ms)
✔ public compiler rejects output surfaces outside o0-o7 in every DSL position (1.610038ms)
✔ mutation introspection excludes builtin pipeline steps (110.278099ms)
✔ diagnostic locations preserve source columns (107.027344ms)
✔ structured DSL lexer diagnostics attach diagnostic metadata to thrown SyntaxError (120.863284ms)
✔ structured DSL parser expectation diagnostics attach diagnostic metadata to thrown SyntaxError (128.961941ms)
✔ parser expectation diagnostics represent unavailable caller-token coordinates explicitly (119.025962ms)
✔ renderLandscape3d filtering modes match the vendored reference compiler and select expected defines (125.515701ms)
✔ structured DSL automation diagnostics attach diagnostic metadata to thrown SyntaxError (127.773544ms)
✔ parser automation diagnostics preserve unavailable caller-token coordinates (117.805353ms)
✔ valid automation invocations retain AST defaults and keys (117.399645ms)
✔ structured DSL search directive diagnostics attach diagnostic metadata to thrown SyntaxError (119.391309ms)
✔ parser search diagnostics preserve unavailable caller-token coordinates (122.261455ms)
✔ valid search directives retain namespace order, keyword namespaces, and compiled indexes (119.400639ms)
✔ structured DSL output validation diagnostics attach diagnostic metadata to thrown SyntaxError (124.58477ms)
✔ parser output diagnostics preserve unavailable caller-token coordinates (124.292222ms)
✔ structured DSL subchain validation diagnostics attach diagnostic metadata to thrown SyntaxError (125.650665ms)
✔ parser subchain diagnostics preserve unavailable caller-token coordinates (117.26561ms)
✔ valid subchains preserve permissive arguments, defaults, body and compiled indexes (118.025268ms)
✔ subchain syntax preserves shared expectation diagnostic precedence (126.584015ms)
✔ structured DSL call form diagnostics attach diagnostic metadata to thrown SyntaxError (122.981632ms)
✔ parser call form diagnostics preserve unavailable caller-token coordinates (118.619342ms)
✔ structured DSL remaining expectation diagnostics attach diagnostic metadata to thrown SyntaxError (120.159537ms)
✔ parser remaining expectation diagnostics preserve unavailable caller-token coordinates (122.726927ms)
✔ number coercion diagnostics represent unavailable locations explicitly and preserve available locations (117.348662ms)
✔ valid call forms retain from override namespaces and mixed automation arguments (115.92737ms)
✔ GAP-027: subchain argument validation contract exposes P008, P009, P010 diagnostics in permissive mode (115.867229ms)
✔ upstream texture-policy fields (mipmaps/persistent/3D filter) propagate from effect definitions into compiled texture specs (114.962717ms)
✔ GAP-027: strict opt-in mode rejects subchain argument violations with SyntaxError (121.006917ms)
✔ parser diagnostic source coordinates survive scanner drift (119.196536ms)
✔ caller tokens lacking position attributes preserve null spans in subchain reporting (118.814737ms)
✔ initial configure preserves DSL bytes and separates CPU compilation from short guarded GPU phases (8.21167ms)
✔ only the newest asynchronous generation promotes and stale initialized candidates dispose guarded (9.339107ms)
✔ a backend returned after generation supersession is destroyed guarded (1.655838ms)
✔ a backend returned after controller disposal is destroyed and remains retryable (1.927664ms)
✔ a backend rejected by Pipeline construction is destroyed guarded (0.791208ms)
✔ a failed edit retains the last-good pipeline and stable output texture (0.738416ms)
✔ compiler diagnostics reach the visible error and stay attached without dropping the last-good pipeline (1.26526ms)
✔ lexer and parser diagnostic metadata renders code and location when message exists (0.544992ms)
✔ promotion assigns the new candidate before old disposal and keeps same-size output identity (1.073295ms)
✔ configure coalesces DSL and size into one generation and clamps manual/canvas dimensions (1.788531ms)
✔ render jobs serialize normalized times, clear stale presentation, and publish after copying (1.250429ms)
✔ media replacement and disconnect rebind without deleting any host texture (0.87777ms)
✔ reset rebuilds stateful resources without replacing a same-size output object (0.809138ms)
✔ context loss performs no GL work and restoration rebuilds last-good DSL before an invalid desired edit (1.197899ms)
✔ external input states persist across active, in-flight, and restored pipelines (6.767935ms)
✔ restoration rebuilds last-good state and then replays the newest DSL edited while context-lost (0.91731ms)
✔ render failure preserves the last successful output and rebuilds before accepting another frame (0.865789ms)
✔ render recovery waits for a newer pending desired edit instead of staling it (2.322744ms)
✔ delayed async effect texture uploads re-enter the FIFO guard for the current context epoch (1.481194ms)
✔ a backend that performs GPU work after returning its promise is detected as an initialization error (1.118076ms)
▶ every shared complete-catalog failure stops before backend creation, init, or shader compile
  ✔ webgl2 (0.713107ms)
  ✔ colorBufferFloat (0.199134ms)
  ✔ floatLinear (0.186444ms)
  ✔ floatBlend (0.214226ms)
  ✔ maxTextureSize (0.289147ms)
  ✔ maxDrawBuffers (0.185054ms)
  ✔ maxTextureUnits (0.238187ms)
  ✔ maxUniformBlockSize (0.196324ms)
  ✔ maxUniformBufferBindings (0.365088ms)
  ✔ cglCacheCompatible (0.373898ms)
✔ every shared complete-catalog failure stops before backend creation, init, or shader compile (4.459902ms)
✔ shared capability preflight reruns after context restoration before touching a new backend (0.914661ms)
✔ graph uniform-block overflow uses the shared public capability identity before shader execution (0.682876ms)
▶ all graph-specific defenses retain shared public capability identities
  ✔ maxDrawBuffers (0.546363ms)
  ✔ maxTextureUnits (1.617848ms)
  ✔ floatBlend (0.272126ms)
  ✔ maxUniformBufferBindings (0.283216ms)
✔ all graph-specific defenses retain shared public capability identities (3.535423ms)
✔ dispose is idempotent and all later controller methods become no-op stable results (0.395609ms)
✔ dispose releases an initialized candidate even while its init promise is pending (9.552061ms)
✔ stale candidate cleanup failures are surfaced, retained, and retried on final disposal (2.829334ms)
✔ failed replaced-candidate cleanup remains retryable after the new candidate is active (1.029124ms)
✔ final dispose retries only candidate and output resources whose cleanup failed (0.945801ms)
✔ final dispose retries a retained backend after terminal core Pipeline disposal fails (25.253483ms)
✔ state callbacks run outside guards and rejected callback promises never poison controller work (0.4334ms)
✔ every pipeline disposal clears pending async debounce timers before they can fire (70.877229ms)
✔ the active last-good candidate may finish delayed uploads during a pending edit (0.744017ms)
✔ delayed uploads from a stale unpromoted generation never enter the GL guard (0.790838ms)
✔ an output resize failure retains the complete last-good transaction (0.708097ms)
✔ concurrent compile and load paths share one lazy bootstrap (2.265732ms)
✔ failed lazy bootstrap is handled immediately and a later call retries (8.607739ms)
✔ temporary Standalone cleanup requests bounded recursive ENOTEMPTY retries (2.476116ms)
✔ temporary Standalone cleanup propagates a persistent failure after Node exhausts retries (0.750987ms)
✔ Standalone finally cleanup remains browser close then child stop then retried temp removal (5.64908ms)
✔ attests the resolved Cables Standalone 0.11.0 app identity (4.213637ms)
✔ rejects a missing Cables Standalone app.asar file (1.2823ms)
✔ rejects a missing app.asar integrity record (0.40629ms)
▶ rejects malformed app.asar integrity algorithms and hashes
  ✔ algorithm (0.39667ms)
  ✔ hash (0.623124ms)
✔ rejects malformed app.asar integrity algorithms and hashes (1.770601ms)
✔ rejects an app.asar whose independently computed hash mismatches the plist (0.825029ms)
✔ streams and hashes the exact framed ASAR JSON header bytes (5.818643ms)
▶ rejects malformed, truncated, or invalid ASAR header framing
  ✔ outer pickle (0.536312ms)
  ✔ inner pickle bounds (0.41585ms)
  ✔ truncated file (0.280946ms)
  ✔ truncated stream (1.013623ms)
  ✔ invalid JSON shape (1.180987ms)
✔ rejects malformed, truncated, or invalid ASAR header framing (4.466044ms)
✔ rejects a Cables Standalone version other than 0.11.0 (0.471892ms)
✔ rejects a missing Cables Standalone build version (0.319677ms)
✔ rejects a bundle executable that does not match the resolved executable (0.704377ms)
✔ rejects a non-Cables bundle identifier (0.574363ms)
✔ rejects a non-Cables bundle product name (0.358269ms)
✔ rejects a Linux bundle whose desktop entry is missing (14.150227ms)
✔ rejects a Linux bundle whose desktop entry omits the AppImage version (0.660746ms)
✔ rejects a Linux bundle with an unsupported AppImage version (0.471151ms)
✔ rejects a Linux bundle whose desktop entry name is not Cables (0.249546ms)
✔ attests the resolved Linux AppImage bundle identity without an embedded asar expectation (0.277457ms)
✔ attests the Linux AppImage happy path through inspectCablesStandalone (0.709846ms)
✔ rejects a Linux app.asar whose header hash is malformed (0.282916ms)
✔ rejects a Linux app.asar with invalid header framing (0.388118ms)
✔ rejects a Windows executable instead of misreading it as a Linux AppImage (0.197505ms)
✔ reads XML or binary app plists through plutil JSON conversion (0.286718ms)
✔ streams executable bytes into a canonical SHA-256 digest (0.591633ms)
✔ standalone smoke attests identity before temp creation or spawn and reports it (5.996068ms)
✔ npm archive is the exact self-contained Cables Standalone distribution (749.074815ms)
✔ documented media DSL compiles with the pinned full Polymorphic catalog (246.1513ms)
✔ waits for child exit after escalating from SIGTERM to SIGKILL (1.800391ms)
✔ sha256 returns canonical lowercase hexadecimal (1.997716ms)
✔ effect artifact paths cannot escape the cache root (0.928292ms)
✔ manifest duplicate detection runs before ordinary JSON parsing (0.588424ms)
✔ update writes deterministic metadata and bytes for the complete manifest (116.520973ms)
✔ update rejects a symlinked cache root without touching its target (14.845763ms)
✔ update rejects a symlinked cache descendant without touching its target (17.982316ms)
✔ verify rejects a symlinked cache root (29.714657ms)
✔ verify rejects a symlinked cache descendant (23.75268ms)
✔ verify rejects an artifact path that escapes the cache root (27.912725ms)
✔ verify rejects a modified byte even when the size is unchanged (27.507906ms)
✔ verify rejects a missing artifact file (27.431694ms)
✔ verify rejects duplicate manifest IDs even when the lock digest matches (41.174442ms)
✔ verify rejects a manifest effect with no locked bundle (26.84668ms)
✔ verify rejects a locked bundle absent from the manifest (43.133798ms)
✔ verify rejects a registration count that differs from the manifest (36.592786ms)
✔ checked-in lock pins the complete 210-effect catalog (349.094049ms)
ℹ tests 265
ℹ suites 0
ℹ pass 265
ℹ fail 0
ℹ cancelled 0
ℹ skipped 0
ℹ todo 0
ℹ duration_ms 10042.545624
