
> @noisefactor/noisemaker-for-cables@0.1.0 test
> node --test test/*.test.js

✔ FLOAT readback stays top-down Float32 without clamping negative or HDR channels (3.48387ms)
✔ FLOAT readback rejects non-finite channels (0.970077ms)
✔ sub-RGBA8 fractional differences invisible in RGBA8 fail native parity and exact copy (0.842575ms)
✔ negative differences invisible in RGBA8 fail native parity and exact copy (0.478968ms)
✔ HDR differences invisible in RGBA8 fail native parity and exact copy (0.337995ms)
✔ concatenation preserves native negative and HDR float channels (0.416207ms)
✔ exact readback comparison uses raw Float32 bits for signed zero and NaN payloads (0.306734ms)
✔ generated effect entry statically imports every locked effect exactly once in ID order (25.052635ms)
✔ engine facade loads the pinned catalog and compiles with the reference Polymorphic compiler (340.58733ms)
✔ pinned core exposes renderer sinks and bounded WebGL2 frame export (2.955101ms)
✔ pinned core supports device-qualified MIDI and audio automation (7.838486ms)
✔ pinned core preserves and evaluates nested automation sources (3.711745ms)
✔ browser bundle is self-contained while preserving caller-requested native fetch (464.475996ms)
✔ browser bundle compiles legacy noiseType with the pinned native warning (58.455702ms)
✔ pinned core and cables runtime compile chained variable alias syntax into valid render graph passes (61.150558ms)
✔ pinned core validates legacy MIDI channels as static integers 1 to 16 (10.860838ms)
✔ pinned core pipeline recreates global surfaces when format changes (3.190346ms)
✔ pinned core Pipeline preserves scoped texture dimensions across setUniform (1.488185ms)
✔ pinned core SinkManager supports shouldDeferRender backpressure lifecycle (0.519438ms)
✔ pinned core Pipeline delegates shouldDeferRender to its sinkManager (0.345617ms)
✔ real backend is a pinned WebGL2Backend subclass and present only records the ID (2.515634ms)
✔ presented texture info includes the reference texture and FBO without mutating it (0.669701ms)
✔ missing presentation and missing presented textures are categorized separately (0.736462ms)
✔ ownership is explicit and replacing owned records uses the superclass destroy path (0.671503ms)
✔ destroy is idempotent, releases owned/default textures once, and preserves CGL handles (0.639391ms)
✔ updateTextureFromSource detaches external/default records before any CPU upload (0.880485ms)
✔ updateTextureFromSource supports borrowed VideoFrame and validates dimensions (0.468458ms)
✔ _uploadMeshTexture detaches external/default records before any CPU upload (0.500838ms)
✔ uploadDataTexture detaches external/default records before any CPU upload (0.488718ms)
✔ uploadCubeFace detaches external/default records before uploading into an owned cubemap (0.825875ms)
✔ all reference allocation paths detach non-owning records and their adapter FBOs first (0.478849ms)
✔ backend destruction retries superclass failure without repeating successful adapter cleanup (0.57779ms)
✔ compileProgram preserves fragment compile errors and releases the compiled vertex shader (0.888965ms)
✔ compileProgram preserves link errors and releases both shaders and the failed program (0.451969ms)
✔ compileProgram keeps a successful reference-shaped program and releases only its shaders (0.433598ms)
✔ compileProgram releases every partial uniform-block buffer when later compilation fails (0.901525ms)
✔ compileProgram still releases uniform-block buffers when failed-program deletion also throws (0.500248ms)
✔ compileProgram merges inner uniform-buffer and outer program cleanup failures in order (0.405648ms)
✔ backend destroy releases successful uniform-block buffers exactly once (0.422207ms)
✔ backend destroy retries only uniform-block buffers whose deletion failed (0.460108ms)
✔ output copier keeps one RGBA16F nearest/clamp CGL texture per size (1.74749ms)
✔ output resize preserves the last-good texture and retries failed retirement without leaks (0.288095ms)
✔ output resize retains a failed replacement cleanup for a later successful resize retry (0.295826ms)
✔ output copier blits exact matching RGBA16F texels between private FBOs (0.515629ms)
✔ output copier categorizes a null destination FBO without binding the default framebuffer (0.278125ms)
✔ output copier rejects an incomplete destination before blit or fallback drawing (0.303216ms)
✔ output copier uses texelFetch fallback when the exact-copy read FBO is incomplete (0.240124ms)
✔ output copier falls back when native blit throws or reports a GL error (0.313305ms)
✔ output copier propagates fallback failure instead of reporting stale success (0.240554ms)
✔ output copier categorizes a native GL error after fallback drawing (0.229605ms)
✔ output copier rejects scaling and falls back to integer texelFetch (0.437538ms)
✔ default output fallback compiles the dedicated texelFetch program and disposes it once (0.851776ms)
✔ default output fallback cleans a compiled vertex shader when fragment compilation fails (0.265865ms)
✔ output copier disposal retries only failed resources and rejects work after disposal starts (0.494589ms)
✔ production fallback disposal retries a failed program delete without repeating successes (0.388498ms)
▶ complete-catalog capability failures are structured, frozen, and preserve issue messages
  ✔ webgl2 (1.950714ms)
  ✔ colorBufferFloat (4.172222ms)
  ✔ floatLinear (0.215724ms)
  ✔ floatBlend (0.445347ms)
  ✔ maxTextureSize (0.281975ms)
  ✔ maxDrawBuffers (0.248345ms)
  ✔ maxTextureUnits (0.201812ms)
  ✔ maxUniformBlockSize (0.181903ms)
  ✔ maxUniformBufferBindings (0.358227ms)
  ✔ cglCacheCompatible (0.592241ms)
✔ complete-catalog capability failures are structured, frozen, and preserve issue messages (11.291736ms)
✔ the exact documented complete-catalog boundary is supported with the public shape intact (0.236064ms)
✔ every locked effect has an explicit valid Polymorphic catalog program (355.770563ms)
✔ concurrent whole-catalog registration calls share one batch promise (1.67255ms)
✔ failed mid-batch registration retries with persistent choices and no repeated successful aliases (6.056014ms)
✔ bootCore registers standard enums and starter ops once per core instance (1.648438ms)
✔ registerEffectInstance registers aliases, op metadata, starters, enums, and aliases once (5.689958ms)
✔ registerEffectInstance instantiates class exports and attaches static shaders (0.338137ms)
✔ finalizeEnums merges accumulated choices once per core and choice object (0.289976ms)
✔ findExternalTextureIds detects every unique graph input ending in _step_N (1.604908ms)
✔ one CGL texture binds its .tex handle and dimensions to every external input (0.711473ms)
✔ disconnect binds transparent default records without deleting the prior host texture (0.324826ms)
✔ rebinding after graph texture recreation replaces every detected record again (0.324376ms)
✔ captureGLState and restoreGLState preserve complete shared WebGL2 state (5.845621ms)
✔ prepareNoisemakerGLState establishes a canonical guest baseline inside an exact host guard (3.079344ms)
✔ captureGLState feature-detects optional texture targets (0.787843ms)
✔ withGLState preserves a synchronous return value and invalidates pinned CGL caches last (0.979876ms)
✔ withGLState restores after synchronous throws (1.293641ms)
✔ withGLState preserves a synchronous callback failure and collects every cleanup failure (0.965646ms)
✔ withGLState reports all cleanup failures after successful sync and async callbacks (1.601858ms)
✔ withGLState preserves asynchronous values and restores on fulfillment or rejection (2.368912ms)
✔ withGLState preserves an asynchronous rejection as primary when cleanup also fails (0.976707ms)
✔ withGLState ends active guest transform feedback before restoring host state (1.16896ms)
✔ withGLState fails closed before the callback when host transform feedback is active (0.50888ms)
✔ withGLState fails closed for unknown CGL cache shapes despite predicate or custom hooks (0.487808ms)
✔ installer forwards the selected capability inspector by identity (2.495243ms)
✔ installer creates the exact native port contract and one visible initial configuration (1.819551ms)
✔ synchronous compile-affecting changes coalesce and non-compile ports wire directly (0.953426ms)
✔ each configuration snapshots the current linked texture before compiling (0.636191ms)
✔ configuration observes input rejection before invoking fallible configure (0.455618ms)
✔ delete prevents configure after a pending input snapshot resolves (0.406457ms)
✔ controller state publishes Texture, Ready, Error, and matching UI errors (1.513096ms)
✔ Render remains synchronous, handles its promise, publishes before Next, and never throws (4.391287ms)
✔ Canvas Render transactionally resizes once before render and Next while Manual ignores host changes (1.030908ms)
✔ overlapping Canvas resize renders are latest-wins when the obsolete resize settles first (0.841394ms)
✔ a current Canvas resize rejection is terminal without retry, render, Next, or unhandled rejection (6.589164ms)
✔ a handled Canvas resize nonpromotion is terminal without retry, render, or Next (0.55723ms)
▶ disposal during a pending Canvas resize cannot request, render, Next, or leak rejection
  ✔ resolve (1.122249ms)
  ✔ reject (0.612551ms)
✔ disposal during a pending Canvas resize cannot request, render, Next, or leak rejection (2.31264ms)
✔ context lifecycle listeners and onDelete forward safely and clean up exactly once (0.460579ms)
✔ pending render, configure, context, and state continuations become inert after onDelete (0.392427ms)
✔ native wrapper, namespace metadata, op metadata, and docs are distribution-complete (4.485558ms)
✔ private package metadata describes the portable Cables distribution (9.045287ms)
✔ published files are limited to package assets and lock metadata (1.053568ms)
✔ package scripts expose the complete development workflow (2.21705ms)
✔ source facade exposes only the planned bridge APIs (1.073189ms)
✔ README identifies Noisemaker for Cables, its package, and its single-op scope (0.890005ms)
✔ reproducible vendor source is tracked while generated and local-only data is ignored (0.898426ms)
✔ catalog documentation defines the versioned vendor-cache and update-only mutable alias (1.462135ms)
✔ agent process artifact directories are absent and ignored from initial staging (1.414854ms)
✔ legacy noiseType parameter compiles with the pinned reference diagnostic (491.034477ms)
✔ canonical parameters win over legacy aliases while retaining the native warning (135.308535ms)
✔ legacy aliases do not leak into a same-named effect in another namespace (132.12409ms)
✔ every pinned legacy parameter alias matches the independently registered reference (278.981513ms)
✔ every pinned deprecated effect emits the reference deprecation diagnostic (163.497741ms)
✔ full Polymorphic corpus matches the separately instantiated pinned compiler (173.246822ms)
✔ public compiler rejects output surfaces outside o0-o7 in every DSL position (1.421695ms)
✔ mutation introspection excludes builtin pipeline steps (134.016303ms)
✔ diagnostic locations preserve source columns (123.687502ms)
✔ structured DSL lexer diagnostics attach diagnostic metadata to thrown SyntaxError (128.993825ms)
✔ structured DSL parser expectation diagnostics attach diagnostic metadata to thrown SyntaxError (129.670427ms)
✔ parser expectation diagnostics represent unavailable caller-token coordinates explicitly (124.535737ms)
✔ renderLandscape3d filtering modes match the vendored reference compiler and select expected defines (134.712954ms)
✔ structured DSL automation diagnostics attach diagnostic metadata to thrown SyntaxError (133.854799ms)
✔ parser automation diagnostics preserve unavailable caller-token coordinates (135.226144ms)
✔ valid automation invocations retain AST defaults and keys (124.764062ms)
✔ structured DSL search directive diagnostics attach diagnostic metadata to thrown SyntaxError (123.443389ms)
✔ parser search diagnostics preserve unavailable caller-token coordinates (128.450186ms)
✔ valid search directives retain namespace order, keyword namespaces, and compiled indexes (131.199003ms)
✔ structured DSL output validation diagnostics attach diagnostic metadata to thrown SyntaxError (130.612723ms)
✔ parser output diagnostics preserve unavailable caller-token coordinates (123.381358ms)
✔ structured DSL subchain validation diagnostics attach diagnostic metadata to thrown SyntaxError (129.151069ms)
✔ parser subchain diagnostics preserve unavailable caller-token coordinates (132.127879ms)
✔ valid subchains preserve permissive arguments, defaults, body and compiled indexes (141.446311ms)
✔ subchain syntax preserves shared expectation diagnostic precedence (125.461663ms)
✔ structured DSL call form diagnostics attach diagnostic metadata to thrown SyntaxError (128.07758ms)
✔ parser call form diagnostics preserve unavailable caller-token coordinates (128.906194ms)
✔ structured DSL remaining expectation diagnostics attach diagnostic metadata to thrown SyntaxError (139.295714ms)
✔ parser remaining expectation diagnostics preserve unavailable caller-token coordinates (129.031285ms)
✔ number coercion diagnostics represent unavailable locations explicitly and preserve available locations (127.533489ms)
✔ valid call forms retain from override namespaces and mixed automation arguments (130.968569ms)
✔ GAP-027: subchain argument validation contract exposes P008, P009, P010 diagnostics in permissive mode (127.730343ms)
✔ upstream texture-policy fields (mipmaps/persistent/3D filter) propagate from effect definitions into compiled texture specs (125.435263ms)
✔ GAP-027: strict opt-in mode rejects subchain argument violations with SyntaxError (126.416491ms)
✔ parser diagnostic source coordinates survive scanner drift (126.836837ms)
✔ caller tokens lacking position attributes preserve null spans in subchain reporting (126.437871ms)
✔ initial configure preserves DSL bytes and separates CPU compilation from short guarded GPU phases (8.552398ms)
✔ only the newest asynchronous generation promotes and stale initialized candidates dispose guarded (9.102688ms)
✔ a backend returned after generation supersession is destroyed guarded (1.562287ms)
✔ a backend returned after controller disposal is destroyed and remains retryable (1.506726ms)
✔ a backend rejected by Pipeline construction is destroyed guarded (0.768303ms)
✔ a failed edit retains the last-good pipeline and stable output texture (0.841434ms)
✔ promotion assigns the new candidate before old disposal and keeps same-size output identity (1.022008ms)
✔ configure coalesces DSL and size into one generation and clamps manual/canvas dimensions (1.15616ms)
✔ render jobs serialize normalized times, clear stale presentation, and publish after copying (1.485276ms)
✔ media replacement and disconnect rebind without deleting any host texture (1.105289ms)
✔ reset rebuilds stateful resources without replacing a same-size output object (0.772284ms)
✔ context loss performs no GL work and restoration rebuilds last-good DSL before an invalid desired edit (1.106929ms)
✔ external input states persist across active, in-flight, and restored pipelines (6.984121ms)
✔ restoration rebuilds last-good state and then replays the newest DSL edited while context-lost (0.982907ms)
✔ render failure preserves the last successful output and rebuilds before accepting another frame (0.669991ms)
✔ render recovery waits for a newer pending desired edit instead of staling it (2.009265ms)
✔ delayed async effect texture uploads re-enter the FIFO guard for the current context epoch (1.132949ms)
✔ a backend that performs GPU work after returning its promise is detected as an initialization error (1.277973ms)
▶ every shared complete-catalog failure stops before backend creation, init, or shader compile
  ✔ webgl2 (0.606839ms)
  ✔ colorBufferFloat (0.239704ms)
  ✔ floatLinear (0.267015ms)
  ✔ floatBlend (0.220074ms)
  ✔ maxTextureSize (0.273924ms)
  ✔ maxDrawBuffers (0.232304ms)
  ✔ maxTextureUnits (0.213884ms)
  ✔ maxUniformBlockSize (0.213054ms)
  ✔ maxUniformBufferBindings (0.274265ms)
  ✔ cglCacheCompatible (0.533429ms)
✔ every shared complete-catalog failure stops before backend creation, init, or shader compile (4.675321ms)
✔ shared capability preflight reruns after context restoration before touching a new backend (0.887096ms)
✔ graph uniform-block overflow uses the shared public capability identity before shader execution (0.752543ms)
▶ all graph-specific defenses retain shared public capability identities
  ✔ maxDrawBuffers (0.5813ms)
  ✔ maxTextureUnits (0.400257ms)
  ✔ floatBlend (0.388786ms)
  ✔ maxUniformBufferBindings (0.413727ms)
✔ all graph-specific defenses retain shared public capability identities (2.661726ms)
✔ dispose is idempotent and all later controller methods become no-op stable results (1.909682ms)
✔ dispose releases an initialized candidate even while its init promise is pending (8.15352ms)
✔ stale candidate cleanup failures are surfaced, retained, and retried on final disposal (1.264661ms)
✔ failed replaced-candidate cleanup remains retryable after the new candidate is active (0.711552ms)
✔ final dispose retries only candidate and output resources whose cleanup failed (0.718252ms)
✔ final dispose retries a retained backend after terminal core Pipeline disposal fails (31.510566ms)
✔ state callbacks run outside guards and rejected callback promises never poison controller work (0.56165ms)
✔ every pipeline disposal clears pending async debounce timers before they can fire (70.551753ms)
✔ the active last-good candidate may finish delayed uploads during a pending edit (1.006308ms)
✔ delayed uploads from a stale unpromoted generation never enter the GL guard (0.689922ms)
✔ an output resize failure retains the complete last-good transaction (0.496788ms)
✔ concurrent compile and load paths share one lazy bootstrap (1.75106ms)
✔ failed lazy bootstrap is handled immediately and a later call retries (7.397858ms)
✔ temporary Standalone cleanup requests bounded recursive ENOTEMPTY retries (2.444122ms)
✔ temporary Standalone cleanup propagates a persistent failure after Node exhausts retries (0.674851ms)
✔ Standalone finally cleanup remains browser close then child stop then retried temp removal (5.208721ms)
✔ attests the resolved Cables Standalone 0.11.0 app identity (3.99314ms)
✔ rejects a missing Cables Standalone app.asar file (0.846256ms)
✔ rejects a missing app.asar integrity record (0.289896ms)
▶ rejects malformed app.asar integrity algorithms and hashes
  ✔ algorithm (0.408037ms)
  ✔ hash (0.338036ms)
✔ rejects malformed app.asar integrity algorithms and hashes (1.22148ms)
✔ rejects an app.asar whose independently computed hash mismatches the plist (0.434417ms)
✔ streams and hashes the exact framed ASAR JSON header bytes (3.944098ms)
▶ rejects malformed, truncated, or invalid ASAR header framing
  ✔ outer pickle (0.413087ms)
  ✔ inner pickle bounds (0.57092ms)
  ✔ truncated file (0.238094ms)
  ✔ truncated stream (0.701712ms)
  ✔ invalid JSON shape (0.779223ms)
✔ rejects malformed, truncated, or invalid ASAR header framing (3.45232ms)
✔ rejects a Cables Standalone version other than 0.11.0 (0.291515ms)
✔ rejects a missing Cables Standalone build version (0.244204ms)
✔ rejects a bundle executable that does not match the resolved executable (0.339605ms)
✔ rejects a non-Cables bundle identifier (0.287276ms)
✔ rejects a non-Cables bundle product name (0.261355ms)
✔ rejects an executable outside an app Contents/MacOS directory (0.236513ms)
✔ reads XML or binary app plists through plutil JSON conversion (0.329907ms)
✔ streams executable bytes into a canonical SHA-256 digest (0.729183ms)
✔ standalone smoke attests identity before temp creation or spawn and reports it (11.074882ms)
✔ npm archive is the exact self-contained Cables Standalone distribution (632.370208ms)
✔ documented media DSL compiles with the pinned full Polymorphic catalog (260.330531ms)
✔ waits for child exit after escalating from SIGTERM to SIGKILL (1.72082ms)
✔ sha256 returns canonical lowercase hexadecimal (1.770071ms)
✔ effect artifact paths cannot escape the cache root (0.716593ms)
✔ manifest duplicate detection runs before ordinary JSON parsing (0.53992ms)
✔ update writes deterministic metadata and bytes for the complete manifest (78.299286ms)
✔ update rejects a symlinked cache root without touching its target (12.180901ms)
✔ update rejects a symlinked cache descendant without touching its target (10.714816ms)
✔ verify rejects a symlinked cache root (23.545638ms)
✔ verify rejects a symlinked cache descendant (17.085896ms)
✔ verify rejects an artifact path that escapes the cache root (21.32435ms)
✔ verify rejects a modified byte even when the size is unchanged (20.091878ms)
✔ verify rejects a missing artifact file (25.601374ms)
✔ verify rejects duplicate manifest IDs even when the lock digest matches (38.470766ms)
✔ verify rejects a manifest effect with no locked bundle (26.320656ms)
✔ verify rejects a locked bundle absent from the manifest (47.765778ms)
✔ verify rejects a registration count that differs from the manifest (28.991233ms)
✔ checked-in lock pins the complete 210-effect catalog (265.073743ms)
ℹ tests 246
ℹ suites 0
ℹ pass 246
ℹ fail 0
ℹ cancelled 0
ℹ skipped 0
ℹ todo 0
ℹ duration_ms 9806.402836
