
> @noisefactor/noisemaker-for-cables@0.1.0 test
> node --test test/*.test.js

✔ FLOAT readback stays top-down Float32 without clamping negative or HDR channels (2.956399ms)
✔ FLOAT readback rejects non-finite channels (0.649656ms)
✔ sub-RGBA8 fractional differences invisible in RGBA8 fail native parity and exact copy (0.693117ms)
✔ negative differences invisible in RGBA8 fail native parity and exact copy (0.287006ms)
✔ HDR differences invisible in RGBA8 fail native parity and exact copy (0.356999ms)
✔ concatenation preserves native negative and HDR float channels (0.395789ms)
✔ exact readback comparison uses raw Float32 bits for signed zero and NaN payloads (0.360739ms)
✔ generated effect entry statically imports every locked effect exactly once in ID order (20.50209ms)
✔ engine facade loads the pinned catalog and compiles with the reference Polymorphic compiler (252.975191ms)
✔ pinned core exposes renderer sinks and bounded WebGL2 frame export (2.259564ms)
✔ pinned core supports device-qualified MIDI and audio automation (5.523379ms)
✔ pinned core preserves and evaluates nested automation sources (3.436331ms)
✔ browser bundle is self-contained while preserving caller-requested native fetch (331.896569ms)
✔ browser bundle compiles legacy noiseType with the pinned native warning (61.037068ms)
✔ pinned core and cables runtime compile chained variable alias syntax into valid render graph passes (66.126027ms)
✔ pinned core validates legacy MIDI channels as static integers 1 to 16 (8.931689ms)
✔ pinned core pipeline recreates global surfaces when format changes (2.98689ms)
✔ pinned core Pipeline preserves scoped texture dimensions across setUniform (1.384823ms)
✔ pinned core SinkManager supports shouldDeferRender backpressure lifecycle (0.740868ms)
✔ pinned core Pipeline delegates shouldDeferRender to its sinkManager (0.390679ms)
✔ real backend is a pinned WebGL2Backend subclass and present only records the ID (2.826216ms)
✔ presented texture info includes the reference texture and FBO without mutating it (1.042505ms)
✔ missing presentation and missing presented textures are categorized separately (0.793829ms)
✔ ownership is explicit and replacing owned records uses the superclass destroy path (0.805869ms)
✔ destroy is idempotent, releases owned/default textures once, and preserves CGL handles (0.892421ms)
✔ updateTextureFromSource detaches external/default records before any CPU upload (0.994353ms)
✔ updateTextureFromSource supports borrowed VideoFrame and validates dimensions (0.479202ms)
✔ _uploadMeshTexture detaches external/default records before any CPU upload (0.660425ms)
✔ uploadDataTexture detaches external/default records before any CPU upload (0.591343ms)
✔ uploadCubeFace detaches external/default records before uploading into an owned cubemap (1.041105ms)
✔ all reference allocation paths detach non-owning records and their adapter FBOs first (0.522772ms)
✔ backend destruction retries superclass failure without repeating successful adapter cleanup (0.655896ms)
✔ compileProgram preserves fragment compile errors and releases the compiled vertex shader (1.347761ms)
✔ compileProgram preserves link errors and releases both shaders and the failed program (0.593765ms)
✔ compileProgram keeps a successful reference-shaped program and releases only its shaders (0.597913ms)
✔ compileProgram releases every partial uniform-block buffer when later compilation fails (1.023254ms)
✔ compileProgram still releases uniform-block buffers when failed-program deletion also throws (0.663886ms)
✔ compileProgram merges inner uniform-buffer and outer program cleanup failures in order (0.476201ms)
✔ backend destroy releases successful uniform-block buffers exactly once (0.749717ms)
✔ backend destroy retries only uniform-block buffers whose deletion failed (0.503032ms)
✔ output copier keeps one RGBA16F nearest/clamp CGL texture per size (1.099875ms)
✔ output resize preserves the last-good texture and retries failed retirement without leaks (0.456341ms)
✔ output resize retains a failed replacement cleanup for a later successful resize retry (0.444761ms)
✔ output copier blits exact matching RGBA16F texels between private FBOs (0.734227ms)
✔ output copier categorizes a null destination FBO without binding the default framebuffer (0.413261ms)
✔ output copier rejects an incomplete destination before blit or fallback drawing (0.622374ms)
✔ output copier uses texelFetch fallback when the exact-copy read FBO is incomplete (0.254586ms)
✔ output copier falls back when native blit throws or reports a GL error (0.595624ms)
✔ output copier propagates fallback failure instead of reporting stale success (0.268066ms)
✔ output copier categorizes a native GL error after fallback drawing (0.335838ms)
✔ output copier rejects scaling and falls back to integer texelFetch (0.551153ms)
✔ default output fallback compiles the dedicated texelFetch program and disposes it once (1.433623ms)
✔ default output fallback cleans a compiled vertex shader when fragment compilation fails (0.346869ms)
✔ output copier disposal retries only failed resources and rejects work after disposal starts (0.675406ms)
✔ production fallback disposal retries a failed program delete without repeating successes (0.526042ms)
▶ complete-catalog capability failures are structured, frozen, and preserve issue messages
  ✔ webgl2 (2.769996ms)
  ✔ colorBufferFloat (1.627109ms)
  ✔ floatLinear (0.226215ms)
  ✔ floatBlend (0.281216ms)
  ✔ maxTextureSize (0.536562ms)
  ✔ maxDrawBuffers (0.292928ms)
  ✔ maxTextureUnits (0.259686ms)
  ✔ maxUniformBlockSize (0.213425ms)
  ✔ maxUniformBufferBindings (0.371309ms)
  ✔ cglCacheCompatible (0.751808ms)
✔ complete-catalog capability failures are structured, frozen, and preserve issue messages (11.10908ms)
✔ the exact documented complete-catalog boundary is supported with the public shape intact (0.325877ms)
✔ every locked effect has an explicit valid Polymorphic catalog program (434.667214ms)
✔ qualified scope covers the full catalog with only the compile-only exclusion (7.277492ms)
✔ the committed kit declaration matches the qualified scope exactly (3.472482ms)
✔ pre-delivery rejection: mode "all" is rejected (1.31832ms)
✔ pre-delivery rejection: an unqualified id in the declaration is rejected (2.075699ms)
✔ pre-delivery rejection: an omitted qualified id is rejected (1.885244ms)
✔ pre-delivery rejection: a renamed qualified id fails (identity control) (1.628378ms)
✔ pre-delivery rejection: duplicate ids are rejected (1.889714ms)
✔ the gate CLI accepts the committed declaration (62.931573ms)
✔ concurrent whole-catalog registration calls share one batch promise (1.954396ms)
✔ failed mid-batch registration retries with persistent choices and no repeated successful aliases (6.43781ms)
✔ bootCore registers standard enums and starter ops once per core instance (2.207182ms)
✔ registerEffectInstance registers aliases, op metadata, starters, enums, and aliases once (3.642006ms)
✔ registerEffectInstance instantiates class exports and attaches static shaders (0.358478ms)
✔ finalizeEnums merges accumulated choices once per core and choice object (0.328468ms)
✔ findExternalTextureIds detects every unique graph input ending in _step_N (1.951456ms)
✔ one CGL texture binds its .tex handle and dimensions to every external input (0.702437ms)
✔ disconnect binds transparent default records without deleting the prior host texture (0.336829ms)
✔ rebinding after graph texture recreation replaces every detected record again (0.36122ms)
✔ captureGLState and restoreGLState preserve complete shared WebGL2 state (9.38252ms)
✔ prepareNoisemakerGLState establishes a canonical guest baseline inside an exact host guard (3.555013ms)
✔ captureGLState feature-detects optional texture targets (1.269971ms)
✔ withGLState preserves a synchronous return value and invalidates pinned CGL caches last (1.994887ms)
✔ withGLState restores after synchronous throws (1.565446ms)
✔ withGLState preserves a synchronous callback failure and collects every cleanup failure (4.104546ms)
✔ withGLState reports all cleanup failures after successful sync and async callbacks (1.74045ms)
✔ withGLState preserves asynchronous values and restores on fulfillment or rejection (3.066102ms)
✔ withGLState preserves an asynchronous rejection as primary when cleanup also fails (1.130726ms)
✔ withGLState ends active guest transform feedback before restoring host state (1.262039ms)
✔ withGLState fails closed before the callback when host transform feedback is active (0.590384ms)
✔ withGLState fails closed for unknown CGL cache shapes despite predicate or custom hooks (0.580093ms)
✔ installer forwards the selected capability inspector by identity (4.887795ms)
✔ installer creates the exact native port contract and one visible initial configuration (2.004147ms)
✔ synchronous compile-affecting changes coalesce and non-compile ports wire directly (1.100426ms)
✔ each configuration snapshots the current linked texture before compiling (1.207858ms)
✔ configuration observes input rejection before invoking fallible configure (1.026544ms)
✔ delete prevents configure after a pending input snapshot resolves (0.552233ms)
✔ controller state publishes Texture, Ready, Error, and matching UI errors (0.37512ms)
✔ structured compiler diagnostics from the controller state reach the Error port and UI error (0.514521ms)
✔ Render remains synchronous, handles its promise, publishes before Next, and never throws (2.592001ms)
✔ Canvas Render transactionally resizes once before render and Next while Manual ignores host changes (1.29882ms)
✔ overlapping Canvas resize renders are latest-wins when the obsolete resize settles first (1.125136ms)
✔ a current Canvas resize rejection is terminal without retry, render, Next, or unhandled rejection (14.023588ms)
✔ a handled Canvas resize nonpromotion is terminal without retry, render, or Next (1.090676ms)
▶ disposal during a pending Canvas resize cannot request, render, Next, or leak rejection
  ✔ resolve (2.695783ms)
  ✔ reject (2.276144ms)
✔ disposal during a pending Canvas resize cannot request, render, Next, or leak rejection (6.308697ms)
✔ context lifecycle listeners and onDelete forward safely and clean up exactly once (0.536903ms)
✔ pending render, configure, context, and state continuations become inert after onDelete (0.669296ms)
✔ native wrapper, namespace metadata, op metadata, and docs are distribution-complete (7.590857ms)
✔ private package metadata describes the portable Cables distribution (11.398207ms)
✔ published files are limited to package assets and lock metadata (3.701207ms)
✔ package scripts expose the complete development workflow (2.069738ms)
✔ source facade exposes only the planned bridge APIs (6.749908ms)
✔ README identifies Noisemaker for Cables, its package, and its single-op scope (4.322862ms)
✔ reproducible vendor source is tracked while generated and local-only data is ignored (2.255692ms)
✔ catalog documentation defines the versioned vendor-cache and update-only mutable alias (3.065502ms)
✔ agent process artifact directories are absent and ignored from initial staging (2.300315ms)
✔ legacy noiseType parameter compiles with the pinned reference diagnostic (621.078077ms)
✔ canonical parameters win over legacy aliases while retaining the native warning (143.16087ms)
✔ legacy aliases do not leak into a same-named effect in another namespace (142.055005ms)
✔ every pinned legacy parameter alias matches the independently registered reference (338.315628ms)
✔ every pinned deprecated effect emits the reference deprecation diagnostic (185.678977ms)
✔ full Polymorphic corpus matches the separately instantiated pinned compiler (173.958132ms)
✔ public compiler rejects output surfaces outside o0-o7 in every DSL position (2.018908ms)
✔ mutation introspection excludes builtin pipeline steps (128.560318ms)
✔ diagnostic locations preserve source columns (133.535486ms)
✔ structured DSL lexer diagnostics attach diagnostic metadata to thrown SyntaxError (142.790073ms)
✔ structured DSL parser expectation diagnostics attach diagnostic metadata to thrown SyntaxError (133.461354ms)
✔ parser expectation diagnostics represent unavailable caller-token coordinates explicitly (135.270406ms)
✔ renderLandscape3d filtering modes match the vendored reference compiler and select expected defines (122.139118ms)
✔ structured DSL automation diagnostics attach diagnostic metadata to thrown SyntaxError (143.434817ms)
✔ parser automation diagnostics preserve unavailable caller-token coordinates (143.757605ms)
✔ valid automation invocations retain AST defaults and keys (109.990223ms)
✔ structured DSL search directive diagnostics attach diagnostic metadata to thrown SyntaxError (139.27926ms)
✔ parser search diagnostics preserve unavailable caller-token coordinates (119.604929ms)
✔ valid search directives retain namespace order, keyword namespaces, and compiled indexes (126.720625ms)
✔ structured DSL output validation diagnostics attach diagnostic metadata to thrown SyntaxError (121.067754ms)
✔ parser output diagnostics preserve unavailable caller-token coordinates (115.903472ms)
✔ structured DSL subchain validation diagnostics attach diagnostic metadata to thrown SyntaxError (128.412895ms)
✔ parser subchain diagnostics preserve unavailable caller-token coordinates (119.067647ms)
✔ valid subchains preserve permissive arguments, defaults, body and compiled indexes (116.065807ms)
✔ subchain syntax preserves shared expectation diagnostic precedence (162.478703ms)
✔ structured DSL call form diagnostics attach diagnostic metadata to thrown SyntaxError (133.100666ms)
✔ parser call form diagnostics preserve unavailable caller-token coordinates (126.46168ms)
✔ structured DSL remaining expectation diagnostics attach diagnostic metadata to thrown SyntaxError (121.121955ms)
✔ parser remaining expectation diagnostics preserve unavailable caller-token coordinates (116.453255ms)
✔ number coercion diagnostics represent unavailable locations explicitly and preserve available locations (115.094154ms)
✔ valid call forms retain from override namespaces and mixed automation arguments (117.262595ms)
✔ GAP-027: subchain argument validation contract exposes P008, P009, P010 diagnostics in permissive mode (113.043726ms)
✔ upstream texture-policy fields (mipmaps/persistent/3D filter) propagate from effect definitions into compiled texture specs (120.189963ms)
✔ GAP-027: strict opt-in mode rejects subchain argument violations with SyntaxError (118.469033ms)
✔ parser diagnostic source coordinates survive scanner drift (115.200676ms)
✔ caller tokens lacking position attributes preserve null spans in subchain reporting (116.651241ms)
✔ initial configure preserves DSL bytes and separates CPU compilation from short guarded GPU phases (7.171569ms)
✔ only the newest asynchronous generation promotes and stale initialized candidates dispose guarded (9.465092ms)
✔ a backend returned after generation supersession is destroyed guarded (1.143967ms)
✔ a backend returned after controller disposal is destroyed and remains retryable (1.789042ms)
✔ a backend rejected by Pipeline construction is destroyed guarded (0.720087ms)
✔ a failed edit retains the last-good pipeline and stable output texture (0.758747ms)
✔ compiler diagnostics reach the visible error and stay attached without dropping the last-good pipeline (0.966891ms)
✔ lexer and parser diagnostic metadata renders code and location when message exists (0.502931ms)
✔ promotion assigns the new candidate before old disposal and keeps same-size output identity (1.029424ms)
✔ configure coalesces DSL and size into one generation and clamps manual/canvas dimensions (1.863553ms)
✔ render jobs serialize normalized times, clear stale presentation, and publish after copying (1.119517ms)
✔ media replacement and disconnect rebind without deleting any host texture (0.611144ms)
✔ reset rebuilds stateful resources without replacing a same-size output object (0.81146ms)
✔ context loss performs no GL work and restoration rebuilds last-good DSL before an invalid desired edit (1.795952ms)
✔ external input states persist across active, in-flight, and restored pipelines (7.062815ms)
✔ restoration rebuilds last-good state and then replays the newest DSL edited while context-lost (0.87222ms)
✔ render failure preserves the last successful output and rebuilds before accepting another frame (0.590183ms)
✔ render recovery waits for a newer pending desired edit instead of staling it (1.643139ms)
✔ delayed async effect texture uploads re-enter the FIFO guard for the current context epoch (1.168947ms)
✔ a backend that performs GPU work after returning its promise is detected as an initialization error (1.299131ms)
▶ every shared complete-catalog failure stops before backend creation, init, or shader compile
  ✔ webgl2 (0.497623ms)
  ✔ colorBufferFloat (0.192475ms)
  ✔ floatLinear (0.175104ms)
  ✔ floatBlend (0.186265ms)
  ✔ maxTextureSize (0.266967ms)
  ✔ maxDrawBuffers (0.175374ms)
  ✔ maxTextureUnits (0.214574ms)
  ✔ maxUniformBlockSize (0.193276ms)
  ✔ maxUniformBufferBindings (0.186354ms)
  ✔ cglCacheCompatible (0.359098ms)
✔ every shared complete-catalog failure stops before backend creation, init, or shader compile (3.739587ms)
✔ shared capability preflight reruns after context restoration before touching a new backend (0.667746ms)
✔ graph uniform-block overflow uses the shared public capability identity before shader execution (0.894721ms)
▶ all graph-specific defenses retain shared public capability identities
  ✔ maxDrawBuffers (0.509311ms)
  ✔ maxTextureUnits (0.352919ms)
  ✔ floatBlend (0.333839ms)
  ✔ maxUniformBufferBindings (0.261025ms)
✔ all graph-specific defenses retain shared public capability identities (3.82675ms)
✔ dispose is idempotent and all later controller methods become no-op stable results (0.630105ms)
✔ dispose releases an initialized candidate even while its init promise is pending (5.940849ms)
✔ stale candidate cleanup failures are surfaced, retained, and retried on final disposal (2.201522ms)
✔ failed replaced-candidate cleanup remains retryable after the new candidate is active (0.658856ms)
✔ final dispose retries only candidate and output resources whose cleanup failed (0.483311ms)
✔ final dispose retries a retained backend after terminal core Pipeline disposal fails (24.836731ms)
✔ state callbacks run outside guards and rejected callback promises never poison controller work (0.679016ms)
✔ every pipeline disposal clears pending async debounce timers before they can fire (71.326219ms)
✔ the active last-good candidate may finish delayed uploads during a pending edit (1.346452ms)
✔ delayed uploads from a stale unpromoted generation never enter the GL guard (0.733556ms)
✔ an output resize failure retains the complete last-good transaction (0.799599ms)
✔ concurrent compile and load paths share one lazy bootstrap (2.15321ms)
✔ failed lazy bootstrap is handled immediately and a later call retries (8.076529ms)
✔ temporary Standalone cleanup requests bounded recursive ENOTEMPTY retries (2.953769ms)
✔ temporary Standalone cleanup propagates a persistent failure after Node exhausts retries (0.964673ms)
✔ Standalone finally cleanup remains browser close then child stop then retried temp removal (7.939736ms)
✔ attests the resolved Cables Standalone 0.11.0 app identity (4.444335ms)
✔ rejects a missing Cables Standalone app.asar file (1.27987ms)
✔ rejects a missing app.asar integrity record (0.39762ms)
▶ rejects malformed app.asar integrity algorithms and hashes
  ✔ algorithm (0.40073ms)
  ✔ hash (0.350428ms)
✔ rejects malformed app.asar integrity algorithms and hashes (1.27823ms)
✔ rejects an app.asar whose independently computed hash mismatches the plist (0.416471ms)
✔ streams and hashes the exact framed ASAR JSON header bytes (4.933235ms)
▶ rejects malformed, truncated, or invalid ASAR header framing
  ✔ outer pickle (0.651745ms)
  ✔ inner pickle bounds (0.42006ms)
  ✔ truncated file (0.253817ms)
  ✔ truncated stream (0.758027ms)
  ✔ invalid JSON shape (1.162597ms)
✔ rejects malformed, truncated, or invalid ASAR header framing (3.999623ms)
✔ rejects a Cables Standalone version other than 0.11.0 (0.289486ms)
✔ rejects a missing Cables Standalone build version (0.288078ms)
✔ rejects a bundle executable that does not match the resolved executable (0.395069ms)
✔ rejects a non-Cables bundle identifier (0.304397ms)
✔ rejects a non-Cables bundle product name (0.413799ms)
✔ rejects a Linux bundle whose desktop entry is missing (12.556784ms)
✔ rejects a Linux bundle whose desktop entry omits the AppImage version (0.556832ms)
✔ rejects a Linux bundle with an unsupported AppImage version (0.489682ms)
✔ rejects a Linux bundle whose desktop entry name is not Cables (0.251696ms)
✔ attests the resolved Linux AppImage bundle identity without an embedded asar expectation (0.482242ms)
✔ attests the Linux AppImage happy path through inspectCablesStandalone (0.45248ms)
✔ rejects a Linux app.asar whose header hash is malformed (0.278176ms)
✔ rejects a Linux app.asar with invalid header framing (0.325138ms)
✔ rejects a Windows executable instead of misreading it as a Linux AppImage (0.185094ms)
✔ reads XML or binary app plists through plutil JSON conversion (0.308477ms)
✔ streams executable bytes into a canonical SHA-256 digest (0.814249ms)
✔ standalone smoke attests identity before temp creation or spawn and reports it (5.270103ms)
✔ npm archive is the exact self-contained Cables Standalone distribution (750.20218ms)
✔ documented media DSL compiles with the pinned full Polymorphic catalog (249.918639ms)
✔ waits for child exit after escalating from SIGTERM to SIGKILL (2.198551ms)
✔ sha256 returns canonical lowercase hexadecimal (2.081208ms)
✔ effect artifact paths cannot escape the cache root (0.771108ms)
✔ manifest duplicate detection runs before ordinary JSON parsing (0.552384ms)
✔ update writes deterministic metadata and bytes for the complete manifest (106.498463ms)
✔ update rejects a symlinked cache root without touching its target (17.825087ms)
✔ update rejects a symlinked cache descendant without touching its target (22.19286ms)
✔ verify rejects a symlinked cache root (29.090091ms)
✔ verify rejects a symlinked cache descendant (28.640691ms)
✔ verify rejects an artifact path that escapes the cache root (25.053637ms)
✔ verify rejects a modified byte even when the size is unchanged (23.515921ms)
✔ verify rejects a missing artifact file (27.060283ms)
✔ verify rejects duplicate manifest IDs even when the lock digest matches (52.52982ms)
✔ verify rejects a manifest effect with no locked bundle (28.63507ms)
✔ verify rejects a locked bundle absent from the manifest (42.464745ms)
✔ verify rejects a registration count that differs from the manifest (27.252498ms)
✔ checked-in lock pins the complete 210-effect catalog (414.38405ms)
ℹ tests 265
ℹ suites 0
ℹ pass 265
ℹ fail 0
ℹ cancelled 0
ℹ skipped 0
ℹ todo 0
ℹ duration_ms 10752.085305
