npm test

> @noisefactor/noisemaker-for-cables@0.1.0 test
> node --test test/*.test.js

✔ FLOAT readback stays top-down Float32 without clamping negative or HDR channels (2.569884ms)
✔ FLOAT readback rejects non-finite channels (0.58116ms)
✔ sub-RGBA8 fractional differences invisible in RGBA8 fail native parity and exact copy (0.494238ms)
✔ negative differences invisible in RGBA8 fail native parity and exact copy (0.203813ms)
✔ HDR differences invisible in RGBA8 fail native parity and exact copy (0.224474ms)
✔ concatenation preserves native negative and HDR float channels (0.274814ms)
✔ exact readback comparison uses raw Float32 bits for signed zero and NaN payloads (0.227844ms)
✔ generated effect entry statically imports every locked effect exactly once in ID order (20.393342ms)
✔ engine facade loads the pinned catalog and compiles with the reference Polymorphic compiler (223.795788ms)
✔ pinned core exposes renderer sinks and bounded WebGL2 frame export (2.299608ms)
✔ pinned core supports device-qualified MIDI and audio automation (5.161226ms)
✔ pinned core preserves and evaluates nested automation sources (2.713225ms)
✔ browser bundle is self-contained while preserving caller-requested native fetch (300.81807ms)
✔ browser bundle compiles legacy noiseType with the pinned native warning (57.19069ms)
✔ pinned core and cables runtime compile chained variable alias syntax into valid render graph passes (67.209168ms)
✔ pinned core validates legacy MIDI channels as static integers 1 to 16 (9.172984ms)
✔ pinned core pipeline recreates global surfaces when format changes (2.745036ms)
✔ pinned core Pipeline preserves scoped texture dimensions across setUniform (1.068239ms)
✔ pinned core SinkManager supports shouldDeferRender backpressure lifecycle (0.497459ms)
✔ pinned core Pipeline delegates shouldDeferRender to its sinkManager (0.338626ms)
✔ real backend is a pinned WebGL2Backend subclass and present only records the ID (3.690682ms)
✔ presented texture info includes the reference texture and FBO without mutating it (0.905915ms)
✔ missing presentation and missing presented textures are categorized separately (0.807053ms)
✔ ownership is explicit and replacing owned records uses the superclass destroy path (0.764223ms)
✔ destroy is idempotent, releases owned/default textures once, and preserves CGL handles (0.61899ms)
✔ updateTextureFromSource detaches external/default records before any CPU upload (0.966616ms)
✔ updateTextureFromSource supports borrowed VideoFrame and validates dimensions (0.469418ms)
✔ _uploadMeshTexture detaches external/default records before any CPU upload (0.528269ms)
✔ uploadDataTexture detaches external/default records before any CPU upload (0.569089ms)
✔ uploadCubeFace detaches external/default records before uploading into an owned cubemap (1.284462ms)
✔ all reference allocation paths detach non-owning records and their adapter FBOs first (0.524949ms)
✔ backend destruction retries superclass failure without repeating successful adapter cleanup (0.59508ms)
✔ compileProgram preserves fragment compile errors and releases the compiled vertex shader (1.000387ms)
✔ compileProgram preserves link errors and releases both shaders and the failed program (0.507909ms)
✔ compileProgram keeps a successful reference-shaped program and releases only its shaders (0.856335ms)
✔ compileProgram releases every partial uniform-block buffer when later compilation fails (1.078228ms)
✔ compileProgram still releases uniform-block buffers when failed-program deletion also throws (0.575941ms)
✔ compileProgram merges inner uniform-buffer and outer program cleanup failures in order (0.448357ms)
✔ backend destroy releases successful uniform-block buffers exactly once (0.505118ms)
✔ backend destroy retries only uniform-block buffers whose deletion failed (4.660478ms)
✔ output copier keeps one RGBA16F nearest/clamp CGL texture per size (0.625541ms)
✔ output resize preserves the last-good texture and retries failed retirement without leaks (0.285845ms)
✔ output resize retains a failed replacement cleanup for a later successful resize retry (1.050997ms)
✔ output copier blits exact matching RGBA16F texels between private FBOs (0.51033ms)
✔ output copier categorizes a null destination FBO without binding the default framebuffer (0.315494ms)
✔ output copier rejects an incomplete destination before blit or fallback drawing (0.322515ms)
✔ output copier uses texelFetch fallback when the exact-copy read FBO is incomplete (0.216923ms)
✔ output copier falls back when native blit throws or reports a GL error (0.331955ms)
✔ output copier propagates fallback failure instead of reporting stale success (0.59929ms)
✔ output copier categorizes a native GL error after fallback drawing (0.208183ms)
✔ output copier rejects scaling and falls back to integer texelFetch (0.559638ms)
✔ default output fallback compiles the dedicated texelFetch program and disposes it once (1.484265ms)
✔ default output fallback cleans a compiled vertex shader when fragment compilation fails (0.357054ms)
✔ output copier disposal retries only failed resources and rejects work after disposal starts (0.62824ms)
✔ production fallback disposal retries a failed program delete without repeating successes (0.530419ms)
▶ complete-catalog capability failures are structured, frozen, and preserve issue messages
  ✔ webgl2 (2.508893ms)
  ✔ colorBufferFloat (1.943352ms)
  ✔ floatLinear (0.305595ms)
  ✔ floatBlend (0.311915ms)
  ✔ maxTextureSize (0.299435ms)
  ✔ maxDrawBuffers (0.968945ms)
  ✔ maxTextureUnits (0.222633ms)
  ✔ maxUniformBlockSize (0.200344ms)
  ✔ maxUniformBufferBindings (0.305965ms)
  ✔ cglCacheCompatible (0.65552ms)
✔ complete-catalog capability failures are structured, frozen, and preserve issue messages (10.853913ms)
✔ the exact documented complete-catalog boundary is supported with the public shape intact (0.272014ms)
✔ every locked effect has an explicit valid Polymorphic catalog program (397.571844ms)
✔ concurrent whole-catalog registration calls share one batch promise (1.551707ms)
✔ failed mid-batch registration retries with persistent choices and no repeated successful aliases (2.842117ms)
✔ bootCore registers standard enums and starter ops once per core instance (2.231047ms)
✔ registerEffectInstance registers aliases, op metadata, starters, enums, and aliases once (4.025847ms)
✔ registerEffectInstance instantiates class exports and attaches static shaders (0.432847ms)
✔ finalizeEnums merges accumulated choices once per core and choice object (0.355016ms)
✔ findExternalTextureIds detects every unique graph input ending in _step_N (1.687918ms)
✔ one CGL texture binds its .tex handle and dimensions to every external input (0.58079ms)
✔ disconnect binds transparent default records without deleting the prior host texture (0.312426ms)
✔ rebinding after graph texture recreation replaces every detected record again (0.349214ms)
✔ captureGLState and restoreGLState preserve complete shared WebGL2 state (5.445541ms)
✔ prepareNoisemakerGLState establishes a canonical guest baseline inside an exact host guard (3.025591ms)
✔ captureGLState feature-detects optional texture targets (0.809864ms)
✔ withGLState preserves a synchronous return value and invalidates pinned CGL caches last (0.954776ms)
✔ withGLState restores after synchronous throws (1.228181ms)
✔ withGLState preserves a synchronous callback failure and collects every cleanup failure (0.920475ms)
✔ withGLState reports all cleanup failures after successful sync and async callbacks (1.542455ms)
✔ withGLState preserves asynchronous values and restores on fulfillment or rejection (1.946973ms)
✔ withGLState preserves an asynchronous rejection as primary when cleanup also fails (0.723472ms)
✔ withGLState ends active guest transform feedback before restoring host state (4.164879ms)
✔ withGLState fails closed before the callback when host transform feedback is active (0.446747ms)
✔ withGLState fails closed for unknown CGL cache shapes despite predicate or custom hooks (0.475477ms)
✔ installer forwards the selected capability inspector by identity (2.630295ms)
✔ installer creates the exact native port contract and one visible initial configuration (1.874703ms)
✔ synchronous compile-affecting changes coalesce and non-compile ports wire directly (0.770282ms)
✔ each configuration snapshots the current linked texture before compiling (0.520939ms)
✔ configuration observes input rejection before invoking fallible configure (0.61403ms)
✔ delete prevents configure after a pending input snapshot resolves (0.404816ms)
✔ controller state publishes Texture, Ready, Error, and matching UI errors (0.340605ms)
✔ Render remains synchronous, handles its promise, publishes before Next, and never throws (1.19834ms)
✔ Canvas Render transactionally resizes once before render and Next while Manual ignores host changes (1.137168ms)
✔ overlapping Canvas resize renders are latest-wins when the obsolete resize settles first (1.009117ms)
✔ a current Canvas resize rejection is terminal without retry, render, Next, or unhandled rejection (6.954307ms)
✔ a handled Canvas resize nonpromotion is terminal without retry, render, or Next (0.520849ms)
▶ disposal during a pending Canvas resize cannot request, render, Next, or leak rejection
  ✔ resolve (1.402203ms)
  ✔ reject (0.768763ms)
✔ disposal during a pending Canvas resize cannot request, render, Next, or leak rejection (2.848067ms)
✔ context lifecycle listeners and onDelete forward safely and clean up exactly once (0.508609ms)
✔ pending render, configure, context, and state continuations become inert after onDelete (0.51402ms)
✔ native wrapper, namespace metadata, op metadata, and docs are distribution-complete (5.009674ms)
✔ private package metadata describes the portable Cables distribution (7.218652ms)
✔ published files are limited to package assets and lock metadata (1.852943ms)
✔ package scripts expose the complete development workflow (1.446823ms)
✔ source facade exposes only the planned bridge APIs (2.587443ms)
✔ README identifies Noisemaker for Cables, its package, and its single-op scope (0.801864ms)
✔ reproducible vendor source is tracked while generated and local-only data is ignored (1.309732ms)
✔ catalog documentation defines the versioned vendor-cache and update-only mutable alias (1.409615ms)
✔ agent process artifact directories are absent and ignored from initial staging (1.314082ms)
✔ legacy noiseType parameter compiles with the pinned reference diagnostic (515.139929ms)
✔ canonical parameters win over legacy aliases while retaining the native warning (135.869192ms)
✔ legacy aliases do not leak into a same-named effect in another namespace (130.861188ms)
✔ every pinned legacy parameter alias matches the independently registered reference (274.678032ms)
✔ every pinned deprecated effect emits the reference deprecation diagnostic (182.211329ms)
✔ full Polymorphic corpus matches the separately instantiated pinned compiler (165.491559ms)
✔ public compiler rejects output surfaces outside o0-o7 in every DSL position (1.493945ms)
✔ mutation introspection excludes builtin pipeline steps (127.671493ms)
✔ diagnostic locations preserve source columns (133.219117ms)
✔ structured DSL lexer diagnostics attach diagnostic metadata to thrown SyntaxError (137.246535ms)
✔ structured DSL parser expectation diagnostics attach diagnostic metadata to thrown SyntaxError (134.54009ms)
✔ parser expectation diagnostics represent unavailable caller-token coordinates explicitly (125.031181ms)
✔ renderLandscape3d filtering modes match the vendored reference compiler and select expected defines (134.367846ms)
✔ structured DSL automation diagnostics attach diagnostic metadata to thrown SyntaxError (134.649572ms)
✔ parser automation diagnostics preserve unavailable caller-token coordinates (126.610606ms)
✔ valid automation invocations retain AST defaults and keys (119.264472ms)
✔ structured DSL search directive diagnostics attach diagnostic metadata to thrown SyntaxError (121.227796ms)
✔ parser search diagnostics preserve unavailable caller-token coordinates (120.744217ms)
✔ valid search directives retain namespace order, keyword namespaces, and compiled indexes (124.478991ms)
✔ structured DSL output validation diagnostics attach diagnostic metadata to thrown SyntaxError (119.474736ms)
✔ parser output diagnostics preserve unavailable caller-token coordinates (121.624221ms)
✔ structured DSL subchain validation diagnostics attach diagnostic metadata to thrown SyntaxError (149.545231ms)
✔ parser subchain diagnostics preserve unavailable caller-token coordinates (122.634868ms)
✔ valid subchains preserve permissive arguments, defaults, body and compiled indexes (125.859174ms)
✔ subchain syntax preserves shared expectation diagnostic precedence (122.326414ms)
✔ structured DSL call form diagnostics attach diagnostic metadata to thrown SyntaxError (124.43597ms)
✔ parser call form diagnostics preserve unavailable caller-token coordinates (127.672934ms)
✔ structured DSL remaining expectation diagnostics attach diagnostic metadata to thrown SyntaxError (124.000271ms)
✔ parser remaining expectation diagnostics preserve unavailable caller-token coordinates (127.488092ms)
✔ number coercion diagnostics represent unavailable locations explicitly and preserve available locations (124.290837ms)
✔ valid call forms retain from override namespaces and mixed automation arguments (125.358586ms)
✔ GAP-027: subchain argument validation contract exposes P008, P009, P010 diagnostics in permissive mode (130.196967ms)
✔ GAP-027: strict opt-in mode rejects subchain argument violations with SyntaxError (126.476974ms)
✔ parser diagnostic source coordinates survive scanner drift (128.762493ms)
✔ caller tokens lacking position attributes preserve null spans in subchain reporting (126.000246ms)
✔ initial configure preserves DSL bytes and separates CPU compilation from short guarded GPU phases (13.890014ms)
✔ only the newest asynchronous generation promotes and stale initialized candidates dispose guarded (9.389829ms)
✔ a backend returned after generation supersession is destroyed guarded (1.801502ms)
✔ a backend returned after controller disposal is destroyed and remains retryable (1.998585ms)
✔ a backend rejected by Pipeline construction is destroyed guarded (0.848854ms)
✔ a failed edit retains the last-good pipeline and stable output texture (0.737022ms)
✔ promotion assigns the new candidate before old disposal and keeps same-size output identity (1.094318ms)
✔ configure coalesces DSL and size into one generation and clamps manual/canvas dimensions (0.959826ms)
✔ render jobs serialize normalized times, clear stale presentation, and publish after copying (1.544827ms)
✔ media replacement and disconnect rebind without deleting any host texture (0.886574ms)
✔ reset rebuilds stateful resources without replacing a same-size output object (0.747732ms)
✔ context loss performs no GL work and restoration rebuilds last-good DSL before an invalid desired edit (0.943266ms)
✔ external input states persist across active, in-flight, and restored pipelines (7.557497ms)
✔ restoration rebuilds last-good state and then replays the newest DSL edited while context-lost (0.805382ms)
✔ render failure preserves the last successful output and rebuilds before accepting another frame (0.463068ms)
✔ render recovery waits for a newer pending desired edit instead of staling it (2.483871ms)
✔ delayed async effect texture uploads re-enter the FIFO guard for the current context epoch (1.13375ms)
✔ a backend that performs GPU work after returning its promise is detected as an initialization error (0.956636ms)
▶ every shared complete-catalog failure stops before backend creation, init, or shader compile
  ✔ webgl2 (0.446558ms)
  ✔ colorBufferFloat (0.186654ms)
  ✔ floatLinear (0.212503ms)
  ✔ floatBlend (0.144143ms)
  ✔ maxTextureSize (0.184483ms)
  ✔ maxDrawBuffers (0.144432ms)
  ✔ maxTextureUnits (0.161333ms)
  ✔ maxUniformBlockSize (0.138382ms)
  ✔ maxUniformBufferBindings (0.181372ms)
  ✔ cglCacheCompatible (0.289874ms)
✔ every shared complete-catalog failure stops before backend creation, init, or shader compile (3.266984ms)
✔ shared capability preflight reruns after context restoration before touching a new backend (0.516198ms)
✔ graph uniform-block overflow uses the shared public capability identity before shader execution (0.55864ms)
▶ all graph-specific defenses retain shared public capability identities
  ✔ maxDrawBuffers (0.413357ms)
  ✔ maxTextureUnits (0.404158ms)
  ✔ floatBlend (0.252033ms)
  ✔ maxUniformBufferBindings (0.409637ms)
✔ all graph-specific defenses retain shared public capability identities (3.045611ms)
✔ dispose is idempotent and all later controller methods become no-op stable results (0.390926ms)
✔ dispose releases an initialized candidate even while its init promise is pending (9.706032ms)
✔ stale candidate cleanup failures are surfaced, retained, and retried on final disposal (1.851671ms)
✔ failed replaced-candidate cleanup remains retryable after the new candidate is active (0.540898ms)
✔ final dispose retries only candidate and output resources whose cleanup failed (0.462189ms)
✔ final dispose retries a retained backend after terminal core Pipeline disposal fails (21.774425ms)
✔ state callbacks run outside guards and rejected callback promises never poison controller work (0.374206ms)
✔ every pipeline disposal clears pending async debounce timers before they can fire (70.604597ms)
✔ the active last-good candidate may finish delayed uploads during a pending edit (0.995488ms)
✔ delayed uploads from a stale unpromoted generation never enter the GL guard (0.714622ms)
✔ an output resize failure retains the complete last-good transaction (0.533338ms)
✔ concurrent compile and load paths share one lazy bootstrap (1.753669ms)
✔ failed lazy bootstrap is handled immediately and a later call retries (7.933523ms)
✔ temporary Standalone cleanup requests bounded recursive ENOTEMPTY retries (2.340308ms)
✔ temporary Standalone cleanup propagates a persistent failure after Node exhausts retries (0.702901ms)
✔ Standalone finally cleanup remains browser close then child stop then retried temp removal (6.380728ms)
✔ attests the resolved Cables Standalone 0.11.0 app identity (4.257321ms)
✔ rejects a missing Cables Standalone app.asar file (0.831793ms)
✔ rejects a missing app.asar integrity record (0.313456ms)
▶ rejects malformed app.asar integrity algorithms and hashes
  ✔ algorithm (0.478239ms)
  ✔ hash (0.340925ms)
✔ rejects malformed app.asar integrity algorithms and hashes (1.294991ms)
✔ rejects an app.asar whose independently computed hash mismatches the plist (0.415827ms)
✔ streams and hashes the exact framed ASAR JSON header bytes (4.368074ms)
▶ rejects malformed, truncated, or invalid ASAR header framing
  ✔ outer pickle (0.508398ms)
  ✔ inner pickle bounds (0.560059ms)
  ✔ truncated file (0.262693ms)
  ✔ truncated stream (0.875315ms)
  ✔ invalid JSON shape (0.965877ms)
✔ rejects malformed, truncated, or invalid ASAR header framing (3.861765ms)
✔ rejects a Cables Standalone version other than 0.11.0 (0.303325ms)
✔ rejects a missing Cables Standalone build version (0.219774ms)
✔ rejects a bundle executable that does not match the resolved executable (0.286715ms)
✔ rejects a non-Cables bundle identifier (0.292284ms)
✔ rejects a non-Cables bundle product name (0.275895ms)
✔ rejects an executable outside an app Contents/MacOS directory (0.233344ms)
✔ reads XML or binary app plists through plutil JSON conversion (0.332826ms)
✔ streams executable bytes into a canonical SHA-256 digest (0.789463ms)
✔ standalone smoke attests identity before temp creation or spawn and reports it (17.576806ms)
✔ npm archive is the exact self-contained Cables Standalone distribution (669.28986ms)
✔ documented media DSL compiles with the pinned full Polymorphic catalog (204.722809ms)
✔ waits for child exit after escalating from SIGTERM to SIGKILL (1.7365ms)
✔ sha256 returns canonical lowercase hexadecimal (2.692526ms)
✔ effect artifact paths cannot escape the cache root (0.979616ms)
✔ manifest duplicate detection runs before ordinary JSON parsing (0.601401ms)
✔ update writes deterministic metadata and bytes for the complete manifest (101.848761ms)
✔ update rejects a symlinked cache root without touching its target (14.452754ms)
✔ update rejects a symlinked cache descendant without touching its target (11.735727ms)
✔ verify rejects a symlinked cache root (21.125606ms)
✔ verify rejects a symlinked cache descendant (17.30124ms)
✔ verify rejects an artifact path that escapes the cache root (32.669809ms)
✔ verify rejects a modified byte even when the size is unchanged (20.907572ms)
✔ verify rejects a missing artifact file (23.945212ms)
✔ verify rejects duplicate manifest IDs even when the lock digest matches (26.439575ms)
✔ verify rejects a manifest effect with no locked bundle (21.811007ms)
✔ verify rejects a locked bundle absent from the manifest (36.37887ms)
✔ verify rejects a registration count that differs from the manifest (26.464724ms)
✔ checked-in lock pins the complete 210-effect catalog (281.617419ms)
ℹ tests 245
ℹ suites 0
ℹ pass 245
ℹ fail 0
ℹ cancelled 0
ℹ skipped 0
ℹ todo 0
ℹ duration_ms 9431.876676
npm notice
npm notice New major version of npm available! 11.17.0 -> 12.1.0
npm notice Changelog: https://github.com/npm/cli/releases/tag/v12.1.0
npm notice To update run: npm install -g npm@12.1.0
npm notice
exit=0
